01-01 18:16:10.972 I/hagodaemon(  279): 20180101 181610.971364 [INFO] [WmSoundService.cpp:408] [tid:748] [SoundService] nChannels [2], nBitPerSample [1], nSamplingRate [2822400]
01-01 18:16:10.972 I/hagodaemon(  279): 20180101 181610.972051 [INFO] [WmSoundService.cpp:426] [tid:748] [SoundService][Original] eEncoding [WMX_AUDIO_CodingDSD]
01-01 18:16:10.973 I/hagodaemon(  279): 20180101 181610.972588 [INFO] [WmSoundService.cpp:439] [tid:748] [SoundService][Original] nChannels [2], nBitPerSample [1], nSamplingRate [2822400]
01-01 18:16:10.973 I/hagodaemon(  279): 20180101 181610.973322 [INFO] [WmSoundService.cpp:442] [tid:748] [SoundService][Original] bVbr [0], nBitRate [0]
01-01 18:16:10.976 I/hagodaemon(  281): [I|  310|b6c24000|SS  |SoundServiceAudioInfoLogs.cc:86] ----- AudioTrack[CreateTrack by PID[292]] -----
01-01 18:16:10.976 I/hagodaemon(  281): [I|  310|b6c24000|SS  |SoundServiceAudioInfoLogs.cc:88] [Tracks]
01-01 18:16:10.976 I/hagodaemon(  281): [I|  310|b6c24000|SS  |SoundServiceAudioInfoLogs.cc:89]   type: Music
01-01 18:16:10.976 I/hagodaemon(  281): [I|  310|b6c24000|SS  |SoundServiceAudioInfoLogs.cc:113] [Codecs]
01-01 18:16:10.976 I/hagodaemon(  281): [I|  310|b6c24000|SS  |SoundServiceAudioInfoLogs.cc:114]   codec: DSD
01-01 18:16:10.976 I/hagodaemon(  281): [I|  310|b6c24000|SS  |SoundServiceAudioInfoLogs.cc:118]   f_samp: 2822400(DSD64)
01-01 18:16:10.976 I/hagodaemon(  281): [I|  310|b6c24000|SS  |SoundServiceAudioInfoLogs.cc:123]   bits_per_samp: PDM
01-01 18:16:10.976 I/hagodaemon(  281): [I|  310|b6c24000|SS  |SoundServiceAudioInfoLogs.cc:128] [Channels]
01-01 18:16:10.976 I/hagodaemon(  281): [I|  310|b6c24000|SS  |SoundServiceAudioInfoLogs.cc:129]   num_of_ch: 2
01-01 18:16:10.976 I/hagodaemon(  281): [I|  310|b6c24000|SS  |SoundServiceAudioInfoLogs.cc:130]   ch_config: Stereo
01-01 18:16:10.976 I/hagodaemon(  281): [I|  310|b6c24000|SS  |SoundServiceAudioInfoLogs.cc:141] [Buffers]
01-01 18:16:10.976 I/hagodaemon(  281): [I|  310|b6c24000|SS  |SoundServiceAudioInfoLogs.cc:142]   type: DsdMsbFirst
01-01 18:16:10.976 I/hagodaemon(  281): [I|  310|b6c24000|SS  |SoundServiceAudioInfoLogs.cc:143]   bytes: 1
01-01 18:16:10.976 I/hagodaemon(  281): [I|  310|b6c24000|SS  |SoundServiceAudioInfoLogs.cc:144]   mode: Interleaved
01-01 18:16:10.976 I/hagodaemon(  281): [I|  310|b6c24000|SS  |SoundServiceAudioInfoLogs.cc:155]   ch_config: Invalid
01-01 18:16:10.978 I/hagodaemon(  281): [I|  310|b6c24000|SS  |SoundServiceImpl.cc:298] Track[TK_MUSIC_PID_292_PKT_131072_QUE_3_6] has been created
01-01 18:16:10.980 I/hagodaemon(  279): 20180101 181610.979804 [INFO] [DmcOmxDemuxerCmp.c:5568] [tid:746] componentOnStateChange: [OMX_StatePause]->[OMX_StateExecuting]
01-01 18:16:11.082 I/hagodaemon(  279): 20180101 181611.081274 [ERR ] [DmcDsdAudioRendererCmp.c:759] [tid:748] componentOnStateChange: [OMX_StatePause]->[OMX_StateExecuting]
01-01 18:16:11.083 I/hagodaemon(  279): 20180101 181611.082407 [INFO] [DmcOmxDemuxerCmp.c:4693] [tid:746] audio buffer count = [63/64]
01-01 18:16:11.093 I/hagodaemon(  281): [I|  310|b3e0d460|SS  |SoundServiceImpl.cc:512] Track[TK_MUSIC_PID_292_PKT_131072_QUE_3_6] received CtrlPacket[track::play]
01-01 18:16:11.101 I/hagodaemon(  279): 20180101 181611.099237 [INFO] [WmSoundService.cpp:133] [tid:751] WriteWatcher started.
01-01 18:16:11.107 I/hagodaemon(  281): [I|  310|b3e0d460|SS  |PreFilters.cc:496] PreFilters Configuration: DO_PROCESS
01-01 18:16:11.108 I/hagodaemon(  281): [I|  310|b3e0d460|SS  |PreFilters.cc:497] Enabled Filters:
01-01 18:16:11.108 I/hagodaemon(  281): [I|  310|b3e0d460|SS  |PreFilters.cc:504] 	Filter: dsd2lpcm (2822400[Hz] -> 176400[Hz])
01-01 18:16:11.120 I/hagodaemon(  281): [D|  310|b3e0d460|AHAL|AudioHalOutAdlerAlsa.cc:222] [hw:0,4]
01-01 18:16:11.121 I/hagodaemon(  281): [T|  310|b3e0d460|AHAL|AudioHalAdlerAlsa.cc:335] !!! not opened
01-01 18:16:11.121 I/hagodaemon(  281): [I|  310|b3e0d460|AHAL|AudioHalAdlerAlsa.cc:26] ----- AudioHalParam [master] -----
01-01 18:16:11.121 I/hagodaemon(  281): [I|  310|b3e0d460|AHAL|AudioHalAdlerAlsa.cc:27] FSamp: [176400]
01-01 18:16:11.121 I/hagodaemon(  281): [I|  310|b3e0d460|AHAL|AudioHalAdlerAlsa.cc:28] NumOfCh: [2]
01-01 18:16:11.121 I/hagodaemon(  281): [I|  310|b3e0d460|AHAL|AudioHalAdlerAlsa.cc:29] ChConfig: [2]
01-01 18:16:11.121 I/hagodaemon(  281): [I|  310|b3e0d460|AHAL|AudioHalAdlerAlsa.cc:30] BufferType: [1]
01-01 18:16:11.121 I/hagodaemon(  281): [I|  310|b3e0d460|AHAL|AudioHalAdlerAlsa.cc:31] BytesOfIntBuffer: [4]
01-01 18:16:11.121 I/hagodaemon(  281): [I|  310|b3e0d460|AHAL|AudioHalAdlerAlsa.cc:32] BufferMode: [1]
01-01 18:16:11.121 I/hagodaemon(  281): [I|  310|b3e0d460|AHAL|AudioHalOutAdlerAlsa.cc:1504] fs = 176400 [Hz]
01-01 18:16:11.121 I/hagodaemon(  281): [I|  310|b3e0d460|AHAL|AudioHalOutAdlerAlsa.cc:1505] channels = 2
01-01 18:16:11.121 I/hagodaemon(  281): [I|  310|b3e0d460|AHAL|AudioHalOutAdlerAlsa.cc:1506] buffer time = 500000
01-01 18:16:11.121 I/hagodaemon(  281): [I|  310|b3e0d460|AHAL|AudioHalOutAdlerAlsa.cc:1507] period time = 21768
01-01 18:16:11.121 I/hagodaemon(  281): [I|  310|b3e0d460|AHAL|AudioHalOutAdlerAlsa.cc:1508] buffer frames = 0
01-01 18:16:11.121 I/hagodaemon(  281): [I|  310|b3e0d460|AHAL|AudioHalOutAdlerAlsa.cc:1509] period frames = 0
01-01 18:16:11.134 I/hagodaemon(  281): [I|  310|b3e0d460|AHAL|AudioHalOutAdlerAlsa.cc:1533] period size = 3840 [frames]
01-01 18:16:11.134 I/hagodaemon(  281): [I|  310|b3e0d460|AHAL|AudioHalOutAdlerAlsa.cc:1534] buffer size = 88200 [frames]
01-01 18:16:11.134 I/hagodaemon(  281): [I|  310|b3e0d460|AHAL|AudioHalOutAdlerAlsa.cc:1535] latency = 500000 [us]
01-01 18:16:11.134 I/hagodaemon(  281): [I|  310|b3e0d460|AHAL|AudioHalOutAdlerAlsa.cc:1761] start_threshold = 88200
01-01 18:16:11.134 I/hagodaemon(  281): [I|  310|b3e0d460|AHAL|AudioHalOutAdlerAlsa.cc:1762] stop_threshold = 88200
01-01 18:16:11.134 I/hagodaemon(  281): [I|  310|b3e0d460|AHAL|AudioHalOutAdlerAlsa.cc:1763] avail_min = -1
01-01 18:16:11.134 I/hagodaemon(  281): [I|  310|b3e0d460|AHAL|AudioHalOutAdlerAlsa.cc:1764] start_delay = 0
01-01 18:16:11.134 I/hagodaemon(  281): [I|  310|b3e0d460|AHAL|AudioHalOutAdlerAlsa.cc:1765] stop_delay = 0
01-01 18:16:11.134 I/hagodaemon(  281): [I|  310|b3e0d460|AHAL|AudioHalOutAdlerAlsa.cc:771] frames_to_bytes = 8
01-01 18:16:11.134 I/hagodaemon(  281): [I|  310|b3e0d460|AHAL|AudioHalOutAdlerAlsa.cc:772] bytes_per_period = 30720
01-01 18:16:11.134 I/hagodaemon(  281): [T|  310|b3e0d460|AHAL|AudioHalAdlerAlsa.cc:478] not opened

track plays
SLEEP FOR 500

01-01 18:22:19.849 I/hagodaemon(  279): 20180101 182219.847350 [INFO] [GapPlayChain.c:551] [tid:746] GAP_CMP_EVENT_END_OF_STREAM role = 0
01-01 18:22:19.849 I/hagodaemon(  279): 20180101 182219.848030 [INFO] [GapPlayerCmdHandlerPlay.c:533] [tid:480] Preparing next track.
01-01 18:22:19.849 I/hagodaemon(  279): [I|  292|b5029460|PLYRSRVC|PlayerServiceService.cc:765|operator()] Enter
01-01 18:22:19.850 I/hagodaemon(  279): [I|  292|b5029460|PLYRSRVC|PlayerServiceService.cc:765|operator()] Exit
01-01 18:22:26.518 I/hagodaemon(  279): 20180101 182226.516353 [INFO] [GapPlayChain.c:551] [tid:748] GAP_CMP_EVENT_END_OF_STREAM role = 2
01-01 18:22:26.520 I/hagodaemon(  279): [I|  292|b5029460|PLYRSRVC|PlayerServiceService.cc:767|operator()] Enter
01-01 18:22:26.523 I/hagodaemon(  279): [I|  292|b5029460|PLYRSRVC|PlayerServiceService.cc:767|operator()] Exit
01-01 18:22:26.526 I/hagodaemon(  279): 20180101 182226.525653 [INFO] [GapPlayer.c:502] [tid:470] GapPlayer_pause()
01-01 18:22:26.528 I/hagodaemon(  279): 20180101 182226.527409 [INFO] [DmcOmxDemuxerCmp.c:5568] [tid:746] componentOnStateChange: [OMX_StateExecuting]->[OMX_StatePause]
01-01 18:22:26.723 I/hagodaemon(  279): 20180101 182226.721142 [ERR ] [DmcDsdAudioRendererCmp.c:759] [tid:748] componentOnStateChange: [OMX_StateExecuting]->[OMX_StatePause]
01-01 18:22:26.726 I/hagodaemon(  279): 20180101 182226.724133 [INFO] [WmSoundService.cpp:672] [tid:748] IAudioTrack::SendEos()
01-01 18:22:26.734 I/hagodaemon(  281): [I|  310|b3e0d460|SS  |SoundServiceImpl.cc:512] Track[TK_MUSIC_PID_292_PKT_131072_QUE_3_6] received CtrlPacket[track::drain]
01-01 18:22:26.742 I/hagodaemon(  281): [I|  310|b3e0d460|SS  |SoundServiceImpl.cc:629] Track[TK_MUSIC_PID_292_PKT_131072_QUE_3_6] drains by silent audio Pkts[4] = [200]ms
01-01 18:22:26.772 I/hagodaemon(  279): 20180101 182226.770672 [INFO] [WmSoundService.cpp:167] [tid:748] WriteWatcher joined.
01-01 18:22:26.783 I/hagodaemon(  279): [I|  292|b6c50000|PLYRSRVC|PlayerServiceService.cc:512|PlayController_SetPlaySpeed] Enter
01-01 18:22:26.785 I/hagodaemon(  279): [I|  292|b6c50000|PLYRSRVC|PlayerServiceService.cc:528|PlayController_SetPlaySpeed] Exit
01-01 18:22:26.787 I/hagodaemon(  279): [I|  292|b6c50000|PLYRSRVC|PlayerServiceService.cc:373|PlayController_ChangePlayState] Enter
01-01 18:22:26.790 I/hagodaemon(  279): 20180101 182226.788251 [INFO] [GapPlayer.c:517] [tid:470] GapPlayer_stop()
01-01 18:22:26.791 I/hagodaemon(  279): 20180101 182226.791415 [INFO] [DmcOmxDemuxerCmp.c:5568] [tid:746] componentOnStateChange: [OMX_StatePause]->[OMX_StateIdle]
01-01 18:22:26.796 I/hagodaemon(  279): 20180101 182226.792169 [ERR ] [DmcDsdAudioRendererCmp.c:759] [tid:748] componentOnStateChange: [OMX_StatePause]->[OMX_StateIdle]
01-01 18:22:26.797 I/hagodaemon(  279): 20180101 182226.797021 [INFO] [GapPlayer.c:469] [tid:470] GapPlayer_play()
01-01 18:22:26.798 I/hagodaemon(  279): 20180101 182226.797561 [INFO] [DmcOmxDemuxerCmp.c:5568] [tid:746] componentOnStateChange: [OMX_StateIdle]->[OMX_StatePause]
01-01 18:22:26.800 I/hagodaemon(  279): 20180101 182226.798100 [ERR ] [DmcDsdAudioRendererCmp.c:759] [tid:748] componentOnStateChange: [OMX_StateIdle]->[OMX_StatePause]
01-01 18:22:26.801 I/hagodaemon(  279): 20180101 182226.800784 [INFO] [DmcOmxDemuxerCmp.c:5568] [tid:746] componentOnStateChange: [OMX_StatePause]->[OMX_StateExecuting]
01-01 18:22:26.905 I/hagodaemon(  279): 20180101 182226.902739 [ERR ] [DmcDsdAudioRendererCmp.c:759] [tid:748] componentOnStateChange: [OMX_StatePause]->[OMX_StateExecuting]
01-01 18:22:26.907 I/hagodaemon(  279): 20180101 182226.905271 [INFO] [GapOMXCmp.c:755] [tid:746] WMX_EventEndOfStreamReached
01-01 18:22:26.909 I/hagodaemon(  279): 20180101 182226.907846 [INFO] [WmSoundService.cpp:133] [tid:771] WriteWatcher started.
01-01 18:22:26.952 I/hagodaemon(  281): [D|  310|b3e0d460|AHAL|AudioHalOutAdlerAlsa.cc:354] flushes proof_buffer [4096] bytes
01-01 18:22:26.952 I/hagodaemon(  281): [D|  310|b3e0d460|AHAL|AudioHalOutAdlerAlsa.cc:918] format_set_silence: [30720] > [4096]
01-01 18:22:26.960 I/hagodaemon(  279): 20180101 182226.958879 [INFO] [GapPlayChain.c:183] [tid:480] sendEndOfPlay
01-01 18:22:26.960 I/hagodaemon(  279): [I|  292|b5029460|PLYRSRVC|PlayerServiceService.cc:767|operator()] Enter
01-01 18:22:26.961 I/hagodaemon(  279): [I|  292|b6c50000|PLYRSRVC|PlayerServiceService.cc:386|PlayController_ChangePlayState] Exit
01-01 18:22:26.962 I/hagodaemon(  279): [I|  292|b5029460|PLYRSRVC|PlayerServiceService.cc:767|operator()] Exit
01-01 18:22:26.962 I/hagodaemon(  279): 20180101 182226.962218 [INFO] [GapPlayer.c:502] [tid:470] GapPlayer_pause()
01-01 18:22:26.963 I/hagodaemon(  279): 20180101 182226.962784 [INFO] [DmcOmxDemuxerCmp.c:5568] [tid:746] componentOnStateChange: [OMX_StateExecuting]->[OMX_StatePause]
01-01 18:22:26.972 I/hagodaemon(  279): [I|  292|b6c50000|PLYRSRVC|PlayerServiceService.cc:356|PlayController_ClosePlayer] Enter
01-01 18:22:27.158 I/hagodaemon(  279): 20180101 182227.156526 [ERR ] [DmcDsdAudioRendererCmp.c:759] [tid:748] componentOnStateChange: [OMX_StateExecuting]->[OMX_StatePause]
01-01 18:22:27.474 I/hagodaemon(  281): [D|  310|b3e0d460|AHAL|AudioHalOutAdlerAlsa.cc:295] [hw:0,4]
01-01 18:22:27.477 I/hagodaemon(  281): [I|  310|b3e0d460|SS  |SoundServiceImpl.cc:512] Track[TK_MUSIC_PID_292_PKT_131072_QUE_3_6] received CtrlPacket[track::stop]
01-01 18:22:27.477 I/hagodaemon(  281): [I|  310|b3e0d460|SS  |SoundServiceImpl.cc:512] Track[TK_MUSIC_PID_292_PKT_131072_QUE_3_6] received CtrlPacket[track::play]
01-01 18:22:27.503 I/hagodaemon(  281): [I|  310|b3e0d460|SS  |SoundServiceImpl.cc:512] Track[TK_MUSIC_PID_292_PKT_131072_QUE_3_6] received CtrlPacket[track::stop]
01-01 18:22:27.503 I/hagodaemon(  281): [I|  310|b3e0d460|SS  |PreFilters.cc:496] PreFilters Configuration: DO_PROCESS
01-01 18:22:27.503 I/hagodaemon(  281): [I|  310|b3e0d460|SS  |PreFilters.cc:497] Enabled Filters:
01-01 18:22:27.503 I/hagodaemon(  281): [I|  310|b3e0d460|SS  |PreFilters.cc:504] 	Filter: dsd2lpcm (2822400[Hz] -> 176400[Hz])
01-01 18:22:27.512 I/hagodaemon(  281): [I|  310|b3e0d460|SS  |SoundServiceImpl.cc:1175] Track[TK_MUSIC_PID_292_PKT_131072_QUE_3_6] fades out packet
01-01 18:22:27.512 I/hagodaemon(  281): [D|  310|b3e0d460|AHAL|AudioHalOutAdlerAlsa.cc:222] [hw:0,4]
01-01 18:22:27.512 I/hagodaemon(  279): 20180101 182227.510182 [INFO] [WmSoundService.cpp:167] [tid:748] WriteWatcher joined.
01-01 18:22:27.514 I/hagodaemon(  281): [T|  310|b3e0d460|AHAL|AudioHalAdlerAlsa.cc:335] !!! not opened
01-01 18:22:27.514 I/hagodaemon(  281): [I|  310|b3e0d460|AHAL|AudioHalAdlerAlsa.cc:26] ----- AudioHalParam [master] -----
01-01 18:22:27.514 I/hagodaemon(  281): [I|  310|b3e0d460|AHAL|AudioHalAdlerAlsa.cc:27] FSamp: [176400]
01-01 18:22:27.514 I/hagodaemon(  281): [I|  310|b3e0d460|AHAL|AudioHalAdlerAlsa.cc:28] NumOfCh: [2]
01-01 18:22:27.514 I/hagodaemon(  281): [I|  310|b3e0d460|AHAL|AudioHalAdlerAlsa.cc:29] ChConfig: [2]
01-01 18:22:27.514 I/hagodaemon(  281): [I|  310|b3e0d460|AHAL|AudioHalAdlerAlsa.cc:30] BufferType: [1]
01-01 18:22:27.514 I/hagodaemon(  281): [I|  310|b3e0d460|AHAL|AudioHalAdlerAlsa.cc:31] BytesOfIntBuffer: [4]
01-01 18:22:27.514 I/hagodaemon(  281): [I|  310|b3e0d460|AHAL|AudioHalAdlerAlsa.cc:32] BufferMode: [1]
01-01 18:22:27.514 I/hagodaemon(  281): [I|  310|b3e0d460|AHAL|AudioHalOutAdlerAlsa.cc:1504] fs = 176400 [Hz]
01-01 18:22:27.514 I/hagodaemon(  281): [I|  310|b3e0d460|AHAL|AudioHalOutAdlerAlsa.cc:1505] channels = 2
01-01 18:22:27.514 I/hagodaemon(  281): [I|  310|b3e0d460|AHAL|AudioHalOutAdlerAlsa.cc:1506] buffer time = 500000
01-01 18:22:27.514 I/hagodaemon(  281): [I|  310|b3e0d460|AHAL|AudioHalOutAdlerAlsa.cc:1507] period time = 21768
01-01 18:22:27.514 I/hagodaemon(  281): [I|  310|b3e0d460|AHAL|AudioHalOutAdlerAlsa.cc:1508] buffer frames = 0
01-01 18:22:27.514 I/hagodaemon(  281): [I|  310|b3e0d460|AHAL|AudioHalOutAdlerAlsa.cc:1509] period frames = 0
01-01 18:22:27.517 I/hagodaemon(  279): 20180101 182227.515985 [INFO] [GapPlayer.c:517] [tid:470] GapPlayer_stop()
01-01 18:22:27.519 I/hagodaemon(  279): 20180101 182227.518470 [INFO] [DmcOmxDemuxerCmp.c:5568] [tid:746] componentOnStateChange: [OMX_StatePause]->[OMX_StateIdle]
01-01 18:22:27.525 I/hagodaemon(  279): 20180101 182227.521686 [ERR ] [DmcDsdAudioRendererCmp.c:759] [tid:748] componentOnStateChange: [OMX_StatePause]->[OMX_StateIdle]
01-01 18:22:27.527 I/hagodaemon(  279): 20180101 182227.526435 [INFO] [GapPlayer.c:391] [tid:470] GapPlayer_close()
01-01 18:22:27.537 I/hagodaemon(  279): 20180101 182227.535032 [INFO] [DmcOmxDemuxerCmp.c:5568] [tid:746] componentOnStateChange: [OMX_StateIdle]->[OMX_StateLoaded]
01-01 18:22:27.539 I/hagodaemon(  281): [I|  310|b3e0d460|AHAL|AudioHalOutAdlerAlsa.cc:1533] period size = 3840 [frames]
01-01 18:22:27.539 I/hagodaemon(  281): [I|  310|b3e0d460|AHAL|AudioHalOutAdlerAlsa.cc:1534] buffer size = 88200 [frames]
01-01 18:22:27.539 I/hagodaemon(  281): [I|  310|b3e0d460|AHAL|AudioHalOutAdlerAlsa.cc:1535] latency = 500000 [us]
01-01 18:22:27.539 I/hagodaemon(  281): [I|  310|b3e0d460|AHAL|AudioHalOutAdlerAlsa.cc:1761] start_threshold = 88200
01-01 18:22:27.539 I/hagodaemon(  281): [I|  310|b3e0d460|AHAL|AudioHalOutAdlerAlsa.cc:1762] stop_threshold = 88200
01-01 18:22:27.539 I/hagodaemon(  281): [I|  310|b3e0d460|AHAL|AudioHalOutAdlerAlsa.cc:1763] avail_min = -1
01-01 18:22:27.539 I/hagodaemon(  281): [I|  310|b3e0d460|AHAL|AudioHalOutAdlerAlsa.cc:1764] start_delay = 0
01-01 18:22:27.539 I/hagodaemon(  281): [I|  310|b3e0d460|AHAL|AudioHalOutAdlerAlsa.cc:1765] stop_delay = 0
01-01 18:22:27.539 I/hagodaemon(  281): [I|  310|b3e0d460|AHAL|AudioHalOutAdlerAlsa.cc:771] frames_to_bytes = 8
01-01 18:22:27.539 I/hagodaemon(  281): [I|  310|b3e0d460|AHAL|AudioHalOutAdlerAlsa.cc:772] bytes_per_period = 30720
01-01 18:22:27.539 I/hagodaemon(  281): [T|  310|b3e0d460|AHAL|AudioHalAdlerAlsa.cc:478] not opened
01-01 18:22:27.539 I/hagodaemon(  281): [I|  310|b3e0d460|SS  |SoundServiceImpl.cc:629] Track[TK_MUSIC_PID_292_PKT_131072_QUE_3_6] drains by silent audio Pkts[4] = [200]ms
01-01 18:22:27.551 I/hagodaemon(  279): 20180101 182227.549634 [ERR ] [DmcDsdAudioRendererCmp.c:759] [tid:748] componentOnStateChange: [OMX_StateIdle]->[OMX_StateLoaded]
01-01 18:22:27.564 I/hagodaemon(  283): [D|  314|b6c83000|VOL |VolumeAdlerOut.cc:589] SetDigitalMute [key=fader mute sdin1][value=1]
01-01 18:22:27.676 I/hagodaemon(  281): [D|  310|b3e0d460|AHAL|AudioHalOutAdlerAlsa.cc:295] [hw:0,4]
01-01 18:22:27.679 I/hagodaemon(  283): [D|  314|b6c83000|VOL |VolumeAdlerOut.cc:589] SetDigitalMute [key=fader mute sdin1][value=0]
01-01 18:22:27.680 I/hagodaemon(  281): [I|  310|b3e0d460|SS  |SoundServiceImpl.cc:512] Track[TK_MUSIC_PID_292_PKT_131072_QUE_3_6] received CtrlPacket[track::destroy]
01-01 18:22:27.680 I/hagodaemon(  281): [I|  310|b3e0d460|SS  |SoundServiceImpl.cc:545] Track[TK_MUSIC_PID_292_PKT_131072_QUE_3_6] is ready to destroy
01-01 18:22:27.681 I/hagodaemon(  281): [I|  310|b5662460|SS  |SoundServiceImpl.cc:348] Track[TK_MUSIC_PID_292_PKT_131072_QUE_3_6] has been destroyed
01-01 18:22:27.683 I/hagodaemon(  279): 20180101 182227.682824 [INFO] [GapPlayer.c:517] [tid:470] GapPlayer_stop()
01-01 18:22:27.683 I/hagodaemon(  279): 20180101 182227.683466 [INFO] [GapPlayer.c:391] [tid:470] GapPlayer_close()
01-01 18:22:27.684 I/hagodaemon(  279): [I|  292|b6c50000|PLYRSRVC|PlayerServiceService.cc:367|PlayController_ClosePlayer] Exit
01-01 18:22:27.685 I/hagodaemon(  279): [I|  292|b46ff460|PLYRSRVC|PlayerServiceService.cc:660|OnPlayStatusUpdated] Player is closed.
01-01 18:22:27.686 I/hagodaemon(  279): [I|  292|b6c50000|PLYRSRVC|PlayerServiceService.cc:373|PlayController_ChangePlayState] Enter
01-01 18:22:27.686 I/hagodaemon(  279): [I|  292|b4eff460|PLYRSRVC|PlayerServiceService.cc:660|OnPlayStatusUpdated] Player is closed.
01-01 18:22:27.687 I/hagodaemon(  279): [I|  292|b6c50000|PLYRSRVC|PlayerServiceService.cc:386|PlayController_ChangePlayState] Exit
01-01 18:22:27.689 I/hagodaemon(  279): [I|  292|b6c50000|PLYRSRVC|PlayerServiceService.cc:373|PlayController_ChangePlayState] Enter
01-01 18:22:27.689 I/hagodaemon(  279): [I|  292|b6c50000|PLYRSRVC|PlayerServiceService.cc:386|PlayController_ChangePlayState] Exit
01-01 18:22:27.695 I/hagodaemon(  279): [I|  292|b6c50000|PLYRSRVC|PlayerServiceService.cc:486|PlayController_SetTrackSequence] Enter
01-01 18:22:27.697 I/hagodaemon(  279): [I|  292|b3e3f460|PLYRSRVC|PlayerServiceService.cc:764|operator()] Enter
01-01 18:22:27.698 I/hagodaemon(  279): [I|  292|b3e3f460|PLYRSRVC|PlayerServiceService.cc:764|operator()] Exit
01-01 18:22:27.701 I/hagodaemon(  279): 20180101 182227.699931 [INFO] [GapChainFactory.c:452] [tid:487] demuxer cmp name = [OMX.SONY.DEMUX.DSD]
01-01 18:22:27.703 I/hagodaemon(  279): 20180101 182227.701768 [INFO] [DmcOmxDemuxerCmp.c:2487] [tid:772] content URI: /data/mnt/internal/MUSIC/Don't Drift Too Far.dsf
01-01 18:22:27.743 I/hagodaemon(  279): 20180101 182227.742916 [INFO] [DmcOmxDemuxerCmp.c:5568] [tid:772] componentOnStateChange: [OMX_StateLoaded]->[OMX_StateIdle]
01-01 18:22:27.755 I/hagodaemon(  279): 20180101 182227.754991 [ERR ] [DmcDsdAudioRendererCmp.c:759] [tid:774] componentOnStateChange: [OMX_StateLoaded]->[OMX_StateIdle]
01-01 18:22:27.755 I/hagodaemon(  279): 20180101 182227.755527 [INFO] [GapPlayer.c:451] [tid:471] GapPlayer_setSpeedEx() speed=1/1,0
01-01 18:22:27.764 I/hagodaemon(  279): [I|  292|b6c50000|PLYRSRVC|PlayerServiceService.cc:506|PlayController_SetTrackSequence] Exit
01-01 18:22:27.764 I/hagodaemon(  279): [I|  292|b6c50000|PLYRSRVC|PlayerServiceService.cc:373|PlayController_ChangePlayState] Enter
01-01 18:22:27.765 I/hagodaemon(  279): 20180101 182227.764789 [INFO] [GapPlayer.c:502] [tid:470] GapPlayer_pause()
01-01 18:22:27.765 I/hagodaemon(  279): 20180101 182227.765154 [INFO] [DmcOmxDemuxerCmp.c:5568] [tid:772] componentOnStateChange: [OMX_StateIdle]->[OMX_StatePause]
01-01 18:22:27.766 I/hagodaemon(  279): 20180101 182227.765842 [ERR ] [DmcDsdAudioRendererCmp.c:759] [tid:774] componentOnStateChange: [OMX_StateIdle]->[OMX_StatePause]
01-01 18:22:27.766 I/hagodaemon(  279): 20180101 182227.766023 [INFO] [WmSoundService.cpp:408] [tid:774] [SoundService] nChannels [2], nBitPerSample [1], nSamplingRate [2822400]
01-01 18:22:27.766 I/hagodaemon(  279): 20180101 182227.766174 [INFO] [WmSoundService.cpp:426] [tid:774] [SoundService][Original] eEncoding [WMX_AUDIO_CodingDSD]
01-01 18:22:27.766 I/hagodaemon(  279): 20180101 182227.766294 [INFO] [WmSoundService.cpp:439] [tid:774] [SoundService][Original] nChannels [2], nBitPerSample [1], nSamplingRate [2822400]
01-01 18:22:27.766 I/hagodaemon(  279): 20180101 182227.766441 [INFO] [WmSoundService.cpp:442] [tid:774] [SoundService][Original] bVbr [0], nBitRate [0]
01-01 18:22:27.770 I/hagodaemon(  281): [I|  310|b6c24000|SS  |SoundServiceAudioInfoLogs.cc:86] ----- AudioTrack[CreateTrack by PID[292]] -----
01-01 18:22:27.770 I/hagodaemon(  281): [I|  310|b6c24000|SS  |SoundServiceAudioInfoLogs.cc:88] [Tracks]
01-01 18:22:27.770 I/hagodaemon(  281): [I|  310|b6c24000|SS  |SoundServiceAudioInfoLogs.cc:89]   type: Music
01-01 18:22:27.770 I/hagodaemon(  281): [I|  310|b6c24000|SS  |SoundServiceAudioInfoLogs.cc:113] [Codecs]
01-01 18:22:27.770 I/hagodaemon(  281): [I|  310|b6c24000|SS  |SoundServiceAudioInfoLogs.cc:114]   codec: DSD
01-01 18:22:27.770 I/hagodaemon(  281): [I|  310|b6c24000|SS  |SoundServiceAudioInfoLogs.cc:118]   f_samp: 2822400(DSD64)
01-01 18:22:27.770 I/hagodaemon(  281): [I|  310|b6c24000|SS  |SoundServiceAudioInfoLogs.cc:123]   bits_per_samp: PDM
01-01 18:22:27.770 I/hagodaemon(  281): [I|  310|b6c24000|SS  |SoundServiceAudioInfoLogs.cc:128] [Channels]
01-01 18:22:27.770 I/hagodaemon(  281): [I|  310|b6c24000|SS  |SoundServiceAudioInfoLogs.cc:129]   num_of_ch: 2
01-01 18:22:27.770 I/hagodaemon(  281): [I|  310|b6c24000|SS  |SoundServiceAudioInfoLogs.cc:130]   ch_config: Stereo
01-01 18:22:27.770 I/hagodaemon(  281): [I|  310|b6c24000|SS  |SoundServiceAudioInfoLogs.cc:141] [Buffers]
01-01 18:22:27.770 I/hagodaemon(  281): [I|  310|b6c24000|SS  |SoundServiceAudioInfoLogs.cc:142]   type: DsdMsbFirst
01-01 18:22:27.770 I/hagodaemon(  281): [I|  310|b6c24000|SS  |SoundServiceAudioInfoLogs.cc:143]   bytes: 1
01-01 18:22:27.770 I/hagodaemon(  281): [I|  310|b6c24000|SS  |SoundServiceAudioInfoLogs.cc:144]   mode: Interleaved
01-01 18:22:27.770 I/hagodaemon(  281): [I|  310|b6c24000|SS  |SoundServiceAudioInfoLogs.cc:155]   ch_config: Invalid
01-01 18:22:27.771 I/hagodaemon(  281): [I|  310|b6c24000|SS  |SoundServiceImpl.cc:298] Track[TK_MUSIC_PID_292_PKT_131072_QUE_3_7] has been created
01-01 18:22:27.773 I/hagodaemon(  279): [I|  292|b6c50000|PLYRSRVC|PlayerServiceService.cc:386|PlayController_ChangePlayState] Exit
01-01 18:22:27.792 I/hagodaemon(  279): [I|  292|b6c50000|PLYRSRVC|PlayerServiceService.cc:373|PlayController_ChangePlayState] Enter
01-01 18:22:27.793 I/hagodaemon(  279): [I|  292|b6c50000|PLYRSRVC|PlayerServiceService.cc:386|PlayController_ChangePlayState] Exit
01-01 18:22:27.794 I/hagodaemon(  279): [I|  292|b6c50000|PLYRSRVC|PlayerServiceService.cc:534|PlayController_ResetPlaySpeed] Enter
01-01 18:22:27.795 I/hagodaemon(  279): [I|  292|b6c50000|PLYRSRVC|PlayerServiceService.cc:545|PlayController_ResetPlaySpeed] Exit
