--------- beginning of /dev/log/main
01-01 17:28:04.246 I/icx_bootanimation(   96): [bootanimation] starting...
01-01 17:28:04.336 I/icx_bootanimation(   96): [bootanimation] first draw! cache_num=19
01-01 17:28:04.458 I/fsck_msdos(  112): ** /emmc@contents
01-01 17:28:04.459 I/fsck_msdos(  112): ** Phase 1 - Read and Compare FATs
01-01 17:28:04.459 I/fsck_msdos(  112): Attempting to allocate 1569 KB for FAT
01-01 17:28:04.471 I/fsck_msdos(  112): FSCK readfat 401743 Clusters (size=12bytes)
01-01 17:28:04.495 I/fsck_msdos(  112): Attempting to allocate 1569 KB for FAT
01-01 17:28:04.505 I/fsck_msdos(  112): FSCK readfat 401743 Clusters (size=12bytes)
01-01 17:28:04.549 I/fsck_msdos(  112): ** Phase 2 - Check Cluster Chains
01-01 17:28:04.563 I/fsck_msdos(  112): ** Phase 3 - Checking Directories
01-01 17:28:04.724 I/fsck_msdos(  112): ** Phase 4 - Checking for Lost Files
01-01 17:28:04.730 I/fsck_msdos(  112): Next free cluster in FSInfo block (143) not free
01-01 17:28:04.730 I/fsck_msdos(  112): Fix? yes
01-01 17:28:04.730 I/fsck_msdos(  112): 1954 files, 3683840 free (377264 clusters)
01-01 17:28:04.731 I/fsck_msdos(  112): reset reserve flag: Success
01-01 17:28:05.039 I/wmt_loader(  144): go to here, 0x8590, 0xbeb65a80
01-01 17:28:05.039 I/wmt_loader(  144): str: 0x8590
01-01 17:28:05.039 I/wmt_loader(  144): chipId: 0x8590
01-01 17:28:05.039 I/wmt_loader(  144): is_chipId_vaild: 13 :0x8590!
01-01 17:28:05.039 I/wmt_loader(  144): key:(persist.mtk.wcn.combo.chipid)-value:(0x8590),chipId:0x8590,iRet(6)
01-01 17:28:05.039 I/wmt_loader(  144): g_remove_ko_flag: 0
01-01 17:28:05.039 I/wmt_loader(  144): module path:/system/lib/modules/mtk_stp_wmt_soc.ko
01-01 17:28:05.039 I/wmt_loader(  144): filename(/system/lib/modules/mtk_stp_wmt_soc.ko)
01-01 17:28:05.071 I/wmt_loader(  144): insert </system/lib/modules/mtk_stp_wmt_soc.ko> succeed,len(0)
01-01 17:28:05.071 I/wmt_loader(  144): module path:/system/lib/modules/mtk_stp_bt_soc.ko
01-01 17:28:05.071 I/wmt_loader(  144): filename(/system/lib/modules/mtk_stp_bt_soc.ko)
01-01 17:28:05.073 I/wmt_loader(  144): insert </system/lib/modules/mtk_stp_bt_soc.ko> succeed,len(0)
01-01 17:28:05.074 I/wmt_loader(  141): Fail to insmod wmt wifi module
01-01 17:28:05.074 I/wmt_loader(  141): Fail to insmod cfg80211 module
01-01 17:28:05.074 I/wmt_loader(  141): Fail to insmod mac80211 module
01-01 17:28:05.074 I/wmt_loader(  141): Fail to insmod wlan_mt module
01-01 17:28:05.075 I/wmt_loader(  141): Fail to insmod compact_bp module
01-01 17:28:05.075 I/wmt_loader(  141): Fail to insmod cfg80211_bp module
01-01 17:28:05.075 I/wmt_loader(  141): Fail to insmod mac80211_bp module
01-01 17:28:05.075 I/wmt_loader(  141): Fail to insmod wlan_mt_bp module
01-01 17:28:05.075 I/wmt_loader(  144): load WIFI modules fail(0):(537)
01-01 17:28:05.114 D/NVRAM   (  147): nvram_layout_callback will run!!!
01-01 17:28:05.114 D/NVRAM   (  147): nvram_platform_log_block: 1
01-01 17:28:05.114 D/NVRAM   (  147): nvram_platform_resv_block: 0
01-01 17:28:05.114 D/NVRAM   (  147): nvram_platform_DM_block: 0
01-01 17:28:05.114 D/NVRAM   (  147): g_i4CFG_File_Count: 24
01-01 17:28:05.114 D/NVRAM   (  147): NVM_Init Max Lid: 48
01-01 17:28:05.114 D/NVRAM   (  147): iCustomBeginLID = 24, g_i4CFG_File_Count = 24
01-01 17:28:05.114 D/NVRAM   (  147): iNvRamFileMaxLID = 48, g_i4CFG_File_Custom_Count = 24
01-01 17:28:05.114 D/NVRAM   (  147): Total nvram Lid number is 48
01-01 17:28:05.116 D/NVRAM   (  147): Begin excute customer callback!!!
01-01 17:28:05.116 D/NVRAM   (  147): nvram daemon callback will run!!!
01-01 17:28:05.116 D/NVRAM   (  147): Callback return 0
01-01 17:28:05.326 I/wmt_loader(  144): chown wmt_dbg_c or wmt_aee_c fail:No such file or directory
01-01 17:28:05.326 I/wmt_loader(  144): chown wmt_tm fail:No such file or directory
01-01 17:28:05.326 I/logwrapper(  141): /system/bin/wmt_loader terminated by exit(6)
01-01 17:28:05.367 D/NVRAM   (  147): Set property success
01-01 17:28:05.368 D/NVRAM   (  147): [NVRAM Daemon]product info lid 34 ++
01-01 17:28:05.368 D/NVRAM   (  147): NVM_GetFileDesc ++
01-01 17:28:05.368 D/NVRAM   (  147): NVM_GetCfgFileTable : file_lid = 34
01-01 17:28:05.368 D/NVRAM   (  147): NVM_GetCfgFileTable done
01-01 17:28:05.368 D/NVRAM   (  147): 34 is in new nvram partition!!!
01-01 17:28:05.368 D/NVRAM   (  147): New NVRAM partition name is /dev/pro_info.
01-01 17:28:05.368 D/NVRAM   (  147): NVM_GetDeviceInfo: old info!!!
01-01 17:28:05.368 D/NVRAM   (  147): [NVRAM Daemon] product info FID 7 rec_size 1024 rec_num 1
01-01 17:28:05.368 D/NVRAM   (  147): 34 is in new nvram partition!!!
01-01 17:28:05.368 D/NVRAM   (  147): touch panel calibration
01-01 17:28:05.369 D/NVRAM   (  147): failed to open touchpanel calibration data
01-01 17:28:05.369 D/NVRAM   (  147): [NVRAM Daemon]wifi lid 28 ++
01-01 17:28:05.369 D/NVRAM   (  147): NVM_GetFileDesc ++
01-01 17:28:05.369 D/NVRAM   (  147): NVM_GetCfgFileTable : file_lid = 28
01-01 17:28:05.369 D/NVRAM   (  147): NVM_GetCfgFileTable done
01-01 17:28:05.369 D/NVRAM   (  147): Open /data/nvram/APCFG/APRDEB/WIFI,LID:28
01-01 17:28:05.369 D/NVRAM   (  147): NVM_GetFileDesc ++
01-01 17:28:05.369 D/NVRAM   (  147): NVM_GetCfgFileTable : file_lid = 1
01-01 17:28:05.369 D/NVRAM   (  147): NVM_GetCfgFileTable done
01-01 17:28:05.370 D/NVRAM   (  147): Open /data/nvram/APCFG/APRDEB/BT_Addr,LID:1
01-01 17:28:05.370 D/NVRAM   (  147): NVRAM AP_CFG_RDCL_FILE_AUXADC_LID:2 
01-01 17:28:05.370 D/NVRAM   (  147): NVM_GetFileDesc ++
01-01 17:28:05.370 D/NVRAM   (  147): NVM_GetCfgFileTable : file_lid = 2
01-01 17:28:05.370 D/NVRAM   (  147): NVM_GetCfgFileTable done
01-01 17:28:05.370 D/NVRAM   (  147): Open /data/nvram/APCFG/APRDCL/AUXADC,LID:2
01-01 17:28:05.370 D/NVRAM   (  147): NVM_CmpFileVerNo 28  
01-01 17:28:05.370 D/NVRAM   (  147): NVM_GetCfgFileTable : file_lid = 28
01-01 17:28:05.370 D/NVRAM   (  147): NVM_CheckVerFile: 0
01-01 17:28:05.371 D/NVRAM   (  147): NVM_CmpFileVerNo 1  
01-01 17:28:05.371 D/NVRAM   (  147): NVM_GetCfgFileTable : file_lid = 1
01-01 17:28:05.371 D/NVRAM   (  147): NVM_CheckVerFile: 0
01-01 17:28:05.371 D/NVRAM   (  147): NVM_CmpFileVerNo 2  
01-01 17:28:05.371 D/NVRAM   (  147): NVM_GetCfgFileTable : file_lid = 2
01-01 17:28:05.371 D/NVRAM   (  147): NVM_CheckVerFile: 0
01-01 17:28:05.371 D/NVRAM   (  147): New version info file
01-01 17:28:05.371 D/NVRAM   (  147): New version info file
01-01 17:28:05.371 D/NVRAM   (  147): Load File Version: 000, NvRam File Version: 000
01-01 17:28:05.371 D/NVRAM   (  147): Load File Version: 000, NvRam File Version: 000
01-01 17:28:05.371 D/NVRAM   (  147): no need to enc/dnc
01-01 17:28:05.371 D/NVRAM   (  147): no need to enc/dnc
01-01 17:28:05.372 D/NVRAM   (  147): NVM_CheckFileSize : 28 ++
01-01 17:28:05.372 D/NVRAM   (  147): iCustomBeginLID = 24
01-01 17:28:05.372 D/NVRAM   (  147): NVM_CheckVerFile: 1
01-01 17:28:05.372 D/NVRAM   (  147): NVM_CheckFileSize : 2 ++
01-01 17:28:05.372 D/NVRAM   (  147): iCustomBeginLID = 24
01-01 17:28:05.372 D/NVRAM   (  147): NVM_CheckVerFile: 1
01-01 17:28:05.372 D/NVRAM   (  147): NVM_GetCfgFileTable : file_lid = 28
01-01 17:28:05.372 D/NVRAM   (  147): NVM_GetCfgFileTable : file_lid = 2
01-01 17:28:05.372 D/NVRAM   (  147): NVM_CheckFileSize:stat_size:512,size in table:45852
01-01 17:28:05.372 D/NVRAM   (  147): NVM_CheckFileSize:stat_size:76,size in table:45852
01-01 17:28:05.372 D/NVRAM   (  147): NVM_ProtectUserData
01-01 17:28:05.372 D/NVRAM   (  147): NVM_ProtectUserData
01-01 17:28:05.372 D/NVRAM   (  147): NVM_ProtectUserData:Check File
01-01 17:28:05.372 D/NVRAM   (  147): NVM_ProtectUserData:Check File
01-01 17:28:05.372 D/NVRAM   (  147): New version info file
01-01 17:28:05.372 D/NVRAM   (  147): Load File Version: 001, NvRam File Version: 001
01-01 17:28:05.372 D/NVRAM   (  147): no need to enc/dnc
01-01 17:28:05.372 D/NVRAM   (  147): NVM_CheckFileSize : 1 ++
01-01 17:28:05.372 D/NVRAM   (  147): iCustomBeginLID = 24
01-01 17:28:05.372 D/NVRAM   (  147): NVM_CheckVerFile: 1
01-01 17:28:05.372 D/NVRAM   (  147): NVM_GetCfgFileTable : file_lid = 1
01-01 17:28:05.372 D/NVRAM   (  147): NVM_CheckFileSize:stat_size:64,size in table:45852
01-01 17:28:05.372 D/NVRAM   (  147): NVM_ProtectUserData
01-01 17:28:05.372 D/NVRAM   (  147): NVM_ProtectUserData:Check File
01-01 17:28:05.373 D/NVRAM   (  147): NVM_CheckFile: File is correct!
01-01 17:28:05.373 D/NVRAM   (  147): NVM_ProtectUserData:Check Success
01-01 17:28:05.373 D/NVRAM   (  147): NVM_GetFileDesc ProtectDataFile Check Success!!
01-01 17:28:05.373 D/NVRAM   (  147): NVM_GetFileDesc --
01-01 17:28:05.374 D/NVRAM   (  147): NVM_CheckFile: File is correct!
01-01 17:28:05.374 D/NVRAM   (  147): NVM_ProtectUserData:Check Success
01-01 17:28:05.374 D/NVRAM   (  147): NVM_GetFileDesc ProtectDataFile Check Success!!
01-01 17:28:05.374 D/NVRAM   (  147): NVM_GetFileDesc --
01-01 17:28:05.374 D/NVRAM   (  147): FD 9 rec_size 64 rec_num 1
01-01 17:28:05.374 D/NVRAM   (  147): Read NVRAM: [BDAddr 38-18-4c-c0-9b-a2][Voice 60 00][Codec 23 10 00 00]               [Radio 07 80 00 06 07 07][Sleep 03 40 1f 40 1f 00 04][BtFTR 00 00]               [TxPWOffset 88 88 88][CoexAdjust 00 00 00 00 00 00]
01-01 17:28:05.375 D/NVRAM   (  147): NVM_CheckFile: File is correct!
01-01 17:28:05.375 D/NVRAM   (  147): NVM_ProtectUserData:Check Success
01-01 17:28:05.375 D/NVRAM   (  147): NVM_GetFileDesc ProtectDataFile Check Success!!
01-01 17:28:05.375 D/NVRAM   (  147): NVM_GetFileDesc --
01-01 17:28:05.375 D/NVRAM   (  147): [wifi] wifi FD 10 rec_size 512 rec_num 1
01-01 17:28:05.376 D/NVRAM   (  147): no need to enc/dnc
01-01 17:28:05.376 D/NVRAM   (  147): NVM_CheckFileSize : 2 ++
01-01 17:28:05.376 D/NVRAM   (  147): NVM_CloseFileDesc: Open by Readonly, no need to check when close
01-01 17:28:05.376 D/NVRAM   (  147): iCustomBeginLID = 24
01-01 17:28:05.376 D/NVRAM   (  147): [NVRAM Daemon]wifi custom lid 29 ++
01-01 17:28:05.376 D/NVRAM   (  147): NVM_CheckVerFile: 1
01-01 17:28:05.376 D/NVRAM   (  147): NVM_GetFileDesc ++
01-01 17:28:05.376 D/NVRAM   (  147): NVM_GetCfgFileTable : file_lid = 2
01-01 17:28:05.376 D/NVRAM   (  147): NVM_CheckFileSize:stat_size:76,size in table:45852
01-01 17:28:05.376 D/NVRAM   (  147): NVM_ProtectUserData
01-01 17:28:05.376 D/NVRAM   (  147): NVM_ProtectUserData:Set Check Num
01-01 17:28:05.376 D/NVRAM   (  147): NVM_GetCfgFileTable : file_lid = 29
01-01 17:28:05.376 D/NVRAM   (  147): NVM_GetCfgFileTable done
01-01 17:28:05.376 D/NVRAM   (  147): Open /data/nvram/APCFG/APRDEB/WIFI_CUSTOM,LID:29
01-01 17:28:05.376 D/NVRAM   (  147): NVM_CmpFileVerNo 29  
01-01 17:28:05.377 D/NVRAM   (  147): NVM_GetCfgFileTable : file_lid = 29
01-01 17:28:05.377 D/NVRAM   (  147): NVM_SetCheckNo: CheckNo:2b
01-01 17:28:05.377 D/NVRAM   (  147): NVM_CheckVerFile: 0
01-01 17:28:05.377 D/NVRAM   (  147): NVM_SetCheckNo: CheckFlag:0
01-01 17:28:05.377 D/NVRAM   (  147): New version info file
01-01 17:28:05.377 D/NVRAM   (  147): Load File Version: 000, NvRam File Version: 000
01-01 17:28:05.377 D/NVRAM   (  147): no need to enc/dnc
01-01 17:28:05.377 D/NVRAM   (  147): NVM_CheckFileSize : 29 ++
01-01 17:28:05.377 D/NVRAM   (  147): iCustomBeginLID = 24
01-01 17:28:05.377 D/NVRAM   (  147): NVM_CheckVerFile: 1
01-01 17:28:05.377 D/NVRAM   (  147): NVM_GetCfgFileTable : file_lid = 29
01-01 17:28:05.377 D/NVRAM   (  147): NVM_CheckFileSize:stat_size:512,size in table:45852
01-01 17:28:05.377 D/NVRAM   (  147): NVM_ProtectUserData
01-01 17:28:05.377 D/NVRAM   (  147): NVM_ProtectUserData:Check File
01-01 17:28:05.377 D/NVRAM   (  147): NVM_CheckFileSize : 1 ++
01-01 17:28:05.377 D/NVRAM   (  147): iCustomBeginLID = 24
01-01 17:28:05.377 D/NVRAM   (  147): NVM_CheckVerFile: 1
01-01 17:28:05.377 D/NVRAM   (  147): NVM_GetCfgFileTable : file_lid = 1
01-01 17:28:05.377 D/NVRAM   (  147): NVM_CheckFileSize:stat_size:64,size in table:45852
01-01 17:28:05.377 D/NVRAM   (  147): NVM_ProtectUserData
01-01 17:28:05.377 D/NVRAM   (  147): NVM_ProtectUserData:Set Check Num
01-01 17:28:05.377 D/NVRAM   (  147): NVM_SetCheckNo: CheckNo:c4
01-01 17:28:05.377 D/NVRAM   (  147): NVM_SetCheckNo: CheckFlag:0
01-01 17:28:05.379 D/NVRAM   (  147): NVM_CheckFile: File is correct!
01-01 17:28:05.379 D/NVRAM   (  147): NVM_ProtectUserData:Check Success
01-01 17:28:05.379 D/NVRAM   (  147): NVM_GetFileDesc ProtectDataFile Check Success!!
01-01 17:28:05.379 D/NVRAM   (  147): NVM_GetFileDesc --
01-01 17:28:05.379 D/NVRAM   (  147): [wifi] wifi custom FD 7 rec_size 512 rec_num 1
01-01 17:28:05.380 D/NVRAM   (  147): no need to enc/dnc
01-01 17:28:05.380 D/NVRAM   (  147): NVM_CloseFileDesc: Open by Readonly, no need to check when close
01-01 17:28:05.381 D/NVRAM   (  147): NVM_SetCheckNo: CheckNo generate successfully!
01-01 17:28:05.381 D/NVRAM   (  147): NVM_ProtectUserData:Set Check Num Success
01-01 17:28:05.381 D/NVRAM   (  147): NVM_SetCheckNo: CheckNo generate successfully!
01-01 17:28:05.381 D/NVRAM   (  147): NVM_CloseFileDesc ProtectDataFile Success!!
01-01 17:28:05.381 D/NVRAM   (  147): no need to enc/dnc
01-01 17:28:05.381 D/NVRAM   (  147): NVM_ProtectUserData:Set Check Num Success
01-01 17:28:05.381 D/NVRAM   (  147): NVM_CloseFileDesc ProtectDataFile Success!!
01-01 17:28:05.381 D/NVRAM   (  147): no need to enc/dnc
01-01 17:28:05.383 D/NVRAM   (  147): NVRAM daemon sleep !
01-01 17:28:06.429 E/6620_launcher(  223): open device node succeed.(Node:/dev/stpwmtA, fd:3) 
01-01 17:28:06.429 I/6620_launcher(  223): key:(persist.mtk.wcn.a.chipid)-value:(0x8590),chipId:0x8590
01-01 17:28:06.429 I/6620_launcher(  223): chip id is 0x8590
01-01 17:28:06.429 I/6620_launcher(  223): chiId:0x8590, setting to property(persist.mtk.wcn.a.chipid)
01-01 17:28:06.679 I/6620_launcher(  223): set property(persist.mtk.wcn.a.chipid) to 0x8590 succeed.
01-01 17:28:06.680 I/6620_launcher(  223): chipIdProp:key(persist.mtk.wcn.a.chipid)value(0x8590)
01-01 17:28:06.680 I/6620_launcher(  223): chiId:0x8590
01-01 17:28:06.680 I/6620_launcher(  223): run SOC chip flow
01-01 17:28:06.680 I/6620_launcher(  223): create pwr on thread ok
01-01 17:28:06.680 I/6620_launcher(  223): enter power on connsys flow
01-01 17:28:06.747 I/6620_launcher(  223): patch name pre-fix:ROMv2_lm_patch
01-01 17:28:06.747 I/6620_launcher(  223): fwVersion:0x8a00
01-01 17:28:06.747 I/6620_launcher(  223): /system/etc/firmware//ROMv2_lm_patch_1_0_hdr.bin
01-01 17:28:06.755 I/6620_launcher(  223): fw Ver in patch: 0x8a00
01-01 17:28:06.755 I/6620_launcher(  223): read patch info:0x22,0x00,0x06,0x00
01-01 17:28:06.755 I/6620_launcher(  223): gpatchnum = [2]
01-01 17:28:06.755 I/6620_launcher(  223): gdwonseq = [2]
01-01 17:28:06.755 I/6620_launcher(  223): /system/etc/firmware//ROMv2_lm_patch_1_1_hdr.bin
01-01 17:28:06.758 I/6620_launcher(  223): fw Ver in patch: 0x8a00
01-01 17:28:06.758 I/6620_launcher(  223): read patch info:0x21,0x00,0x0e,0xf0
01-01 17:28:06.758 I/6620_launcher(  223): gdwonseq = [1]
01-01 17:28:06.758 I/6620_launcher(  223): cmd(srh_patch) resp(ok)
01-01 17:28:08.281 I/6620_launcher(  223): set property(service.wcn.driver.ready) to yes succeed.
01-01 17:28:08.920 I/hagodaemon(  275): [N|  294|b6c5e000|POWR|PowerService.cc:1472] SetCpuPowerMode: kUnknown->kDefault
01-01 17:28:08.979 I/hagodaemon(  280): USBA: initialize.
01-01 17:28:08.979 I/hagodaemon(  280): USBA: enable host.
01-01 17:28:08.988 I/hagodaemon(  287): [I|  313|b6c6b000|VOL |VolumeAdlerOut.cc:114] VolumeAdlerOut
01-01 17:28:09.079 I/hagodaemon(  286): [I|  319|b6c90000|NC  |NcServiceImpl.cc:57] NcServiceImpl
01-01 17:28:09.165 I/hagodaemon(  289): [i2f] Init I2F (ver. 0000.10.00)
01-01 17:28:09.165 I/hagodaemon(  289): [lvdet] Init LVDET (ver. 0000.09.00)
01-01 17:28:09.165 I/hagodaemon(  289): [lvdet] Init LVDET (ver. 0000.09.00)
01-01 17:28:09.169 I/hagodaemon(  289): [lvdet] Init LVDET (ver. 0000.09.00)
01-01 17:28:09.455 I/hagodaemon(  278): [N|  310|b4410460|KEYC|KeyCompDevFile.cc:557|bool KeyComp::KeyCompManager::KeyCompDriver::CheckPortKey(const KeyComp::SysFsKeyInfo &, std::vector<KeyInfo> *)] code=65571 value=0
01-01 17:28:09.455 I/hagodaemon(  278): [N|  310|b4410460|KEYC|KeyCompDevFile.cc:557|bool KeyComp::KeyCompManager::KeyCompDriver::CheckPortKey(const KeyComp::SysFsKeyInfo &, std::vector<KeyInfo> *)] code=65585 value=1
01-01 17:28:09.455 I/hagodaemon(  278): [N|  310|b4410460|KEYC|KeyCompImp.cc:295|void KeyComp::KeyCompImp::CheckCurrentStatus(bool)] DRCODE=65571 DRVAL=0
01-01 17:28:09.455 I/hagodaemon(  278): [N|  310|b4410460|KEYC|KeyCompImp.cc:295|void KeyComp::KeyCompImp::CheckCurrentStatus(bool)] DRCODE=65585 DRVAL=1
01-01 17:28:09.982 I/hagodaemon(  273): SFWK: All services initialized!
01-01 17:28:09.991 I/hagodaemon(  283): [I|  312|b6cc2000|PLYRSRVC|PlayerServiceService.cc:142|OnRun] Enter
01-01 17:28:10.038 I/hagodaemon(  283): [I|  312|b6cc2000|PLYRSRVC|PlayerServiceService.cc:149|OnRun] ATRAC disabled.
01-01 17:28:10.051 I/hagodaemon(  291): [I|  314|b6cf8000|FMGR|FuncMgrServiceServiceImpl.cc:66] BootFuncMode is [MediaPlay]
01-01 17:28:10.054 I/hagodaemon(  283): [I|  312|b6cc2000|PLYRSRVC|PlayerServiceService.cc:162|OnRun] VIDEO disabled.
01-01 17:28:10.054 I/hagodaemon(  283): [I|  312|b6cc2000|PLYRSRVC|PlayerServiceService.cc:169|OnRun] Exit
01-01 17:28:10.055 I/hagodaemon(  301): [T|  323|b6cf3000|SMGR|StorageMgrImpl.cc:253] InformEnabledMscHost(enabled: [0], by_boot: [1])
01-01 17:28:10.056 I/hagodaemon(  301): [T|  323|b6cf3000|SMGR|StorageMgrImpl.cc:311] InformEnabledSdCard(card_no: [0], enabled: [0], by_boot: [1])
01-01 17:28:10.059 I/hagodaemon(  296): [I|  320|b45ff460|PWMG|UsbPoweredMonitor.cc:147] Powered by USB [PowerSupplyUsb]
01-01 17:28:10.060 I/hagodaemon(  296): [D|  320|b45ff460|PWMG|PowerMgrService.cc:423] FireOnPowered
01-01 17:28:10.060 I/hagodaemon(  301): [T|  323|b6cf3000|SMGR|StorageMgrImpl.cc:311] InformEnabledSdCard(card_no: [1], enabled: [0], by_boot: [1])
01-01 17:28:10.061 I/hagodaemon(  275): [N|  294|b61ff460|POWR|PowerService.cc:1218] ChargeStatus: kNoCharge -> kCharging
01-01 17:28:10.127 I/hagodaemon(  301): [D|  323|b6cf3000|SMGR|StorageMgrImpl.cc:1581] StorageStatus: storage[Internal], status[Mounted]
01-01 17:28:10.127 I/hagodaemon(  301): [D|  323|b6cf3000|SMGR|StorageMgrImpl.cc:1581] StorageStatus: storage[External0], status[NoMedia]
01-01 17:28:10.135 I/hagodaemon(  285): [i2f] Init I2F (ver. 0000.10.00)
01-01 17:28:10.135 I/hagodaemon(  285): [I|  318|b6cfb000|SS  |DseeAi.cc:53] version of libdsxlib: [3.0.7]
01-01 17:28:10.159 I/hagodaemon(  278): [N|  310|b5410460|WMPT|WMPortService.cc:55] SetRemoteCommandReceiver(enabled)
01-01 17:28:10.173 I/hagodaemon(  287): [D|  313|b6c6b000|VOL |VolumeAdlerOut.cc:213] load previous hp [SeHeadphone]
01-01 17:28:10.173 I/hagodaemon(  287): [D|  313|b6c6b000|VOL |VolumeAdlerOut.cc:903] update avls threshold = [63]
01-01 17:28:10.200 I/hagodaemon(  301): [T|  323|b6cf3000|SMGR|StorageMgrImpl.cc:253] InformEnabledMscHost(enabled: [1], by_boot: [0])
01-01 17:28:10.245 I/hagodaemon(  285): [T|  318|b6cfb000|SS  |Vpt.cc:56] version of libmodVPT: [2.2.0]
01-01 17:28:10.283 I/hagodaemon(  290): [D|  316|b6cc1000|CRDD|CardDetectorDevice.cc:54] Find driver [/dev/icx_carddet]
01-01 17:28:10.284 I/hagodaemon(  290): [I|  316|b6cc1000|CMGR|ConnMgrServiceImpl.cc:235] ----- starts with device status belows -----
01-01 17:28:10.285 I/hagodaemon(  290): [I|  316|b6cc1000|CMGR|ConnMgrServiceImpl.cc:242] device[0:LineIn], enabled = [0], connected = [0], rules = [0]
01-01 17:28:10.286 I/hagodaemon(  290): [I|  316|b6cc1000|CMGR|ConnMgrServiceImpl.cc:242] device[1:BtlHeadphone], enabled = [0], connected = [0], rules = [1]
01-01 17:28:10.286 I/hagodaemon(  290): [I|  316|b6cc1000|CMGR|ConnMgrServiceImpl.cc:242] device[2:SeHeadphone], enabled = [1], connected = [1], rules = [1]
01-01 17:28:10.287 I/hagodaemon(  290): [I|  316|b6cc1000|CMGR|ConnMgrServiceImpl.cc:242] device[3:LineOut], enabled = [0], connected = [0], rules = [1]
01-01 17:28:10.288 I/hagodaemon(  290): [I|  316|b6cc1000|CMGR|ConnMgrServiceImpl.cc:242] device[4:UacDevice], enabled = [0], connected = [0], rules = [1]
01-01 17:28:10.289 I/hagodaemon(  290): [I|  316|b6cc1000|CMGR|ConnMgrServiceImpl.cc:242] device[5:A2dpSink], enabled = [0], connected = [0], rules = [1]
01-01 17:28:10.289 I/hagodaemon(  290): [I|  316|b6cc1000|CMGR|ConnMgrServiceImpl.cc:242] device[6:MscHost], enabled = [1], connected = [1], rules = [1]
01-01 17:28:10.290 I/hagodaemon(  290): [I|  316|b6cc1000|CMGR|ConnMgrServiceImpl.cc:242] device[7:UacHost], enabled = [0], connected = [0], rules = [0]
01-01 17:28:10.291 I/hagodaemon(  290): [I|  316|b6cc1000|CMGR|ConnMgrServiceImpl.cc:242] device[8:AvrcpTg], enabled = [0], connected = [0], rules = [1]
01-01 17:28:10.291 I/hagodaemon(  290): [I|  316|b6cc1000|CMGR|ConnMgrServiceImpl.cc:242] device[9:HostCable], enabled = [0], connected = [0], rules = [1]
01-01 17:28:10.292 I/hagodaemon(  290): [I|  316|b6cc1000|CMGR|ConnMgrServiceImpl.cc:242] device[10:SdCard0], enabled = [0], connected = [0], rules = [1]
01-01 17:28:10.293 I/hagodaemon(  290): [I|  316|b6cc1000|CMGR|ConnMgrServiceImpl.cc:242] device[11:SdCard1], enabled = [0], connected = [0], rules = [1]
01-01 17:28:10.293 I/hagodaemon(  290): [I|  316|b6cc1000|CMGR|ConnMgrServiceImpl.cc:244] usb_host_suspended = [0]
01-01 17:28:10.294 I/hagodaemon(  290): [T|  316|b3c18460|CRDD|CardDetector.cc:170|void carddet::CardDetector::ThreadLoop()] Start Thread
01-01 17:28:10.299 I/hagodaemon(  287): [D|  313|b6c6b000|VOL |VolumeAdlerOut.cc:312] SetBtlHpConnected connected 0
01-01 17:28:10.300 I/hagodaemon(  287): [D|  313|b6c6b000|VOL |VolumeAdlerOut.cc:326] SetSeHpConnected connected 1
01-01 17:28:10.300 I/hagodaemon(  287): [D|  313|b6c6b000|VOL |VolumeAdlerOut.cc:946] ReconfigureVolumes chg_cmd = [SeHp] output = [Invalid] prevhp = [SeHeadphone] sehp = [1] btlhp = [0] volume = [0] 
01-01 17:28:10.306 I/hagodaemon(  288): [D|  315|b6cb0000|VOL |VolumeGlueImpl.cc:97] do analog mute on
01-01 17:28:10.318 I/hagodaemon(  288): [D|  315|b6cb0000|VOL |VolumeGlueImpl.cc:114] analog mute count: [1]
01-01 17:28:10.350 I/hagodaemon(  280): [N|  281|b36ff460|UDCS|UsbDeviceConnectionMonitor.cc:544] Detect change connection status : 0
01-01 17:28:10.350 I/hagodaemon(  280): [N|  281|b36ff460|UDCS|UsbDeviceConnectionService.cc:125] Fires OnConnectEvent : 1
01-01 17:28:10.350 I/hagodaemon(  290): [I|  316|b6cc1000|CMGR|ConnMgrServiceImpl.cc:397] device[6:MscHost], enabled = [0], connected = [0], rules = [1]
01-01 17:28:10.352 I/hagodaemon(  301): [T|  323|b6cf3000|SMGR|StorageMgrImpl.cc:253] InformEnabledMscHost(enabled: [0], by_boot: [0])
01-01 17:28:10.409 I/hagodaemon(  283): [I|  312|b6cc2000|PLYRSRVC|PlayerServiceService.cc:240|PlayController_New] Enter
01-01 17:28:10.409 I/hagodaemon(  283): [I|  312|b6cc2000|PLYRSRVC|PlayerServiceService.cc:253|PlayController_New] Exit
01-01 17:28:10.409 I/hagodaemon(  283): [I|  312|b6cc2000|PLYRSRVC|PlayerServiceService.cc:134|OnAddListener] PlayerService-355
01-01 17:28:10.410 I/hagodaemon(  283): [I|  312|b6cc2000|PLYRSRVC|PlayerServiceService.cc:272|PlayController_Connect] Enter
01-01 17:28:10.411 I/hagodaemon(  283): [I|  312|b6cc2000|PLYRSRVC|PlayerServiceService.cc:283|PlayController_Connect] Exit
01-01 17:28:10.414 I/hagodaemon(  283): [I|  312|b6cc2000|PLYRSRVC|PlayerServiceService.cc:240|PlayController_New] Enter
01-01 17:28:10.414 I/hagodaemon(  283): [I|  312|b6cc2000|PLYRSRVC|PlayerServiceService.cc:253|PlayController_New] Exit
01-01 17:28:10.415 I/hagodaemon(  283): [I|  312|b6cc2000|PLYRSRVC|PlayerServiceService.cc:272|PlayController_Connect] Enter
01-01 17:28:10.416 I/hagodaemon(  283): [I|  312|b6cc2000|PLYRSRVC|PlayerServiceService.cc:283|PlayController_Connect] Exit
01-01 17:28:10.419 I/hagodaemon(  283): [I|  312|b6cc2000|PLYRSRVC|PlayerServiceService.cc:240|PlayController_New] Enter
01-01 17:28:10.419 I/hagodaemon(  283): [I|  312|b6cc2000|PLYRSRVC|PlayerServiceService.cc:253|PlayController_New] Exit
01-01 17:28:10.420 I/hagodaemon(  283): [I|  312|b6cc2000|PLYRSRVC|PlayerServiceService.cc:272|PlayController_Connect] Enter
01-01 17:28:10.421 I/hagodaemon(  283): [I|  312|b6cc2000|PLYRSRVC|PlayerServiceService.cc:283|PlayController_Connect] Exit
01-01 17:28:10.465 I/hagodaemon(  285): [realvinyl] Init REALVINYL (ver. 0001.00.00)
01-01 17:28:10.465 I/hagodaemon(  285): [realvinyl] w_buf_size : 49984 - 49968
01-01 17:28:10.465 I/hagodaemon(  285): [realvinyl] work_buf   : 0xb3fa81fc (org), 0xb3fa8200 (mod)
01-01 17:28:10.465 I/hagodaemon(  285): [realvinyl] shared_buf : 0xb3fb453c (org), 0xb3fb4540 (mod)
01-01 17:28:10.465 I/hagodaemon(  285): [realvinyl] is_reset : 0xb3fa8200, packet_count : 0xb3fa8204
01-01 17:28:10.465 I/hagodaemon(  285): [realvinyl] cur_ch_num : 0xb3fa8208, cur_fs : 0xb3fa820c
01-01 17:28:10.466 I/hagodaemon(  285): [realvinyl] vf_vinyl_vib_iirbufp_d[0][0] : 0xb3fb1820
01-01 17:28:10.466 I/hagodaemon(  285): [realvinyl] cur_param : 0xb3fb24a0, next_param : 0xb3fb34e8
01-01 17:28:10.467 I/hagodaemon(  285): [f2i] Init F2I (ver. 0000.12.00)
01-01 17:28:10.467 I/hagodaemon(  285): [I|  318|b6cfb000|SS  |FilterChain.cc:157] ----- Created FilterChain as -----
01-01 17:28:10.468 I/hagodaemon(  285): [I|  318|b6cfb000|SS  |FilterChain.cc:159] i2f
01-01 17:28:10.468 I/hagodaemon(  285): [I|  318|b6cfb000|SS  |FilterChain.cc:159] dseeai
01-01 17:28:10.468 I/hagodaemon(  285): [I|  318|b6cfb000|SS  |FilterChain.cc:159] heq
01-01 17:28:10.468 I/hagodaemon(  285): [I|  318|b6cfb000|SS  |FilterChain.cc:159] dynamicnormalizer
01-01 17:28:10.469 I/hagodaemon(  285): [I|  318|b6cfb000|SS  |FilterChain.cc:159] attn
01-01 17:28:10.469 I/hagodaemon(  285): [I|  318|b6cfb000|SS  |FilterChain.cc:159] eq6band
01-01 17:28:10.469 I/hagodaemon(  285): [I|  318|b6cfb000|SS  |FilterChain.cc:159] vpt
01-01 17:28:10.469 I/hagodaemon(  285): [I|  318|b6cfb000|SS  |FilterChain.cc:159] clearphase
01-01 17:28:10.470 I/hagodaemon(  285): [I|  318|b6cfb000|SS  |FilterChain.cc:159] alc
01-01 17:28:10.470 I/hagodaemon(  285): [I|  318|b6cfb000|SS  |FilterChain.cc:159] dcphaselinear
01-01 17:28:10.470 I/hagodaemon(  285): [I|  318|b6cfb000|SS  |FilterChain.cc:159] vinylizer
01-01 17:28:10.470 I/hagodaemon(  285): [I|  318|b6cfb000|SS  |FilterChain.cc:159] f2i
01-01 17:28:10.735 I/hagodaemon(  292): [I|  322|b5b98460|PMGR|PathMgrServiceServiceImpl.cc:107] OnChangedTunerDeviceState [state=1]
01-01 17:28:10.738 I/hagodaemon(  296): [I|  320|b45ff460|PWMG|UsbPoweredMonitor.cc:147] Powered by USB [PowerSupplyUsb]
01-01 17:28:10.738 I/hagodaemon(  296): [D|  320|b45ff460|PWMG|PowerMgrService.cc:423] FireOnPowered
01-01 17:28:10.740 I/hagodaemon(  275): [N|  294|b61ff460|POWR|PowerService.cc:1218] ChargeStatus: kCharging -> kNoCharge
01-01 17:28:10.824 I/hagodaemon(  292): [I|  322|b6c8d000|PMGR|PathMgrServiceServiceImpl.cc:663] current device is changed [SeHeadphone]
01-01 17:28:10.827 I/hagodaemon(  287): [D|  313|b57b3460|VOL |VolumeServiceService.cc:383] FireVolumeConditionChanged([vol:1, abs:1, 0, 120, rel:1, fixed:0, 4294967295])
01-01 17:28:10.837 I/hagodaemon(  287): [D|  313|b57b3460|VOL |VolumeAdlerOut.cc:296] current output device [SeHeadphone]
01-01 17:28:10.838 I/hagodaemon(  287): [D|  313|b57b3460|VOL |VolumeAdlerOut.cc:946] ReconfigureVolumes chg_cmd = [Output] output = [SeHeadphone] prevhp = [SeHeadphone] sehp = [1] btlhp = [0] volume = [0] 
01-01 17:28:10.841 I/hagodaemon(  287): [D|  313|b57b3460|VOL |VolumeServiceService.cc:419] FireAvlsConditionChanged([on:0, thrs:63, adapt:1, work:0])
01-01 17:28:10.843 I/hagodaemon(  285): [I|  318|b5739460|SS  |SoundServiceEventHandler.cc:299] Handles OutputDevice[output_device=2]
01-01 17:28:10.855 I/hagodaemon(  285): [I|  318|b5739460|SS  |FilterChain.cc:524] DriverVolTblMode: Off, without Latency adjustment
01-01 17:28:10.855 I/hagodaemon(  285): [D|  318|b5739460|SS  |DriverVolTblChanger.cc:135] Sets amixer(sound effect, 0)
01-01 17:28:10.855 I/hagodaemon(  285): [D|  318|b5739460|AHAL|AudioHalAdlerAlsa.cc:653] featured_dsd256_native_out: 0
01-01 17:28:10.857 I/hagodaemon(  292): [I|  322|b6c8d000|PMGR|PathMgrServiceServiceImpl.cc:675] wait for switching audio device
01-01 17:28:12.158 I/hagodaemon(  288): [D|  315|b6cb0000|VOL |VolumeGlueImpl.cc:105] do analog mute off(restores value)
01-01 17:28:12.158 I/hagodaemon(  288): [D|  315|b6cb0000|VOL |VolumeGlueImpl.cc:114] analog mute count: [0]
01-01 17:28:12.159 I/hagodaemon(  292): [I|  322|b6c8d000|PMGR|PathMgrServiceServiceImpl.cc:391] path [MediaPlay] was successfully changed
01-01 17:28:12.161 I/hagodaemon(  291): [I|  314|b6cf8000|FMGR|FuncMgrServiceServiceImpl.cc:150] FuncMode [MediaPlay] transition is completed
01-01 17:28:12.165 I/hagodaemon(  287): [D|  313|b6c6b000|VOL |VolumeServiceService.cc:383] FireVolumeConditionChanged([vol:1, abs:1, 0, 120, rel:1, fixed:0, 4294967295])
01-01 17:28:12.169 I/hagodaemon(  285): [I|  318|b6cfb000|SS  |SoundServiceEventHandler.cc:299] Handles OutputDevice[output_device=2]
01-01 17:28:12.174 I/hagodaemon(  285): [I|  318|b6cfb000|SS  |SoundServiceEventHandler.cc:313] Handles Path[path=0]
01-01 17:28:12.185 I/hagodaemon(  286): [I|  319|b6c90000|NC  |NcServiceImpl.cc:859] Setting NcSetting: Off, AsmSetting: Off
01-01 17:28:12.186 I/hagodaemon(  286): [I|  319|b6c90000|NC  |NcServiceImpl.cc:867] Config NcEnv: Ainc, NcGain: 0
01-01 17:28:12.187 I/hagodaemon(  286): [I|  319|b6c90000|NC  |NcServiceImpl.cc:872] Config AsmEnv: Ambient1, AsmGain: 0
01-01 17:28:12.189 I/hagodaemon(  287): [D|  313|b6c6b000|VOL |VolumeAdlerOut.cc:296] current output device [SeHeadphone]
01-01 17:28:12.189 I/hagodaemon(  287): [D|  313|b6c6b000|VOL |VolumeAdlerOut.cc:946] ReconfigureVolumes chg_cmd = [Output] output = [SeHeadphone] prevhp = [SeHeadphone] sehp = [1] btlhp = [0] volume = [0] 
01-01 17:28:12.192 I/hagodaemon(  287): [D|  313|b6c6b000|VOL |VolumeServiceService.cc:419] FireAvlsConditionChanged([on:0, thrs:63, adapt:1, work:0])
01-01 17:28:12.770 I/hagodaemon(  286): [D|  319|b6c90000|NC  |NcServiceImpl.cc:735] ----- current conditions -----
01-01 17:28:12.771 I/hagodaemon(  286): [D|  319|b6c90000|NC  |NcServiceImpl.cc:737] HpModel: OTHERS
01-01 17:28:12.771 I/hagodaemon(  286): [D|  319|b6c90000|NC  |NcServiceImpl.cc:748] ----- current conditions -----
01-01 17:28:12.771 I/hagodaemon(  286): [D|  319|b6c90000|NC  |NcServiceImpl.cc:750] HpModel: AsmNotCapable
01-01 17:28:12.772 I/hagodaemon(  286): [D|  319|b6c90000|NC  |NcServiceImpl.cc:752] HpModel: NcNotCapable
01-01 17:28:12.772 I/hagodaemon(  286): [D|  319|b6c90000|NC  |NcServiceImpl.cc:754] 5pin hp: Not plugged
01-01 17:28:12.772 I/hagodaemon(  286): [D|  319|b6c90000|NC  |NcServiceImpl.cc:756] OutputDevice: SeHp
01-01 17:28:12.772 I/hagodaemon(  286): [D|  319|b6c90000|NC  |NcServiceImpl.cc:758] FuncMode: Enabled NC
01-01 17:28:12.773 I/hagodaemon(  286): [D|  319|b6c90000|NC  |NcServiceImpl.cc:760] FuncMode: Enabled ASM
01-01 17:28:12.773 I/hagodaemon(  286): [D|  319|b6c90000|NC  |NcServiceImpl.cc:762] Driver: can work ASM
01-01 17:28:12.773 I/hagodaemon(  286): [D|  319|b6c90000|NC  |NcServiceImpl.cc:764] Driver: can work NC
01-01 17:28:12.773 I/hagodaemon(  286): [I|  319|b6c90000|NC  |NcServiceImpl.cc:896] Fires NcStatus: Disabled, AsmStatus: Disabled
01-01 17:28:12.791 I/hagodaemon(  285): [I|  318|b6cfb000|SS  |SoundServiceEventHandler.cc:336] Handles NcAsmStatus[ncasm=inactive]
01-01 17:28:12.791 I/hagodaemon(  285): [I|  318|b6cfb000|SS  |SoundServiceEventHandler.cc:362] Handles Volume[volume=0,120]
01-01 17:28:12.791 I/hagodaemon(  285): [I|  318|b6cfb000|SS  |SoundServiceEventHandler.cc:410] Handles GainMode[btlgainmode=0]
01-01 17:28:12.791 I/hagodaemon(  273): SFWK: All services started!
01-01 17:28:12.791 I/hagodaemon(  285): [I|  318|b6cfb000|SS  |SoundServiceEventHandler.cc:432] Handles GainMode[segainmode=0]
01-01 17:28:12.791 I/hagodaemon(  285): [I|  318|b6cfb000|SS  |SoundServiceEventHandler.cc:313] Handles Path[path=0]
01-01 17:28:12.791 I/hagodaemon(  285): [I|  318|b6cfb000|SS  |SoundServiceEventHandler.cc:336] Handles NcAsmStatus[ncasm=inactive]
01-01 17:28:15.383 D/NVRAM   (  147): NVRAM daemon sync start !
01-01 17:28:15.395 D/NVRAM   (  147): NVRAM daemon sync end !
01-01 17:28:15.395 D/NVRAM   (  147): NVRAM daemon exits !
01-01 17:28:17.151 I/hagodaemon(  299): [I|  324|b46ff460|UMGR|UsbMgrImplWmport.cc:260] Do postponed Initial Configuration
01-01 17:28:17.156 I/hagodaemon(  299): [I|  324|b46ff460|UMGR|UsbMgrImplWmport.cc:773] PowerSuppliedMode [Unrestricted] is set
01-01 17:28:17.156 I/hagodaemon(  299): [I|  324|b46ff460|UMGR|UsbMgrImplWmport.cc:525] UsbFunction [Msc] is set
01-01 17:28:17.287 I/hagodaemon(  299): [I|  324|b46ff460|UMGR|UsbMgrImplWmport.cc:553] UsbOtgMode [Device] is set
01-01 17:28:17.317 I/hagodaemon(  296): [I|  320|b45ff460|PWMG|UsbPoweredMonitor.cc:147] Powered by USB [PowerSupplyUsb]
01-01 17:28:17.317 I/hagodaemon(  296): [D|  320|b45ff460|PWMG|PowerMgrService.cc:423] FireOnPowered
01-01 17:28:17.321 I/hagodaemon(  275): [N|  294|b61ff460|POWR|PowerService.cc:1218] ChargeStatus: kNoCharge -> kCharging
01-01 17:28:17.323 I/hagodaemon(  299): [I|  324|b3eff460|UMGR|UsbResumeMonitor.cc:80] Powered by usb insert [PowerSupply]
01-01 17:28:17.967 I/hagodaemon(  296): [I|  320|b45ff460|PWMG|UsbPoweredMonitor.cc:147] Powered by USB [PowerSupplyUsb]
01-01 17:28:17.967 I/hagodaemon(  296): [D|  320|b45ff460|PWMG|PowerMgrService.cc:423] FireOnPowered
01-01 17:28:17.967 I/hagodaemon(  299): [I|  324|b3eff460|UMGR|UsbResumeMonitor.cc:80] Powered by usb insert [PowerSupply]
01-01 17:28:17.989 I/hagodaemon(  280): [N|  281|b36ff460|UDCS|UsbDeviceConnectionMonitor.cc:544] Detect change connection status : 1
01-01 17:28:17.989 I/hagodaemon(  280): [N|  281|b36ff460|UDCS|UsbDeviceConnectionService.cc:125] Fires OnConnectEvent : 2
01-01 17:28:17.990 I/hagodaemon(  301): [T|  323|b6cf3000|SMGR|StorageMgrImpl.cc:253] InformEnabledMscHost(enabled: [1], by_boot: [0])
01-01 17:28:17.991 I/hagodaemon(  290): [I|  316|b6cc1000|CMGR|ConnMgrServiceImpl.cc:397] device[6:MscHost], enabled = [1], connected = [1], rules = [1]
01-01 17:28:22.048 I/hagodaemon(  278): [N|  310|b6cb8000|KEYC|KeyCompDevFile.cc:557|bool KeyComp::KeyCompManager::KeyCompDriver::CheckPortKey(const KeyComp::SysFsKeyInfo &, std::vector<KeyInfo> *)] code=65571 value=0
01-01 17:28:22.048 I/hagodaemon(  278): [N|  310|b6cb8000|KEYC|KeyCompDevFile.cc:557|bool KeyComp::KeyCompManager::KeyCompDriver::CheckPortKey(const KeyComp::SysFsKeyInfo &, std::vector<KeyInfo> *)] code=65585 value=1
01-01 17:28:22.048 I/hagodaemon(  278): [N|  310|b6cb8000|KEYC|KeyCompImp.cc:295|void KeyComp::KeyCompImp::CheckCurrentStatus(bool)] DRCODE=65571 DRVAL=0
01-01 17:28:22.048 I/hagodaemon(  278): [N|  310|b6cb8000|KEYC|KeyCompImp.cc:295|void KeyComp::KeyCompImp::CheckCurrentStatus(bool)] DRCODE=65585 DRVAL=1
01-01 17:28:22.048 I/hagodaemon(  278): [N|  310|b6cb8000|KEYS|KeyService.cc:186|virtual void hgrm::key::KeyService::GetKeyStatus(pst::base::vector<key_packet_t> &)] keycode [35] event [0] driver [1]
01-01 17:28:22.057 I/hagodaemon(  284): [I|  311|b6c8e000|ONEP|OneTrackPlayerServiceService.cc:204|OnAddListener] Enter
01-01 17:28:22.057 I/hagodaemon(  284): [I|  311|b6c8e000|ONEP|OneTrackPlayerServiceService.cc:206|OnAddListener] Exit
01-01 17:28:22.096 I/hagodaemon(  283): [I|  312|b6cc2000|PLYRSRVC|PlayerServiceService.cc:512|PlayController_SetPlaySpeed] Enter
01-01 17:28:22.096 I/hagodaemon(  283): [I|  312|b6cc2000|PLYRSRVC|PlayerServiceService.cc:528|PlayController_SetPlaySpeed] Exit
01-01 17:28:22.251 D/NfcAdaptation(  355): readConfig Opened base config /system/etc/libnfc-nci.conf
01-01 17:28:22.274 I/hagodaemon(  296): [I|  320|b6368460|PWMG|PowerMgrImpl.cc:303] CpuNumBaseFullLocked: 1
01-01 17:28:25.851 I/logwrapper(   96): /system/xbin/icx_bootanimation terminated by signal 15
01-01 17:28:26.333 I/hagodaemon(  283): [I|  312|b323f460|MDSTRSRV|MediaStoreServiceService.cc:393|virtual void pst::services::MediaStoreServiceService::MediaScanner_Scan(const IMediaStoreService::MediaScanner_Scan_Request &, IMediaStoreService::MediaScanner_Scan_Response &)] MediaStoreService locked.
01-01 17:28:28.284 I/hagodaemon(  283): [I|  312|b16ff460|MDSTRSRV|MediaStoreServiceService.cc:454|auto pst::services::MediaStoreServiceService::MediaScanner_Scan(const IMediaStoreService::MediaScanner_Scan_Request &, IMediaStoreService::MediaScanner_Scan_Response &)::(anonymous class)::operator()() const] MediaStoreService unlocked.
01-01 17:28:28.563 I/hagodaemon(  283): [I|  312|b6cc2000|PLYRSRVC|PlayerServiceService.cc:486|PlayController_SetTrackSequence] Enter
01-01 17:28:28.618 I/hagodaemon(  283): [I|  312|b509b460|PLYRSRVC|PlayerServiceService.cc:764|operator()] Enter
01-01 17:28:28.623 I/hagodaemon(  283): [I|  312|b509b460|PLYRSRVC|PlayerServiceService.cc:764|operator()] Exit
01-01 17:28:28.623 I/hagodaemon(  283): 20180101 172828.621854 [INFO] [GapChainFactory.c:452] [tid:418] demuxer cmp name = [OMX.SONY.DEMUX.DSD]
01-01 17:28:28.626 I/hagodaemon(  283): 20180101 172828.625044 [INFO] [DmcOmxDemuxerCmp.c:2487] [tid:642] content URI: /data/mnt/internal/MUSIC/Don't Drift Too Far.dsf
01-01 17:28:28.685 I/hagodaemon(  283): 20180101 172828.685528 [INFO] [DmcOmxDemuxerCmp.c:5568] [tid:642] componentOnStateChange: [OMX_StateLoaded]->[OMX_StateIdle]
01-01 17:28:28.695 I/hagodaemon(  283): 20180101 172828.694269 [ERR ] [DmcDsdAudioRendererCmp.c:759] [tid:644] componentOnStateChange: [OMX_StateLoaded]->[OMX_StateIdle]
01-01 17:28:28.696 I/hagodaemon(  283): 20180101 172828.695827 [INFO] [GapPlayer.c:451] [tid:409] GapPlayer_setSpeedEx() speed=1/1,0
01-01 17:28:28.702 I/hagodaemon(  283): [I|  312|b6cc2000|PLYRSRVC|PlayerServiceService.cc:506|PlayController_SetTrackSequence] Exit
01-01 17:28:28.705 I/hagodaemon(  283): [I|  312|b6cc2000|PLYRSRVC|PlayerServiceService.cc:373|PlayController_ChangePlayState] Enter
01-01 17:28:28.706 I/hagodaemon(  283): 20180101 172828.705979 [INFO] [GapPlayer.c:502] [tid:409] GapPlayer_pause()
01-01 17:28:28.706 I/hagodaemon(  283): 20180101 172828.706336 [INFO] [DmcOmxDemuxerCmp.c:5568] [tid:642] componentOnStateChange: [OMX_StateIdle]->[OMX_StatePause]
01-01 17:28:28.708 I/hagodaemon(  283): 20180101 172828.707125 [ERR ] [DmcDsdAudioRendererCmp.c:759] [tid:644] componentOnStateChange: [OMX_StateIdle]->[OMX_StatePause]
01-01 17:28:28.708 I/hagodaemon(  283): 20180101 172828.707327 [INFO] [WmSoundService.cpp:408] [tid:644] [SoundService] nChannels [2], nBitPerSample [1], nSamplingRate [2822400]
01-01 17:28:28.708 I/hagodaemon(  283): 20180101 172828.707481 [INFO] [WmSoundService.cpp:426] [tid:644] [SoundService][Original] eEncoding [WMX_AUDIO_CodingDSD]
01-01 17:28:28.708 I/hagodaemon(  283): 20180101 172828.707602 [INFO] [WmSoundService.cpp:439] [tid:644] [SoundService][Original] nChannels [2], nBitPerSample [1], nSamplingRate [2822400]
01-01 17:28:28.708 I/hagodaemon(  283): 20180101 172828.707751 [INFO] [WmSoundService.cpp:442] [tid:644] [SoundService][Original] bVbr [0], nBitRate [0]
01-01 17:28:28.713 I/hagodaemon(  285): [I|  318|b6cfb000|SS  |SoundServiceAudioInfoLogs.cc:86] ----- AudioTrack[CreateTrack by PID[312]] -----
01-01 17:28:28.713 I/hagodaemon(  285): [I|  318|b6cfb000|SS  |SoundServiceAudioInfoLogs.cc:88] [Tracks]
01-01 17:28:28.713 I/hagodaemon(  285): [I|  318|b6cfb000|SS  |SoundServiceAudioInfoLogs.cc:89]   type: Music
01-01 17:28:28.713 I/hagodaemon(  285): [I|  318|b6cfb000|SS  |SoundServiceAudioInfoLogs.cc:113] [Codecs]
01-01 17:28:28.713 I/hagodaemon(  285): [I|  318|b6cfb000|SS  |SoundServiceAudioInfoLogs.cc:114]   codec: DSD
01-01 17:28:28.713 I/hagodaemon(  285): [I|  318|b6cfb000|SS  |SoundServiceAudioInfoLogs.cc:118]   f_samp: 2822400(DSD64)
01-01 17:28:28.713 I/hagodaemon(  285): [I|  318|b6cfb000|SS  |SoundServiceAudioInfoLogs.cc:123]   bits_per_samp: PDM
01-01 17:28:28.713 I/hagodaemon(  285): [I|  318|b6cfb000|SS  |SoundServiceAudioInfoLogs.cc:128] [Channels]
01-01 17:28:28.713 I/hagodaemon(  285): [I|  318|b6cfb000|SS  |SoundServiceAudioInfoLogs.cc:129]   num_of_ch: 2
01-01 17:28:28.713 I/hagodaemon(  285): [I|  318|b6cfb000|SS  |SoundServiceAudioInfoLogs.cc:130]   ch_config: Stereo
01-01 17:28:28.713 I/hagodaemon(  285): [I|  318|b6cfb000|SS  |SoundServiceAudioInfoLogs.cc:141] [Buffers]
01-01 17:28:28.713 I/hagodaemon(  285): [I|  318|b6cfb000|SS  |SoundServiceAudioInfoLogs.cc:142]   type: DsdMsbFirst
01-01 17:28:28.713 I/hagodaemon(  285): [I|  318|b6cfb000|SS  |SoundServiceAudioInfoLogs.cc:143]   bytes: 1
01-01 17:28:28.713 I/hagodaemon(  285): [I|  318|b6cfb000|SS  |SoundServiceAudioInfoLogs.cc:144]   mode: Interleaved
01-01 17:28:28.713 I/hagodaemon(  285): [I|  318|b6cfb000|SS  |SoundServiceAudioInfoLogs.cc:155]   ch_config: Invalid
01-01 17:28:28.713 I/hagodaemon(  285): [I|  318|b6cfb000|SS  |SoundServiceImpl.cc:298] Track[TK_MUSIC_PID_312_PKT_131072_QUE_3_1] has been created
01-01 17:28:28.715 I/hagodaemon(  283): [I|  312|b6cc2000|PLYRSRVC|PlayerServiceService.cc:386|PlayController_ChangePlayState] Exit
01-01 17:28:28.737 I/hagodaemon(  283): [I|  312|b6cc2000|PLYRSRVC|PlayerServiceService.cc:373|PlayController_ChangePlayState] Enter
01-01 17:28:28.737 I/hagodaemon(  283): [I|  312|b6cc2000|PLYRSRVC|PlayerServiceService.cc:386|PlayController_ChangePlayState] Exit
01-01 17:28:28.740 I/hagodaemon(  283): [I|  312|b6cc2000|PLYRSRVC|PlayerServiceService.cc:534|PlayController_ResetPlaySpeed] Enter
01-01 17:28:28.741 I/hagodaemon(  283): [I|  312|b6cc2000|PLYRSRVC|PlayerServiceService.cc:545|PlayController_ResetPlaySpeed] Exit
01-01 17:28:50.252 I/hagodaemon(  283): [I|  312|b6cc2000|PLYRSRVC|PlayerServiceService.cc:534|PlayController_ResetPlaySpeed] Enter
01-01 17:28:50.253 I/hagodaemon(  283): [I|  312|b6cc2000|PLYRSRVC|PlayerServiceService.cc:545|PlayController_ResetPlaySpeed] Exit
01-01 17:28:50.254 I/hagodaemon(  283): [I|  312|b6cc2000|PLYRSRVC|PlayerServiceService.cc:373|PlayController_ChangePlayState] Enter
01-01 17:28:50.255 I/hagodaemon(  283): 20180101 172850.255040 [INFO] [GapPlayer.c:469] [tid:409] GapPlayer_play()
01-01 17:28:50.256 I/hagodaemon(  283): 20180101 172850.255661 [INFO] [DmcOmxDemuxerCmp.c:5568] [tid:642] componentOnStateChange: [OMX_StatePause]->[OMX_StateExecuting]
01-01 17:28:50.359 I/hagodaemon(  283): 20180101 172850.357409 [ERR ] [DmcDsdAudioRendererCmp.c:759] [tid:644] componentOnStateChange: [OMX_StatePause]->[OMX_StateExecuting]
01-01 17:28:50.360 I/hagodaemon(  285): [I|  318|b3edf460|SS  |SoundServiceImpl.cc:512] Track[TK_MUSIC_PID_312_PKT_131072_QUE_3_1] received CtrlPacket[track::play]
01-01 17:28:50.362 I/hagodaemon(  283): 20180101 172850.361248 [INFO] [WmSoundService.cpp:133] [tid:651] WriteWatcher started.
01-01 17:28:50.363 I/hagodaemon(  283): 20180101 172850.362844 [INFO] [DmcOmxDemuxerCmp.c:4693] [tid:642] audio buffer count = [63/64]
01-01 17:28:50.373 I/hagodaemon(  285): [I|  318|b3edf460|SS  |PreFilters.cc:496] PreFilters Configuration: DO_PROCESS
01-01 17:28:50.373 I/hagodaemon(  285): [I|  318|b3edf460|SS  |PreFilters.cc:497] Enabled Filters:
01-01 17:28:50.373 I/hagodaemon(  285): [I|  318|b3edf460|SS  |PreFilters.cc:504] 	Filter: dsd2lpcm (2822400[Hz] -> 176400[Hz])
01-01 17:28:50.403 I/hagodaemon(  285): [T|  318|b3edf460|AHAL|AudioHalAdlerAlsa.cc:1098] switches to OperationMode[0]
01-01 17:28:50.403 I/hagodaemon(  285): [D|  318|b3edf460|AHAL|AudioHalOutAdlerAlsa.cc:222] [hw:0,4]
01-01 17:28:50.412 I/hagodaemon(  283): [I|  312|b6cc2000|PLYRSRVC|PlayerServiceService.cc:386|PlayController_ChangePlayState] Exit
01-01 17:28:50.440 I/hagodaemon(  285): [T|  318|b3edf460|AHAL|AudioHalAdlerAlsa.cc:335] !!! not opened
01-01 17:28:50.440 I/hagodaemon(  285): [I|  318|b3edf460|AHAL|AudioHalAdlerAlsa.cc:26] ----- AudioHalParam [master] -----
01-01 17:28:50.440 I/hagodaemon(  285): [I|  318|b3edf460|AHAL|AudioHalAdlerAlsa.cc:27] FSamp: [176400]
01-01 17:28:50.441 I/hagodaemon(  285): [I|  318|b3edf460|AHAL|AudioHalAdlerAlsa.cc:28] NumOfCh: [2]
01-01 17:28:50.441 I/hagodaemon(  285): [I|  318|b3edf460|AHAL|AudioHalAdlerAlsa.cc:29] ChConfig: [2]
01-01 17:28:50.441 I/hagodaemon(  285): [I|  318|b3edf460|AHAL|AudioHalAdlerAlsa.cc:30] BufferType: [1]
01-01 17:28:50.441 I/hagodaemon(  285): [I|  318|b3edf460|AHAL|AudioHalAdlerAlsa.cc:31] BytesOfIntBuffer: [4]
01-01 17:28:50.441 I/hagodaemon(  285): [I|  318|b3edf460|AHAL|AudioHalAdlerAlsa.cc:32] BufferMode: [1]
01-01 17:28:50.441 I/hagodaemon(  285): [I|  318|b3edf460|AHAL|AudioHalOutAdlerAlsa.cc:1504] fs = 176400 [Hz]
01-01 17:28:50.441 I/hagodaemon(  285): [I|  318|b3edf460|AHAL|AudioHalOutAdlerAlsa.cc:1505] channels = 2
01-01 17:28:50.441 I/hagodaemon(  285): [I|  318|b3edf460|AHAL|AudioHalOutAdlerAlsa.cc:1506] buffer time = 500000
01-01 17:28:50.441 I/hagodaemon(  285): [I|  318|b3edf460|AHAL|AudioHalOutAdlerAlsa.cc:1507] period time = 21768
01-01 17:28:50.441 I/hagodaemon(  285): [I|  318|b3edf460|AHAL|AudioHalOutAdlerAlsa.cc:1508] buffer frames = 0
01-01 17:28:50.441 I/hagodaemon(  285): [I|  318|b3edf460|AHAL|AudioHalOutAdlerAlsa.cc:1509] period frames = 0
01-01 17:28:50.454 I/hagodaemon(  285): [I|  318|b3edf460|AHAL|AudioHalOutAdlerAlsa.cc:1533] period size = 3840 [frames]
01-01 17:28:50.454 I/hagodaemon(  285): [I|  318|b3edf460|AHAL|AudioHalOutAdlerAlsa.cc:1534] buffer size = 88200 [frames]
01-01 17:28:50.454 I/hagodaemon(  285): [I|  318|b3edf460|AHAL|AudioHalOutAdlerAlsa.cc:1535] latency = 500000 [us]
01-01 17:28:50.454 I/hagodaemon(  285): [I|  318|b3edf460|AHAL|AudioHalOutAdlerAlsa.cc:1761] start_threshold = 88200
01-01 17:28:50.454 I/hagodaemon(  285): [I|  318|b3edf460|AHAL|AudioHalOutAdlerAlsa.cc:1762] stop_threshold = 88200
01-01 17:28:50.454 I/hagodaemon(  285): [I|  318|b3edf460|AHAL|AudioHalOutAdlerAlsa.cc:1763] avail_min = -1
01-01 17:28:50.454 I/hagodaemon(  285): [I|  318|b3edf460|AHAL|AudioHalOutAdlerAlsa.cc:1764] start_delay = 0
01-01 17:28:50.454 I/hagodaemon(  285): [I|  318|b3edf460|AHAL|AudioHalOutAdlerAlsa.cc:1765] stop_delay = 0
01-01 17:28:50.454 I/hagodaemon(  285): [I|  318|b3edf460|AHAL|AudioHalOutAdlerAlsa.cc:771] frames_to_bytes = 8
01-01 17:28:50.454 I/hagodaemon(  285): [I|  318|b3edf460|AHAL|AudioHalOutAdlerAlsa.cc:772] bytes_per_period = 30720
01-01 17:28:50.454 I/hagodaemon(  285): [T|  318|b3edf460|AHAL|AudioHalAdlerAlsa.cc:478] not opened

track plays
SLEEP FOR 500

01-01 17:31:27.635 I/hagodaemon(  283): 20180101 173127.631711 [INFO] [GapPlayChain.c:551] [tid:642] GAP_CMP_EVENT_END_OF_STREAM role = 0
01-01 17:31:27.635 I/hagodaemon(  283): 20180101 173127.633196 [INFO] [GapPlayerCmdHandlerPlay.c:533] [tid:418] Preparing next track.
01-01 17:31:27.635 I/hagodaemon(  283): [I|  312|b509b460|PLYRSRVC|PlayerServiceService.cc:765|operator()] Enter
01-01 17:31:27.637 I/hagodaemon(  283): [I|  312|b509b460|PLYRSRVC|PlayerServiceService.cc:765|operator()] Exit
01-01 17:31:27.687 I/hagodaemon(  283): 20180101 173127.686553 [ERR ] [GapPlayChain.c:3985] [tid:418] Different album.
01-01 17:31:34.167 I/hagodaemon(  283): 20180101 173134.165270 [INFO] [GapPlayChain.c:551] [tid:644] GAP_CMP_EVENT_END_OF_STREAM role = 2
01-01 17:31:34.171 I/hagodaemon(  283): [I|  312|b509b460|PLYRSRVC|PlayerServiceService.cc:767|operator()] Enter
01-01 17:31:34.174 I/hagodaemon(  283): [I|  312|b509b460|PLYRSRVC|PlayerServiceService.cc:767|operator()] Exit
01-01 17:31:34.176 I/hagodaemon(  283): 20180101 173134.175554 [INFO] [DmcOmxDemuxerCmp.c:5568] [tid:642] componentOnStateChange: [OMX_StateExecuting]->[OMX_StateIdle]
01-01 17:31:34.177 I/hagodaemon(  283): 20180101 173134.176272 [ERR ] [DmcDsdAudioRendererCmp.c:759] [tid:644] componentOnStateChange: [OMX_StateExecuting]->[OMX_StateIdle]
01-01 17:31:34.248 I/hagodaemon(  283): 20180101 173134.246921 [INFO] [WmSoundService.cpp:672] [tid:644] IAudioTrack::SendEos()
01-01 17:31:34.327 I/hagodaemon(  283): 20180101 173134.325749 [INFO] [WmSoundService.cpp:167] [tid:644] WriteWatcher joined.
01-01 17:31:34.336 I/hagodaemon(  283): 20180101 173134.333947 [INFO] [DmcOmxDemuxerCmp.c:5568] [tid:642] componentOnStateChange: [OMX_StateIdle]->[OMX_StateLoaded]
01-01 17:31:34.344 I/hagodaemon(  283): 20180101 173134.343386 [ERR ] [DmcDsdAudioRendererCmp.c:759] [tid:644] componentOnStateChange: [OMX_StateIdle]->[OMX_StateLoaded]
01-01 17:31:34.397 I/hagodaemon(  285): [I|  318|b3edf460|SS  |SoundServiceImpl.cc:512] Track[TK_MUSIC_PID_312_PKT_131072_QUE_3_1] received CtrlPacket[track::drain]
01-01 17:31:34.415 I/hagodaemon(  285): [I|  318|b3edf460|SS  |SoundServiceImpl.cc:629] Track[TK_MUSIC_PID_312_PKT_131072_QUE_3_1] drains by silent audio Pkts[4] = [200]ms
01-01 17:31:34.619 I/hagodaemon(  285): [D|  318|b3edf460|AHAL|AudioHalOutAdlerAlsa.cc:354] flushes proof_buffer [12288] bytes
01-01 17:31:34.619 I/hagodaemon(  285): [D|  318|b3edf460|AHAL|AudioHalOutAdlerAlsa.cc:918] format_set_silence: [30720] > [12288]
01-01 17:31:35.136 I/hagodaemon(  285): [D|  318|b3edf460|AHAL|AudioHalOutAdlerAlsa.cc:295] [hw:0,4]
01-01 17:31:35.139 I/hagodaemon(  285): [I|  318|b3edf460|SS  |SoundServiceImpl.cc:512] Track[TK_MUSIC_PID_312_PKT_131072_QUE_3_1] received CtrlPacket[track::stop]
01-01 17:31:35.140 I/hagodaemon(  285): [I|  318|b3edf460|SS  |SoundServiceImpl.cc:512] Track[TK_MUSIC_PID_312_PKT_131072_QUE_3_1] received CtrlPacket[track::destroy]
01-01 17:31:35.140 I/hagodaemon(  285): [I|  318|b3edf460|SS  |SoundServiceImpl.cc:545] Track[TK_MUSIC_PID_312_PKT_131072_QUE_3_1] is ready to destroy
01-01 17:31:35.142 I/hagodaemon(  285): [I|  318|b5f39460|SS  |SoundServiceImpl.cc:348] Track[TK_MUSIC_PID_312_PKT_131072_QUE_3_1] has been destroyed
01-01 17:31:35.144 I/hagodaemon(  283): [I|  312|b509b460|PLYRSRVC|PlayerServiceService.cc:764|operator()] Enter
01-01 17:31:35.145 I/hagodaemon(  283): [I|  312|b509b460|PLYRSRVC|PlayerServiceService.cc:764|operator()] Exit
01-01 17:31:35.147 I/hagodaemon(  283): 20180101 173135.145954 [INFO] [GapChainFactory.c:452] [tid:418] demuxer cmp name = [OMX.SONY.DEMUX.DSD]
