01-01 18:02:25.477 I/hagodaemon(  281): [I|  310|b5e62460|SS  |SoundServiceImpl.cc:348] Track[TK_MUSIC_PID_292_PKT_131072_QUE_5_1] has been destroyed
01-01 18:02:25.479 I/hagodaemon(  279): [I|  292|b5029460|PLYRSRVC|PlayerServiceService.cc:764|operator()] Enter
01-01 18:02:25.480 I/hagodaemon(  279): [I|  292|b5029460|PLYRSRVC|PlayerServiceService.cc:764|operator()] Exit
01-01 18:02:25.484 I/hagodaemon(  279): 20180101 180225.482163 [INFO] [GapChainFactory.c:452] [tid:480] demuxer cmp name = [OMX.SONY.DEMUX.FLAC]
01-01 18:02:25.487 I/hagodaemon(  279): 20180101 180225.485861 [INFO] [DmcOmxDemuxerCmp.c:2487] [tid:675] content URI: /data/mnt/internal/MUSIC/07 The Voice & The Snake.flac
01-01 18:02:25.502 I/hagodaemon(  279): 20180101 180225.499821 [INFO] [DmcOmxSoundEffectCmp.c:1033] [tid:676] outSamplingRate:  [44100]->[192000]
01-01 18:02:25.504 I/hagodaemon(  279): 20180101 180225.502407 [INFO] [DmcOmxSoundEffectCmp.c:1037] [tid:676] inSamplingRate:  [44100]->[192000]
01-01 18:02:25.506 I/hagodaemon(  279): 20180101 180225.504789 [INFO] [DmcOmxSoundEffectCmp.c:1038] [tid:676] inChannels:      [2]->[2]
01-01 18:02:25.509 I/hagodaemon(  279): 20180101 180225.507036 [INFO] [DmcOmxSoundEffectCmp.c:1039] [tid:676] inBitsPerSample: [16]->[24]
01-01 18:02:25.534 I/hagodaemon(  279): 20180101 180225.533159 [INFO] [DmcOmxDemuxerCmp.c:5568] [tid:675] componentOnStateChange: [OMX_StateLoaded]->[OMX_StateIdle]
01-01 18:02:25.545 I/hagodaemon(  279): 20180101 180225.544965 [INFO] [DmcAndroidAudioRendererCmp.c:1567] [tid:677] componentOnStateChange: [OMX_StateLoaded]->[OMX_StateIdle]
01-01 18:02:25.547 I/hagodaemon(  279): 20180101 180225.545954 [INFO] [DmcOmxDemuxerCmp.c:5568] [tid:675] componentOnStateChange: [OMX_StateIdle]->[OMX_StatePause]
01-01 18:02:25.548 I/hagodaemon(  279): 20180101 180225.547334 [INFO] [DmcAndroidAudioRendererCmp.c:1567] [tid:677] componentOnStateChange: [OMX_StateIdle]->[OMX_StatePause]
01-01 18:02:25.548 I/hagodaemon(  279): 20180101 180225.547502 [INFO] [WmSoundService.cpp:408] [tid:677] [SoundService] nChannels [2], nBitPerSample [32], nSamplingRate [192000]
01-01 18:02:25.548 I/hagodaemon(  279): 20180101 180225.547688 [INFO] [WmSoundService.cpp:427] [tid:677] [SoundService][Original] eEncoding [WMX_AUDIO_CodingFLAC]
01-01 18:02:25.548 I/hagodaemon(  279): 20180101 180225.547822 [INFO] [WmSoundService.cpp:439] [tid:677] [SoundService][Original] nChannels [2], nBitPerSample [24], nSamplingRate [192000]
01-01 18:02:25.548 I/hagodaemon(  279): 20180101 180225.547982 [INFO] [WmSoundService.cpp:442] [tid:677] [SoundService][Original] bVbr [0], nBitRate [0]
01-01 18:02:25.551 I/hagodaemon(  281): [I|  310|b6c24000|SS  |SoundServiceAudioInfoLogs.cc:86] ----- AudioTrack[CreateTrack by PID[292]] -----
01-01 18:02:25.551 I/hagodaemon(  281): [I|  310|b6c24000|SS  |SoundServiceAudioInfoLogs.cc:88] [Tracks]
01-01 18:02:25.551 I/hagodaemon(  281): [I|  310|b6c24000|SS  |SoundServiceAudioInfoLogs.cc:89]   type: Music
01-01 18:02:25.551 I/hagodaemon(  281): [I|  310|b6c24000|SS  |SoundServiceAudioInfoLogs.cc:113] [Codecs]
01-01 18:02:25.551 I/hagodaemon(  281): [I|  310|b6c24000|SS  |SoundServiceAudioInfoLogs.cc:114]   codec: LPCM
01-01 18:02:25.551 I/hagodaemon(  281): [I|  310|b6c24000|SS  |SoundServiceAudioInfoLogs.cc:120]   f_samp: 192000
01-01 18:02:25.551 I/hagodaemon(  281): [I|  310|b6c24000|SS  |SoundServiceAudioInfoLogs.cc:125]   bits_per_samp: 32
01-01 18:02:25.551 I/hagodaemon(  281): [I|  310|b6c24000|SS  |SoundServiceAudioInfoLogs.cc:128] [Channels]
01-01 18:02:25.551 I/hagodaemon(  281): [I|  310|b6c24000|SS  |SoundServiceAudioInfoLogs.cc:129]   num_of_ch: 2
01-01 18:02:25.551 I/hagodaemon(  281): [I|  310|b6c24000|SS  |SoundServiceAudioInfoLogs.cc:130]   ch_config: Stereo
01-01 18:02:25.551 I/hagodaemon(  281): [I|  310|b6c24000|SS  |SoundServiceAudioInfoLogs.cc:141] [Buffers]
01-01 18:02:25.551 I/hagodaemon(  281): [I|  310|b6c24000|SS  |SoundServiceAudioInfoLogs.cc:142]   type: Int
01-01 18:02:25.551 I/hagodaemon(  281): [I|  310|b6c24000|SS  |SoundServiceAudioInfoLogs.cc:143]   bytes: 4
01-01 18:02:25.551 I/hagodaemon(  281): [I|  310|b6c24000|SS  |SoundServiceAudioInfoLogs.cc:144]   mode: Interleaved
01-01 18:02:25.551 I/hagodaemon(  281): [I|  310|b6c24000|SS  |SoundServiceAudioInfoLogs.cc:146] [PreAudioInfo]
01-01 18:02:25.551 I/hagodaemon(  281): [I|  310|b6c24000|SS  |SoundServiceAudioInfoLogs.cc:148]   codec_type: 3
01-01 18:02:25.551 I/hagodaemon(  281): [I|  310|b6c24000|SS  |SoundServiceAudioInfoLogs.cc:150]   bitrate_type: 3
01-01 18:02:25.551 I/hagodaemon(  281): [I|  310|b6c24000|SS  |SoundServiceAudioInfoLogs.cc:151]   bitrate_value: 0
01-01 18:02:25.551 I/hagodaemon(  281): [I|  310|b6c24000|SS  |SoundServiceAudioInfoLogs.cc:152]   f_samp: 192000
01-01 18:02:25.551 I/hagodaemon(  281): [I|  310|b6c24000|SS  |SoundServiceAudioInfoLogs.cc:153]   bits_per_samp: 24
01-01 18:02:25.551 I/hagodaemon(  281): [I|  310|b6c24000|SS  |SoundServiceAudioInfoLogs.cc:155]   ch_config: Invalid
01-01 18:02:25.552 I/hagodaemon(  281): [I|  310|b6c24000|SS  |SoundServiceImpl.cc:298] Track[TK_MUSIC_PID_292_PKT_131072_QUE_5_2] has been created
01-01 18:02:25.555 I/hagodaemon(  279): 20180101 180225.554485 [INFO] [DmcOmxDemuxerCmp.c:5568] [tid:675] componentOnStateChange: [OMX_StatePause]->[OMX_StateExecuting]
01-01 18:02:25.659 I/hagodaemon(  279): 20180101 180225.657322 [INFO] [DmcAndroidAudioRendererCmp.c:1567] [tid:677] componentOnStateChange: [OMX_StatePause]->[OMX_StateExecuting]
01-01 18:02:25.661 I/hagodaemon(  281): [I|  310|b3e0d460|SS  |SoundServiceImpl.cc:512] Track[TK_MUSIC_PID_292_PKT_131072_QUE_5_2] received CtrlPacket[track::play]
01-01 18:02:25.662 I/hagodaemon(  279): 20180101 180225.659687 [INFO] [WmSoundService.cpp:133] [tid:680] WriteWatcher started.
01-01 18:02:25.663 I/hagodaemon(  279): 20180101 180225.662331 [INFO] [DmcOmxDemuxerCmp.c:4693] [tid:675] audio buffer count = [233/234]
01-01 18:02:25.683 I/hagodaemon(  281): [I|  310|b3e0d460|SS  |PreFilters.cc:515] PreFilters Configuration: DO_NOT_PROCESS
01-01 18:02:25.709 I/hagodaemon(  281): [I|  310|b3e0d460|SS  |SoundServiceImpl.cc:1160] Track[TK_MUSIC_PID_292_PKT_131072_QUE_5_2] fades in packet
01-01 18:02:25.709 I/hagodaemon(  281): [D|  310|b3e0d460|AHAL|AudioHalOutAdlerAlsa.cc:222] [hw:0,4]
01-01 18:02:25.710 I/hagodaemon(  281): [T|  310|b3e0d460|AHAL|AudioHalAdlerAlsa.cc:335] !!! not opened
01-01 18:02:25.710 I/hagodaemon(  281): [I|  310|b3e0d460|AHAL|AudioHalAdlerAlsa.cc:26] ----- AudioHalParam [master] -----
01-01 18:02:25.710 I/hagodaemon(  281): [I|  310|b3e0d460|AHAL|AudioHalAdlerAlsa.cc:27] FSamp: [192000]
01-01 18:02:25.710 I/hagodaemon(  281): [I|  310|b3e0d460|AHAL|AudioHalAdlerAlsa.cc:28] NumOfCh: [2]
01-01 18:02:25.710 I/hagodaemon(  281): [I|  310|b3e0d460|AHAL|AudioHalAdlerAlsa.cc:29] ChConfig: [2]
01-01 18:02:25.710 I/hagodaemon(  281): [I|  310|b3e0d460|AHAL|AudioHalAdlerAlsa.cc:30] BufferType: [1]
01-01 18:02:25.710 I/hagodaemon(  281): [I|  310|b3e0d460|AHAL|AudioHalAdlerAlsa.cc:31] BytesOfIntBuffer: [4]
01-01 18:02:25.710 I/hagodaemon(  281): [I|  310|b3e0d460|AHAL|AudioHalAdlerAlsa.cc:32] BufferMode: [1]
01-01 18:02:25.710 I/hagodaemon(  281): [I|  310|b3e0d460|AHAL|AudioHalOutAdlerAlsa.cc:1504] fs = 192000 [Hz]
01-01 18:02:25.710 I/hagodaemon(  281): [I|  310|b3e0d460|AHAL|AudioHalOutAdlerAlsa.cc:1505] channels = 2
01-01 18:02:25.710 I/hagodaemon(  281): [I|  310|b3e0d460|AHAL|AudioHalOutAdlerAlsa.cc:1506] buffer time = 500000
01-01 18:02:25.710 I/hagodaemon(  281): [I|  310|b3e0d460|AHAL|AudioHalOutAdlerAlsa.cc:1507] period time = 20000
01-01 18:02:25.710 I/hagodaemon(  281): [I|  310|b3e0d460|AHAL|AudioHalOutAdlerAlsa.cc:1508] buffer frames = 0
01-01 18:02:25.710 I/hagodaemon(  281): [I|  310|b3e0d460|AHAL|AudioHalOutAdlerAlsa.cc:1509] period frames = 0
01-01 18:02:25.711 I/hagodaemon(  279): [W|  292|b46ff460|PLAY|Session.cc:806|virtual void pst::playservice::PlayerBase<pst::playservice::MediaEnginePlayer, pst::playservice::PlaySequence>::HandlePlayTimeUpdated(media_time_t, media_time_t) [BasicPlayerClass = pst::playservice::MediaEnginePlayer, SequenceClass = pst::playservice::PlaySequence]] playtime is not for the current track.
01-01 18:02:25.726 I/hagodaemon(  281): [I|  310|b3e0d460|AHAL|AudioHalOutAdlerAlsa.cc:1533] period size = 3840 [frames]
01-01 18:02:25.726 I/hagodaemon(  281): [I|  310|b3e0d460|AHAL|AudioHalOutAdlerAlsa.cc:1534] buffer size = 96000 [frames]
01-01 18:02:25.726 I/hagodaemon(  281): [I|  310|b3e0d460|AHAL|AudioHalOutAdlerAlsa.cc:1535] latency = 500000 [us]
01-01 18:02:25.726 I/hagodaemon(  281): [I|  310|b3e0d460|AHAL|AudioHalOutAdlerAlsa.cc:1761] start_threshold = 96000
01-01 18:02:25.726 I/hagodaemon(  281): [I|  310|b3e0d460|AHAL|AudioHalOutAdlerAlsa.cc:1762] stop_threshold = 96000
01-01 18:02:25.726 I/hagodaemon(  281): [I|  310|b3e0d460|AHAL|AudioHalOutAdlerAlsa.cc:1763] avail_min = -1
01-01 18:02:25.726 I/hagodaemon(  281): [I|  310|b3e0d460|AHAL|AudioHalOutAdlerAlsa.cc:1764] start_delay = 0
01-01 18:02:25.726 I/hagodaemon(  281): [I|  310|b3e0d460|AHAL|AudioHalOutAdlerAlsa.cc:1765] stop_delay = 0
01-01 18:02:25.726 I/hagodaemon(  281): [I|  310|b3e0d460|AHAL|AudioHalOutAdlerAlsa.cc:771] frames_to_bytes = 8
01-01 18:02:25.726 I/hagodaemon(  281): [I|  310|b3e0d460|AHAL|AudioHalOutAdlerAlsa.cc:772] bytes_per_period = 30720
01-01 18:02:25.726 I/hagodaemon(  281): [T|  310|b3e0d460|AHAL|AudioHalAdlerAlsa.cc:478] not opened

track plays
SLEEP FOR 500

01-01 18:04:00.981 I/hagodaemon(  279): 20180101 180400.978978 [INFO] [GapPlayChain.c:551] [tid:675] GAP_CMP_EVENT_END_OF_STREAM role = 0
01-01 18:04:00.982 I/hagodaemon(  279): 20180101 180400.981473 [INFO] [GapPlayerCmdHandlerPlay.c:533] [tid:480] Preparing next track.
01-01 18:04:00.982 I/hagodaemon(  279): [I|  292|b5029460|PLYRSRVC|PlayerServiceService.cc:765|operator()] Enter
01-01 18:04:00.983 I/hagodaemon(  279): [I|  292|b5029460|PLYRSRVC|PlayerServiceService.cc:765|operator()] Exit
01-01 18:04:01.007 I/hagodaemon(  279): 20180101 180401.005477 [INFO] [DmcOmxDemuxerCmp.c:2487] [tid:675] content URI: /data/mnt/internal/MUSIC/Snowflake.flac
01-01 18:04:06.176 I/hagodaemon(  279): 20180101 180406.173819 [INFO] [DmcAndroidAudioRendererCmp.c:1305] [tid:677] EOS received. nFilledLen = [0], nTimeStamp = [100885333]
01-01 18:04:06.180 I/hagodaemon(  279): 20180101 180406.176731 [INFO] [GapPlayChain.c:551] [tid:677] GAP_CMP_EVENT_END_OF_STREAM role = 2
01-01 18:04:06.184 I/hagodaemon(  279): [I|  292|b5029460|PLYRSRVC|PlayerServiceService.cc:767|operator()] Enter
01-01 18:04:06.184 I/hagodaemon(  279): 20180101 180406.184260 [INFO] [WmSoundService.cpp:818] [tid:677] IAudioTrack::SendEos()
01-01 18:04:06.189 I/hagodaemon(  279): [I|  292|b5029460|PLYRSRVC|PlayerServiceService.cc:767|operator()] Exit
01-01 18:04:06.235 I/hagodaemon(  279): 20180101 180406.235200 [INFO] [DmcOmxDemuxerCmp.c:5568] [tid:675] componentOnStateChange: [OMX_StateExecuting]->[OMX_StateIdle]
01-01 18:04:06.246 I/hagodaemon(  279): 20180101 180406.246137 [INFO] [DmcAndroidAudioRendererCmp.c:1567] [tid:677] componentOnStateChange: [OMX_StateExecuting]->[OMX_StateIdle]
01-01 18:04:06.376 I/hagodaemon(  281): [I|  310|b3e0d460|SS  |SoundServiceImpl.cc:512] Track[TK_MUSIC_PID_292_PKT_131072_QUE_5_2] received CtrlPacket[track::drain]
01-01 18:04:06.411 I/hagodaemon(  279): 20180101 180406.410823 [INFO] [WmSoundService.cpp:167] [tid:677] WriteWatcher joined.
01-01 18:04:06.431 I/hagodaemon(  279): 20180101 180406.430234 [INFO] [DmcOmxDemuxerCmp.c:5568] [tid:675] componentOnStateChange: [OMX_StateIdle]->[OMX_StateLoaded]
01-01 18:04:06.436 I/hagodaemon(  281): [I|  310|b3e0d460|SS  |SoundServiceImpl.cc:629] Track[TK_MUSIC_PID_292_PKT_131072_QUE_5_2] drains by silent audio Pkts[2] = [100]ms
01-01 18:04:06.457 I/hagodaemon(  279): 20180101 180406.457239 [INFO] [DmcAndroidAudioRendererCmp.c:1567] [tid:677] componentOnStateChange: [OMX_StateIdle]->[OMX_StateLoaded]
01-01 18:04:06.519 I/hagodaemon(  281): [D|  310|b3e0d460|AHAL|AudioHalOutAdlerAlsa.cc:354] flushes proof_buffer [8192] bytes
01-01 18:04:06.519 I/hagodaemon(  281): [D|  310|b3e0d460|AHAL|AudioHalOutAdlerAlsa.cc:918] format_set_silence: [30720] > [8192]
01-01 18:04:06.994 I/hagodaemon(  281): [D|  310|b3e0d460|AHAL|AudioHalOutAdlerAlsa.cc:295] [hw:0,4]
01-01 18:04:06.997 I/hagodaemon(  281): [I|  310|b3e0d460|SS  |SoundServiceImpl.cc:512] Track[TK_MUSIC_PID_292_PKT_131072_QUE_5_2] received CtrlPacket[track::stop]
01-01 18:04:06.997 I/hagodaemon(  281): [I|  310|b3e0d460|SS  |SoundServiceImpl.cc:512] Track[TK_MUSIC_PID_292_PKT_131072_QUE_5_2] received CtrlPacket[track::destroy]
01-01 18:04:06.997 I/hagodaemon(  281): [I|  310|b3e0d460|SS  |SoundServiceImpl.cc:545] Track[TK_MUSIC_PID_292_PKT_131072_QUE_5_2] is ready to destroy
01-01 18:04:06.998 I/hagodaemon(  281): [I|  310|b6662460|SS  |SoundServiceImpl.cc:348] Track[TK_MUSIC_PID_292_PKT_131072_QUE_5_2] has been destroyed
01-01 18:04:07.000 I/hagodaemon(  279): [I|  292|b5029460|PLYRSRVC|PlayerServiceService.cc:764|operator()] Enter
01-01 18:04:07.001 I/hagodaemon(  279): [I|  292|b5029460|PLYRSRVC|PlayerServiceService.cc:764|operator()] Exit
01-01 18:04:07.004 I/hagodaemon(  279): 20180101 180407.002552 [INFO] [GapChainFactory.c:452] [tid:480] demuxer cmp name = [OMX.SONY.DEMUX.FLAC]
01-01 18:04:07.008 I/hagodaemon(  279): 20180101 180407.007173 [INFO] [DmcOmxDemuxerCmp.c:2487] [tid:685] content URI: /data/mnt/internal/MUSIC/Snowflake.flac
01-01 18:04:07.021 I/hagodaemon(  279): 20180101 180407.018528 [INFO] [DmcOmxSoundEffectCmp.c:1033] [tid:686] outSamplingRate:  [44100]->[88200]
01-01 18:04:07.023 I/hagodaemon(  279): 20180101 180407.021238 [INFO] [DmcOmxSoundEffectCmp.c:1037] [tid:686] inSamplingRate:  [44100]->[88200]
01-01 18:04:07.026 I/hagodaemon(  279): 20180101 180407.024021 [INFO] [DmcOmxSoundEffectCmp.c:1038] [tid:686] inChannels:      [2]->[2]
01-01 18:04:07.028 I/hagodaemon(  279): 20180101 180407.026486 [INFO] [DmcOmxSoundEffectCmp.c:1039] [tid:686] inBitsPerSample: [16]->[24]
01-01 18:04:07.058 I/hagodaemon(  279): 20180101 180407.057144 [INFO] [DmcOmxDemuxerCmp.c:5568] [tid:685] componentOnStateChange: [OMX_StateLoaded]->[OMX_StateIdle]
01-01 18:04:07.070 I/hagodaemon(  279): 20180101 180407.069926 [INFO] [DmcAndroidAudioRendererCmp.c:1567] [tid:687] componentOnStateChange: [OMX_StateLoaded]->[OMX_StateIdle]
01-01 18:04:07.074 I/hagodaemon(  279): 20180101 180407.071655 [INFO] [DmcOmxDemuxerCmp.c:5568] [tid:685] componentOnStateChange: [OMX_StateIdle]->[OMX_StatePause]
01-01 18:04:07.079 I/hagodaemon(  279): 20180101 180407.074796 [INFO] [DmcAndroidAudioRendererCmp.c:1567] [tid:687] componentOnStateChange: [OMX_StateIdle]->[OMX_StatePause]
01-01 18:04:07.079 I/hagodaemon(  279): 20180101 180407.075217 [INFO] [WmSoundService.cpp:408] [tid:687] [SoundService] nChannels [2], nBitPerSample [32], nSamplingRate [88200]
01-01 18:04:07.079 I/hagodaemon(  281): [I|  310|b6c24000|SS  |SoundServiceAudioInfoLogs.cc:86] ----- AudioTrack[CreateTrack by PID[292]] -----
01-01 18:04:07.079 I/hagodaemon(  279): 20180101 180407.075567 [INFO] [WmSoundService.cpp:427] [tid:687] [SoundService][Original] eEncoding [WMX_AUDIO_CodingFLAC]
01-01 18:04:07.079 I/hagodaemon(  281): [I|  310|b6c24000|SS  |SoundServiceAudioInfoLogs.cc:88] [Tracks]
01-01 18:04:07.079 I/hagodaemon(  279): 20180101 180407.075849 [INFO] [WmSoundService.cpp:439] [tid:687] [SoundService][Original] nChannels [2], nBitPerSample [24], nSamplingRate [88200]
01-01 18:04:07.079 I/hagodaemon(  281): [I|  310|b6c24000|SS  |SoundServiceAudioInfoLogs.cc:89]   type: Music
01-01 18:04:07.079 I/hagodaemon(  279): 20180101 180407.076194 [INFO] [WmSoundService.cpp:442] [tid:687] [SoundService][Original] bVbr [0], nBitRate [0]
01-01 18:04:07.079 I/hagodaemon(  281): [I|  310|b6c24000|SS  |SoundServiceAudioInfoLogs.cc:113] [Codecs]
01-01 18:04:07.079 I/hagodaemon(  281): [I|  310|b6c24000|SS  |SoundServiceAudioInfoLogs.cc:114]   codec: LPCM
01-01 18:04:07.079 I/hagodaemon(  281): [I|  310|b6c24000|SS  |SoundServiceAudioInfoLogs.cc:120]   f_samp: 88200
01-01 18:04:07.079 I/hagodaemon(  281): [I|  310|b6c24000|SS  |SoundServiceAudioInfoLogs.cc:125]   bits_per_samp: 32
01-01 18:04:07.079 I/hagodaemon(  281): [I|  310|b6c24000|SS  |SoundServiceAudioInfoLogs.cc:128] [Channels]
01-01 18:04:07.079 I/hagodaemon(  281): [I|  310|b6c24000|SS  |SoundServiceAudioInfoLogs.cc:129]   num_of_ch: 2
01-01 18:04:07.079 I/hagodaemon(  281): [I|  310|b6c24000|SS  |SoundServiceAudioInfoLogs.cc:130]   ch_config: Stereo
01-01 18:04:07.079 I/hagodaemon(  281): [I|  310|b6c24000|SS  |SoundServiceAudioInfoLogs.cc:141] [Buffers]
01-01 18:04:07.079 I/hagodaemon(  281): [I|  310|b6c24000|SS  |SoundServiceAudioInfoLogs.cc:142]   type: Int
01-01 18:04:07.079 I/hagodaemon(  281): [I|  310|b6c24000|SS  |SoundServiceAudioInfoLogs.cc:143]   bytes: 4
01-01 18:04:07.079 I/hagodaemon(  281): [I|  310|b6c24000|SS  |SoundServiceAudioInfoLogs.cc:144]   mode: Interleaved
01-01 18:04:07.079 I/hagodaemon(  281): [I|  310|b6c24000|SS  |SoundServiceAudioInfoLogs.cc:146] [PreAudioInfo]
01-01 18:04:07.079 I/hagodaemon(  281): [I|  310|b6c24000|SS  |SoundServiceAudioInfoLogs.cc:148]   codec_type: 3
01-01 18:04:07.079 I/hagodaemon(  281): [I|  310|b6c24000|SS  |SoundServiceAudioInfoLogs.cc:150]   bitrate_type: 3
01-01 18:04:07.079 I/hagodaemon(  281): [I|  310|b6c24000|SS  |SoundServiceAudioInfoLogs.cc:151]   bitrate_value: 0
01-01 18:04:07.079 I/hagodaemon(  281): [I|  310|b6c24000|SS  |SoundServiceAudioInfoLogs.cc:152]   f_samp: 88200
01-01 18:04:07.079 I/hagodaemon(  281): [I|  310|b6c24000|SS  |SoundServiceAudioInfoLogs.cc:153]   bits_per_samp: 24
01-01 18:04:07.079 I/hagodaemon(  281): [I|  310|b6c24000|SS  |SoundServiceAudioInfoLogs.cc:155]   ch_config: Invalid
01-01 18:04:07.090 I/hagodaemon(  281): [I|  310|b6c24000|SS  |SoundServiceImpl.cc:298] Track[TK_MUSIC_PID_292_PKT_131072_QUE_5_3] has been created
01-01 18:04:07.094 I/hagodaemon(  279): 20180101 180407.092810 [INFO] [DmcOmxDemuxerCmp.c:5568] [tid:685] componentOnStateChange: [OMX_StatePause]->[OMX_StateExecuting]
01-01 18:04:07.197 I/hagodaemon(  279): 20180101 180407.195907 [INFO] [DmcAndroidAudioRendererCmp.c:1567] [tid:687] componentOnStateChange: [OMX_StatePause]->[OMX_StateExecuting]
01-01 18:04:07.199 I/hagodaemon(  281): [I|  310|b3e0d460|SS  |SoundServiceImpl.cc:512] Track[TK_MUSIC_PID_292_PKT_131072_QUE_5_3] received CtrlPacket[track::play]
01-01 18:04:07.202 I/hagodaemon(  279): 20180101 180407.199277 [INFO] [WmSoundService.cpp:133] [tid:690] WriteWatcher started.
01-01 18:04:07.204 I/hagodaemon(  279): 20180101 180407.202519 [INFO] [DmcOmxDemuxerCmp.c:4693] [tid:685] audio buffer count = [106/107]
01-01 18:04:07.219 I/hagodaemon(  281): [I|  310|b3e0d460|SS  |PreFilters.cc:515] PreFilters Configuration: DO_NOT_PROCESS
01-01 18:04:07.240 I/hagodaemon(  281): [I|  310|b3e0d460|SS  |SoundServiceImpl.cc:1160] Track[TK_MUSIC_PID_292_PKT_131072_QUE_5_3] fades in packet
01-01 18:04:07.240 I/hagodaemon(  281): [D|  310|b3e0d460|AHAL|AudioHalOutAdlerAlsa.cc:222] [hw:0,4]
01-01 18:04:07.339 I/hagodaemon(  281): [T|  310|b3e0d460|AHAL|AudioHalAdlerAlsa.cc:335] !!! not opened
01-01 18:04:07.339 I/hagodaemon(  281): [I|  310|b3e0d460|AHAL|AudioHalAdlerAlsa.cc:26] ----- AudioHalParam [master] -----
01-01 18:04:07.339 I/hagodaemon(  281): [I|  310|b3e0d460|AHAL|AudioHalAdlerAlsa.cc:27] FSamp: [88200]
01-01 18:04:07.339 I/hagodaemon(  281): [I|  310|b3e0d460|AHAL|AudioHalAdlerAlsa.cc:28] NumOfCh: [2]
01-01 18:04:07.339 I/hagodaemon(  281): [I|  310|b3e0d460|AHAL|AudioHalAdlerAlsa.cc:29] ChConfig: [2]
01-01 18:04:07.339 I/hagodaemon(  281): [I|  310|b3e0d460|AHAL|AudioHalAdlerAlsa.cc:30] BufferType: [1]
01-01 18:04:07.339 I/hagodaemon(  281): [I|  310|b3e0d460|AHAL|AudioHalAdlerAlsa.cc:31] BytesOfIntBuffer: [4]
01-01 18:04:07.339 I/hagodaemon(  281): [I|  310|b3e0d460|AHAL|AudioHalAdlerAlsa.cc:32] BufferMode: [1]
01-01 18:04:07.339 I/hagodaemon(  281): [I|  310|b3e0d460|AHAL|AudioHalOutAdlerAlsa.cc:1504] fs = 88200 [Hz]
01-01 18:04:07.339 I/hagodaemon(  281): [I|  310|b3e0d460|AHAL|AudioHalOutAdlerAlsa.cc:1505] channels = 2
01-01 18:04:07.339 I/hagodaemon(  281): [I|  310|b3e0d460|AHAL|AudioHalOutAdlerAlsa.cc:1506] buffer time = 500000
01-01 18:04:07.339 I/hagodaemon(  281): [I|  310|b3e0d460|AHAL|AudioHalOutAdlerAlsa.cc:1507] period time = 43537
01-01 18:04:07.339 I/hagodaemon(  281): [I|  310|b3e0d460|AHAL|AudioHalOutAdlerAlsa.cc:1508] buffer frames = 0
01-01 18:04:07.339 I/hagodaemon(  281): [I|  310|b3e0d460|AHAL|AudioHalOutAdlerAlsa.cc:1509] period frames = 0
01-01 18:04:07.394 I/hagodaemon(  281): [I|  310|b3e0d460|AHAL|AudioHalOutAdlerAlsa.cc:1533] period size = 3840 [frames]
01-01 18:04:07.394 I/hagodaemon(  281): [I|  310|b3e0d460|AHAL|AudioHalOutAdlerAlsa.cc:1534] buffer size = 44100 [frames]
01-01 18:04:07.394 I/hagodaemon(  281): [I|  310|b3e0d460|AHAL|AudioHalOutAdlerAlsa.cc:1535] latency = 500000 [us]
01-01 18:04:07.394 I/hagodaemon(  281): [I|  310|b3e0d460|AHAL|AudioHalOutAdlerAlsa.cc:1761] start_threshold = 44100
01-01 18:04:07.394 I/hagodaemon(  281): [I|  310|b3e0d460|AHAL|AudioHalOutAdlerAlsa.cc:1762] stop_threshold = 44100
01-01 18:04:07.394 I/hagodaemon(  281): [I|  310|b3e0d460|AHAL|AudioHalOutAdlerAlsa.cc:1763] avail_min = -1
01-01 18:04:07.394 I/hagodaemon(  281): [I|  310|b3e0d460|AHAL|AudioHalOutAdlerAlsa.cc:1764] start_delay = 0
01-01 18:04:07.394 I/hagodaemon(  281): [I|  310|b3e0d460|AHAL|AudioHalOutAdlerAlsa.cc:1765] stop_delay = 0
01-01 18:04:07.394 I/hagodaemon(  281): [I|  310|b3e0d460|AHAL|AudioHalOutAdlerAlsa.cc:771] frames_to_bytes = 8
01-01 18:04:07.394 I/hagodaemon(  281): [I|  310|b3e0d460|AHAL|AudioHalOutAdlerAlsa.cc:772] bytes_per_period = 30720
01-01 18:04:07.394 I/hagodaemon(  281): [T|  310|b3e0d460|AHAL|AudioHalAdlerAlsa.cc:478] not opened

track plays
SLEEP FOR 500

01-01 18:08:26.148 I/hagodaemon(  279): 20180101 180826.146998 [INFO] [GapPlayChain.c:551] [tid:685] GAP_CMP_EVENT_END_OF_STREAM role = 0
01-01 18:08:26.149 I/hagodaemon(  279): 20180101 180826.148659 [INFO] [GapPlayerCmdHandlerPlay.c:533] [tid:480] Preparing next track.
01-01 18:08:26.149 I/hagodaemon(  279): [I|  292|b5029460|PLYRSRVC|PlayerServiceService.cc:765|operator()] Enter
01-01 18:08:26.152 I/hagodaemon(  279): [I|  292|b5029460|PLYRSRVC|PlayerServiceService.cc:765|operator()] Exit
01-01 18:08:31.501 I/hagodaemon(  279): 20180101 180831.499273 [INFO] [DmcAndroidAudioRendererCmp.c:1305] [tid:687] EOS received. nFilledLen = [0], nTimeStamp = [264661042]
01-01 18:08:31.504 I/hagodaemon(  279): 20180101 180831.502089 [INFO] [GapPlayChain.c:551] [tid:687] GAP_CMP_EVENT_END_OF_STREAM role = 2
01-01 18:08:31.505 I/hagodaemon(  279): [I|  292|b5029460|PLYRSRVC|PlayerServiceService.cc:767|operator()] Enter
01-01 18:08:31.507 I/hagodaemon(  279): [I|  292|b5029460|PLYRSRVC|PlayerServiceService.cc:767|operator()] Exit
01-01 18:08:31.510 I/hagodaemon(  279): 20180101 180831.507922 [INFO] [WmSoundService.cpp:818] [tid:687] IAudioTrack::SendEos()
01-01 18:08:31.512 I/hagodaemon(  279): 20180101 180831.511681 [INFO] [DmcOmxDemuxerCmp.c:5568] [tid:685] componentOnStateChange: [OMX_StateExecuting]->[OMX_StateIdle]
01-01 18:08:31.516 I/hagodaemon(  279): 20180101 180831.513372 [INFO] [DmcAndroidAudioRendererCmp.c:1567] [tid:687] componentOnStateChange: [OMX_StateExecuting]->[OMX_StateIdle]
01-01 18:08:31.677 I/hagodaemon(  279): 20180101 180831.675937 [INFO] [WmSoundService.cpp:167] [tid:687] WriteWatcher joined.
01-01 18:08:31.689 I/hagodaemon(  279): 20180101 180831.687859 [INFO] [DmcOmxDemuxerCmp.c:5568] [tid:685] componentOnStateChange: [OMX_StateIdle]->[OMX_StateLoaded]
01-01 18:08:31.705 I/hagodaemon(  279): 20180101 180831.702978 [INFO] [DmcAndroidAudioRendererCmp.c:1567] [tid:687] componentOnStateChange: [OMX_StateIdle]->[OMX_StateLoaded]
01-01 18:08:31.760 I/hagodaemon(  281): [I|  310|b3e0d460|SS  |SoundServiceImpl.cc:512] Track[TK_MUSIC_PID_292_PKT_131072_QUE_5_3] received CtrlPacket[track::drain]
01-01 18:08:31.760 I/hagodaemon(  281): [I|  310|b3e0d460|SS  |SoundServiceImpl.cc:629] Track[TK_MUSIC_PID_292_PKT_131072_QUE_5_3] drains by silent audio Pkts[2] = [100]ms
01-01 18:08:31.934 I/hagodaemon(  281): [D|  310|b3e0d460|AHAL|AudioHalOutAdlerAlsa.cc:354] flushes proof_buffer [28424] bytes
01-01 18:08:31.934 I/hagodaemon(  281): [D|  310|b3e0d460|AHAL|AudioHalOutAdlerAlsa.cc:918] format_set_silence: [30720] > [28424]
01-01 18:08:32.369 I/hagodaemon(  281): [D|  310|b3e0d460|AHAL|AudioHalOutAdlerAlsa.cc:295] [hw:0,4]
01-01 18:08:32.372 I/hagodaemon(  281): [I|  310|b3e0d460|SS  |SoundServiceImpl.cc:512] Track[TK_MUSIC_PID_292_PKT_131072_QUE_5_3] received CtrlPacket[track::stop]
01-01 18:08:32.372 I/hagodaemon(  281): [I|  310|b3e0d460|SS  |SoundServiceImpl.cc:512] Track[TK_MUSIC_PID_292_PKT_131072_QUE_5_3] received CtrlPacket[track::destroy]
01-01 18:08:32.372 I/hagodaemon(  281): [I|  310|b3e0d460|SS  |SoundServiceImpl.cc:545] Track[TK_MUSIC_PID_292_PKT_131072_QUE_5_3] is ready to destroy
01-01 18:08:32.373 I/hagodaemon(  281): [I|  310|b5662460|SS  |SoundServiceImpl.cc:348] Track[TK_MUSIC_PID_292_PKT_131072_QUE_5_3] has been destroyed
01-01 18:08:32.375 I/hagodaemon(  279): [I|  292|b5029460|PLYRSRVC|PlayerServiceService.cc:764|operator()] Enter
01-01 18:08:32.376 I/hagodaemon(  279): [I|  292|b5029460|PLYRSRVC|PlayerServiceService.cc:764|operator()] Exit
01-01 18:08:32.379 I/hagodaemon(  279): 20180101 180832.377635 [INFO] [GapChainFactory.c:452] [tid:480] demuxer cmp name = [OMX.SONY.DEMUX.MP3]
01-01 18:08:32.387 I/hagodaemon(  279): 20180101 180832.385613 [INFO] [DmcOmxDemuxerCmp.c:2487] [tid:708] content URI: /data/mnt/internal/MUSIC/01. Thunderstruck.mp3
01-01 18:08:32.408 I/hagodaemon(  279): 20180101 180832.407192 [INFO] [DmcOmxSoundEffectCmp.c:1037] [tid:709] inSamplingRate:  [44100]->[44100]
01-01 18:08:32.408 I/hagodaemon(  279): 20180101 180832.407991 [INFO] [DmcOmxSoundEffectCmp.c:1038] [tid:709] inChannels:      [2]->[2]
01-01 18:08:32.409 I/hagodaemon(  279): 20180101 180832.408680 [INFO] [DmcOmxSoundEffectCmp.c:1039] [tid:709] inBitsPerSample: [16]->[16]
01-01 18:08:32.418 I/hagodaemon(  279): 20180101 180832.418140 [INFO] [DmcOmxDemuxerCmp.c:5568] [tid:708] componentOnStateChange: [OMX_StateLoaded]->[OMX_StateIdle]
01-01 18:08:32.425 I/hagodaemon(  279): 20180101 180832.425022 [INFO] [DmcAndroidAudioRendererCmp.c:1567] [tid:711] componentOnStateChange: [OMX_StateLoaded]->[OMX_StateIdle]
01-01 18:08:32.427 I/hagodaemon(  279): 20180101 180832.425976 [INFO] [DmcOmxDemuxerCmp.c:5568] [tid:708] componentOnStateChange: [OMX_StateIdle]->[OMX_StatePause]
01-01 18:08:32.427 I/hagodaemon(  279): 20180101 180832.426201 [INFO] [DmcAndroidAudioRendererCmp.c:1567] [tid:711] componentOnStateChange: [OMX_StateIdle]->[OMX_StatePause]
01-01 18:08:32.427 I/hagodaemon(  279): 20180101 180832.426382 [INFO] [WmSoundService.cpp:408] [tid:711] [SoundService] nChannels [2], nBitPerSample [16], nSamplingRate [44100]
01-01 18:08:32.427 I/hagodaemon(  279): 20180101 180832.426540 [INFO] [WmSoundService.cpp:418] [tid:711] [SoundService][Original] eEncoding [OMX_AUDIO_CodingMP3]
01-01 18:08:32.427 I/hagodaemon(  279): 20180101 180832.426664 [INFO] [WmSoundService.cpp:439] [tid:711] [SoundService][Original] nChannels [2], nBitPerSample [16], nSamplingRate [44100]
01-01 18:08:32.427 I/hagodaemon(  279): 20180101 180832.426817 [INFO] [WmSoundService.cpp:442] [tid:711] [SoundService][Original] bVbr [0], nBitRate [320000]
01-01 18:08:32.431 I/hagodaemon(  281): [I|  310|b6c24000|SS  |SoundServiceAudioInfoLogs.cc:86] ----- AudioTrack[CreateTrack by PID[292]] -----
01-01 18:08:32.431 I/hagodaemon(  281): [I|  310|b6c24000|SS  |SoundServiceAudioInfoLogs.cc:88] [Tracks]
01-01 18:08:32.431 I/hagodaemon(  281): [I|  310|b6c24000|SS  |SoundServiceAudioInfoLogs.cc:89]   type: Music
01-01 18:08:32.431 I/hagodaemon(  281): [I|  310|b6c24000|SS  |SoundServiceAudioInfoLogs.cc:113] [Codecs]
01-01 18:08:32.431 I/hagodaemon(  281): [I|  310|b6c24000|SS  |SoundServiceAudioInfoLogs.cc:114]   codec: LPCM
01-01 18:08:32.431 I/hagodaemon(  281): [I|  310|b6c24000|SS  |SoundServiceAudioInfoLogs.cc:120]   f_samp: 44100
01-01 18:08:32.431 I/hagodaemon(  281): [I|  310|b6c24000|SS  |SoundServiceAudioInfoLogs.cc:125]   bits_per_samp: 16
01-01 18:08:32.431 I/hagodaemon(  281): [I|  310|b6c24000|SS  |SoundServiceAudioInfoLogs.cc:128] [Channels]
01-01 18:08:32.431 I/hagodaemon(  281): [I|  310|b6c24000|SS  |SoundServiceAudioInfoLogs.cc:129]   num_of_ch: 2
01-01 18:08:32.431 I/hagodaemon(  281): [I|  310|b6c24000|SS  |SoundServiceAudioInfoLogs.cc:130]   ch_config: Stereo
01-01 18:08:32.431 I/hagodaemon(  281): [I|  310|b6c24000|SS  |SoundServiceAudioInfoLogs.cc:141] [Buffers]
01-01 18:08:32.431 I/hagodaemon(  281): [I|  310|b6c24000|SS  |SoundServiceAudioInfoLogs.cc:142]   type: Int
01-01 18:08:32.431 I/hagodaemon(  281): [I|  310|b6c24000|SS  |SoundServiceAudioInfoLogs.cc:143]   bytes: 2
01-01 18:08:32.431 I/hagodaemon(  281): [I|  310|b6c24000|SS  |SoundServiceAudioInfoLogs.cc:144]   mode: Interleaved
01-01 18:08:32.431 I/hagodaemon(  281): [I|  310|b6c24000|SS  |SoundServiceAudioInfoLogs.cc:146] [PreAudioInfo]
01-01 18:08:32.431 I/hagodaemon(  281): [I|  310|b6c24000|SS  |SoundServiceAudioInfoLogs.cc:148]   codec_type: 2
01-01 18:08:32.431 I/hagodaemon(  281): [I|  310|b6c24000|SS  |SoundServiceAudioInfoLogs.cc:150]   bitrate_type: 1
01-01 18:08:32.431 I/hagodaemon(  281): [I|  310|b6c24000|SS  |SoundServiceAudioInfoLogs.cc:151]   bitrate_value: 320
01-01 18:08:32.431 I/hagodaemon(  281): [I|  310|b6c24000|SS  |SoundServiceAudioInfoLogs.cc:152]   f_samp: 44100
01-01 18:08:32.431 I/hagodaemon(  281): [I|  310|b6c24000|SS  |SoundServiceAudioInfoLogs.cc:153]   bits_per_samp: 16
01-01 18:08:32.431 I/hagodaemon(  281): [I|  310|b6c24000|SS  |SoundServiceAudioInfoLogs.cc:155]   ch_config: Invalid
01-01 18:08:32.431 I/hagodaemon(  281): [I|  310|b6c24000|SS  |SoundServiceImpl.cc:298] Track[TK_MUSIC_PID_292_PKT_131072_QUE_5_4] has been created
01-01 18:08:32.433 I/hagodaemon(  279): 20180101 180832.432914 [INFO] [DmcOmxDemuxerCmp.c:5568] [tid:708] componentOnStateChange: [OMX_StatePause]->[OMX_StateExecuting]
01-01 18:08:32.536 I/hagodaemon(  279): 20180101 180832.534089 [INFO] [DmcAndroidAudioRendererCmp.c:1567] [tid:711] componentOnStateChange: [OMX_StatePause]->[OMX_StateExecuting]
01-01 18:08:32.538 I/hagodaemon(  279): 20180101 180832.536863 [INFO] [DmcOmxDemuxerCmp.c:4693] [tid:708] audio buffer count = [31/32]
01-01 18:08:32.545 I/hagodaemon(  281): [I|  310|b3e0d460|SS  |SoundServiceImpl.cc:512] Track[TK_MUSIC_PID_292_PKT_131072_QUE_5_4] received CtrlPacket[track::play]
01-01 18:08:32.571 I/hagodaemon(  281): [I|  310|b3e0d460|SS  |PreFilters.cc:515] PreFilters Configuration: DO_NOT_PROCESS
01-01 18:08:32.579 I/hagodaemon(  281): [I|  310|b3e0d460|SS  |SoundServiceImpl.cc:1160] Track[TK_MUSIC_PID_292_PKT_131072_QUE_5_4] fades in packet
01-01 18:08:32.579 I/hagodaemon(  281): [D|  310|b3e0d460|AHAL|AudioHalOutAdlerAlsa.cc:222] [hw:0,4]
01-01 18:08:32.580 I/hagodaemon(  281): [T|  310|b3e0d460|AHAL|AudioHalAdlerAlsa.cc:335] !!! not opened
01-01 18:08:32.580 I/hagodaemon(  281): [I|  310|b3e0d460|AHAL|AudioHalAdlerAlsa.cc:26] ----- AudioHalParam [master] -----
01-01 18:08:32.580 I/hagodaemon(  281): [I|  310|b3e0d460|AHAL|AudioHalAdlerAlsa.cc:27] FSamp: [44100]
01-01 18:08:32.580 I/hagodaemon(  281): [I|  310|b3e0d460|AHAL|AudioHalAdlerAlsa.cc:28] NumOfCh: [2]
01-01 18:08:32.581 I/hagodaemon(  281): [I|  310|b3e0d460|AHAL|AudioHalAdlerAlsa.cc:29] ChConfig: [2]
01-01 18:08:32.581 I/hagodaemon(  281): [I|  310|b3e0d460|AHAL|AudioHalAdlerAlsa.cc:30] BufferType: [1]
01-01 18:08:32.581 I/hagodaemon(  281): [I|  310|b3e0d460|AHAL|AudioHalAdlerAlsa.cc:31] BytesOfIntBuffer: [2]
01-01 18:08:32.581 I/hagodaemon(  281): [I|  310|b3e0d460|AHAL|AudioHalAdlerAlsa.cc:32] BufferMode: [1]
01-01 18:08:32.581 I/hagodaemon(  281): [I|  310|b3e0d460|AHAL|AudioHalOutAdlerAlsa.cc:1504] fs = 44100 [Hz]
01-01 18:08:32.581 I/hagodaemon(  281): [I|  310|b3e0d460|AHAL|AudioHalOutAdlerAlsa.cc:1505] channels = 2
01-01 18:08:32.581 I/hagodaemon(  281): [I|  310|b3e0d460|AHAL|AudioHalOutAdlerAlsa.cc:1506] buffer time = 1000090
01-01 18:08:32.581 I/hagodaemon(  281): [I|  310|b3e0d460|AHAL|AudioHalOutAdlerAlsa.cc:1507] period time = 125011
01-01 18:08:32.581 I/hagodaemon(  281): [I|  310|b3e0d460|AHAL|AudioHalOutAdlerAlsa.cc:1508] buffer frames = 0
01-01 18:08:32.581 I/hagodaemon(  281): [I|  310|b3e0d460|AHAL|AudioHalOutAdlerAlsa.cc:1509] period frames = 0
01-01 18:08:32.594 I/hagodaemon(  281): [I|  310|b3e0d460|AHAL|AudioHalOutAdlerAlsa.cc:1533] period size = 5513 [frames]
01-01 18:08:32.594 I/hagodaemon(  281): [I|  310|b3e0d460|AHAL|AudioHalOutAdlerAlsa.cc:1534] buffer size = 44104 [frames]
01-01 18:08:32.594 I/hagodaemon(  281): [I|  310|b3e0d460|AHAL|AudioHalOutAdlerAlsa.cc:1535] latency = 1000090 [us]
01-01 18:08:32.594 I/hagodaemon(  281): [I|  310|b3e0d460|AHAL|AudioHalOutAdlerAlsa.cc:1761] start_threshold = 44104
01-01 18:08:32.594 I/hagodaemon(  281): [I|  310|b3e0d460|AHAL|AudioHalOutAdlerAlsa.cc:1762] stop_threshold = 44104
01-01 18:08:32.594 I/hagodaemon(  281): [I|  310|b3e0d460|AHAL|AudioHalOutAdlerAlsa.cc:1763] avail_min = -1
01-01 18:08:32.594 I/hagodaemon(  281): [I|  310|b3e0d460|AHAL|AudioHalOutAdlerAlsa.cc:1764] start_delay = 0
01-01 18:08:32.594 I/hagodaemon(  281): [I|  310|b3e0d460|AHAL|AudioHalOutAdlerAlsa.cc:1765] stop_delay = 0
01-01 18:08:32.594 I/hagodaemon(  281): [I|  310|b3e0d460|AHAL|AudioHalOutAdlerAlsa.cc:771] frames_to_bytes = 4
01-01 18:08:32.594 I/hagodaemon(  281): [I|  310|b3e0d460|AHAL|AudioHalOutAdlerAlsa.cc:772] bytes_per_period = 22052
01-01 18:08:32.594 I/hagodaemon(  281): [T|  310|b3e0d460|AHAL|AudioHalAdlerAlsa.cc:478] not opened
01-01 18:08:32.598 I/hagodaemon(  279): 20180101 180832.592259 [INFO] [WmSoundService.cpp:133] [tid:714] WriteWatcher started.

track plays
SLEEP FOR 500

01-01 18:13:20.937 I/hagodaemon(  279): 20180101 181320.935921 [INFO] [GapPlayChain.c:551] [tid:708] GAP_CMP_EVENT_END_OF_STREAM role = 0
01-01 18:13:20.937 I/hagodaemon(  279): 20180101 181320.936374 [INFO] [GapPlayerCmdHandlerPlay.c:533] [tid:480] Preparing next track.
01-01 18:13:20.937 I/hagodaemon(  279): [I|  292|b5029460|PLYRSRVC|PlayerServiceService.cc:765|operator()] Enter
01-01 18:13:20.939 I/hagodaemon(  279): [I|  292|b5029460|PLYRSRVC|PlayerServiceService.cc:765|operator()] Exit
01-01 18:13:24.401 I/hagodaemon(  279): 20180101 181324.400309 [INFO] [DmcAndroidAudioRendererCmp.c:1305] [tid:711] EOS received. nFilledLen = [0], nTimeStamp = [292512675]
01-01 18:13:24.401 I/hagodaemon(  279): 20180101 181324.400772 [INFO] [GapPlayChain.c:551] [tid:711] GAP_CMP_EVENT_END_OF_STREAM role = 2
01-01 18:13:24.404 I/hagodaemon(  279): [I|  292|b5029460|PLYRSRVC|PlayerServiceService.cc:767|operator()] Enter
01-01 18:13:24.404 I/hagodaemon(  279): 20180101 181324.403216 [INFO] [WmSoundService.cpp:818] [tid:711] IAudioTrack::SendEos()
01-01 18:13:24.404 I/hagodaemon(  279): [I|  292|b5029460|PLYRSRVC|PlayerServiceService.cc:767|operator()] Exit
01-01 18:13:24.413 I/hagodaemon(  279): 20180101 181324.412413 [INFO] [DmcOmxDemuxerCmp.c:5568] [tid:708] componentOnStateChange: [OMX_StateExecuting]->[OMX_StateIdle]
01-01 18:13:24.414 I/hagodaemon(  279): 20180101 181324.413991 [INFO] [DmcAndroidAudioRendererCmp.c:1567] [tid:711] componentOnStateChange: [OMX_StateExecuting]->[OMX_StateIdle]
01-01 18:13:24.481 I/hagodaemon(  279): 20180101 181324.480688 [INFO] [WmSoundService.cpp:167] [tid:711] WriteWatcher joined.
01-01 18:13:24.483 I/hagodaemon(  279): 20180101 181324.482763 [INFO] [DmcOmxDemuxerCmp.c:5568] [tid:708] componentOnStateChange: [OMX_StateIdle]->[OMX_StateLoaded]
01-01 18:13:24.486 I/hagodaemon(  279): 20180101 181324.486282 [INFO] [DmcAndroidAudioRendererCmp.c:1567] [tid:711] componentOnStateChange: [OMX_StateIdle]->[OMX_StateLoaded]
01-01 18:13:24.650 I/hagodaemon(  281): [I|  310|b3e0d460|SS  |SoundServiceImpl.cc:512] Track[TK_MUSIC_PID_292_PKT_131072_QUE_5_4] received CtrlPacket[track::drain]
01-01 18:13:24.650 I/hagodaemon(  281): [I|  310|b3e0d460|SS  |SoundServiceImpl.cc:629] Track[TK_MUSIC_PID_292_PKT_131072_QUE_5_4] drains by silent audio Pkts[2] = [100]ms
01-01 18:13:24.650 I/hagodaemon(  281): [D|  310|b3e0d460|AHAL|AudioHalOutAdlerAlsa.cc:354] flushes proof_buffer [7876] bytes
01-01 18:13:24.650 I/hagodaemon(  281): [D|  310|b3e0d460|AHAL|AudioHalOutAdlerAlsa.cc:918] format_set_silence: [22052] > [7876]
01-01 18:13:25.901 I/hagodaemon(  281): [D|  310|b3e0d460|AHAL|AudioHalOutAdlerAlsa.cc:295] [hw:0,4]
01-01 18:13:25.904 I/hagodaemon(  281): [I|  310|b3e0d460|SS  |SoundServiceImpl.cc:512] Track[TK_MUSIC_PID_292_PKT_131072_QUE_5_4] received CtrlPacket[track::stop]
01-01 18:13:25.904 I/hagodaemon(  281): [I|  310|b3e0d460|SS  |SoundServiceImpl.cc:512] Track[TK_MUSIC_PID_292_PKT_131072_QUE_5_4] received CtrlPacket[track::destroy]
01-01 18:13:25.904 I/hagodaemon(  281): [I|  310|b3e0d460|SS  |SoundServiceImpl.cc:545] Track[TK_MUSIC_PID_292_PKT_131072_QUE_5_4] is ready to destroy
01-01 18:13:25.905 I/hagodaemon(  281): [I|  310|b5e62460|SS  |SoundServiceImpl.cc:348] Track[TK_MUSIC_PID_292_PKT_131072_QUE_5_4] has been destroyed
01-01 18:13:25.906 I/hagodaemon(  279): [I|  292|b5029460|PLYRSRVC|PlayerServiceService.cc:764|operator()] Enter
01-01 18:13:25.909 I/hagodaemon(  279): [I|  292|b5029460|PLYRSRVC|PlayerServiceService.cc:764|operator()] Exit
01-01 18:13:25.909 I/hagodaemon(  279): 20180101 181325.908430 [INFO] [GapChainFactory.c:452] [tid:480] demuxer cmp name = [OMX.SONY.DEMUX.DSD]
01-01 18:13:25.913 I/hagodaemon(  279): 20180101 181325.911563 [INFO] [DmcOmxDemuxerCmp.c:2487] [tid:731] content URI: /data/mnt/internal/MUSIC/Don't Drift Too Far.dsf
01-01 18:13:25.961 I/hagodaemon(  279): 20180101 181325.960624 [INFO] [DmcOmxDemuxerCmp.c:5568] [tid:731] componentOnStateChange: [OMX_StateLoaded]->[OMX_StateIdle]
01-01 18:13:25.968 I/hagodaemon(  279): 20180101 181325.967459 [ERR ] [DmcDsdAudioRendererCmp.c:759] [tid:733] componentOnStateChange: [OMX_StateLoaded]->[OMX_StateIdle]
01-01 18:13:25.970 I/hagodaemon(  279): 20180101 181325.969241 [INFO] [DmcOmxDemuxerCmp.c:5568] [tid:731] componentOnStateChange: [OMX_StateIdle]->[OMX_StatePause]
01-01 18:13:25.971 I/hagodaemon(  279): 20180101 181325.970680 [ERR ] [DmcDsdAudioRendererCmp.c:759] [tid:733] componentOnStateChange: [OMX_StateIdle]->[OMX_StatePause]
01-01 18:13:25.972 I/hagodaemon(  279): 20180101 181325.971790 [INFO] [WmSoundService.cpp:408] [tid:733] [SoundService] nChannels [2], nBitPerSample [1], nSamplingRate [2822400]
01-01 18:13:25.973 I/hagodaemon(  279): 20180101 181325.972910 [INFO] [WmSoundService.cpp:426] [tid:733] [SoundService][Original] eEncoding [WMX_AUDIO_CodingDSD]
01-01 18:13:25.975 I/hagodaemon(  279): 20180101 181325.973940 [INFO] [WmSoundService.cpp:439] [tid:733] [SoundService][Original] nChannels [2], nBitPerSample [1], nSamplingRate [2822400]
01-01 18:13:25.976 I/hagodaemon(  279): 20180101 181325.975063 [INFO] [WmSoundService.cpp:442] [tid:733] [SoundService][Original] bVbr [0], nBitRate [0]
01-01 18:13:25.980 I/hagodaemon(  281): [I|  310|b6c24000|SS  |SoundServiceAudioInfoLogs.cc:86] ----- AudioTrack[CreateTrack by PID[292]] -----
01-01 18:13:25.980 I/hagodaemon(  281): [I|  310|b6c24000|SS  |SoundServiceAudioInfoLogs.cc:88] [Tracks]
01-01 18:13:25.980 I/hagodaemon(  281): [I|  310|b6c24000|SS  |SoundServiceAudioInfoLogs.cc:89]   type: Music
01-01 18:13:25.980 I/hagodaemon(  281): [I|  310|b6c24000|SS  |SoundServiceAudioInfoLogs.cc:113] [Codecs]
01-01 18:13:25.980 I/hagodaemon(  281): [I|  310|b6c24000|SS  |SoundServiceAudioInfoLogs.cc:114]   codec: DSD
01-01 18:13:25.980 I/hagodaemon(  281): [I|  310|b6c24000|SS  |SoundServiceAudioInfoLogs.cc:118]   f_samp: 2822400(DSD64)
01-01 18:13:25.980 I/hagodaemon(  281): [I|  310|b6c24000|SS  |SoundServiceAudioInfoLogs.cc:123]   bits_per_samp: PDM
01-01 18:13:25.980 I/hagodaemon(  281): [I|  310|b6c24000|SS  |SoundServiceAudioInfoLogs.cc:128] [Channels]
01-01 18:13:25.980 I/hagodaemon(  281): [I|  310|b6c24000|SS  |SoundServiceAudioInfoLogs.cc:129]   num_of_ch: 2
01-01 18:13:25.980 I/hagodaemon(  281): [I|  310|b6c24000|SS  |SoundServiceAudioInfoLogs.cc:130]   ch_config: Stereo
01-01 18:13:25.980 I/hagodaemon(  281): [I|  310|b6c24000|SS  |SoundServiceAudioInfoLogs.cc:141] [Buffers]
01-01 18:13:25.980 I/hagodaemon(  281): [I|  310|b6c24000|SS  |SoundServiceAudioInfoLogs.cc:142]   type: DsdMsbFirst
01-01 18:13:25.980 I/hagodaemon(  281): [I|  310|b6c24000|SS  |SoundServiceAudioInfoLogs.cc:143]   bytes: 1
01-01 18:13:25.980 I/hagodaemon(  281): [I|  310|b6c24000|SS  |SoundServiceAudioInfoLogs.cc:144]   mode: Interleaved
01-01 18:13:25.980 I/hagodaemon(  281): [I|  310|b6c24000|SS  |SoundServiceAudioInfoLogs.cc:155]   ch_config: Invalid
01-01 18:13:25.980 I/hagodaemon(  281): [I|  310|b6c24000|SS  |SoundServiceImpl.cc:298] Track[TK_MUSIC_PID_292_PKT_131072_QUE_3_5] has been created
01-01 18:13:25.982 I/hagodaemon(  279): 20180101 181325.981759 [INFO] [DmcOmxDemuxerCmp.c:5568] [tid:731] componentOnStateChange: [OMX_StatePause]->[OMX_StateExecuting]
01-01 18:13:26.087 I/hagodaemon(  279): 20180101 181326.083258 [ERR ] [DmcDsdAudioRendererCmp.c:759] [tid:733] componentOnStateChange: [OMX_StatePause]->[OMX_StateExecuting]
01-01 18:13:26.089 I/hagodaemon(  279): 20180101 181326.087795 [INFO] [DmcOmxDemuxerCmp.c:4693] [tid:731] audio buffer count = [63/64]
01-01 18:13:26.096 I/hagodaemon(  281): [I|  310|b3e0d460|SS  |SoundServiceImpl.cc:512] Track[TK_MUSIC_PID_292_PKT_131072_QUE_3_5] received CtrlPacket[track::play]
01-01 18:13:26.111 I/hagodaemon(  279): 20180101 181326.110419 [INFO] [WmSoundService.cpp:133] [tid:736] WriteWatcher started.
01-01 18:13:26.144 I/hagodaemon(  281): [I|  310|b3e0d460|SS  |PreFilters.cc:496] PreFilters Configuration: DO_PROCESS
01-01 18:13:26.144 I/hagodaemon(  281): [I|  310|b3e0d460|SS  |PreFilters.cc:497] Enabled Filters:
01-01 18:13:26.144 I/hagodaemon(  281): [I|  310|b3e0d460|SS  |PreFilters.cc:504] 	Filter: dsd2lpcm (2822400[Hz] -> 176400[Hz])
01-01 18:13:26.148 I/hagodaemon(  279): [W|  292|b4eff460|PLAY|Session.cc:806|virtual void pst::playservice::PlayerBase<pst::playservice::MediaEnginePlayer, pst::playservice::PlaySequence>::HandlePlayTimeUpdated(media_time_t, media_time_t) [BasicPlayerClass = pst::playservice::MediaEnginePlayer, SequenceClass = pst::playservice::PlaySequence]] playtime is not for the current track.
01-01 18:13:26.166 I/hagodaemon(  281): [D|  310|b3e0d460|AHAL|AudioHalOutAdlerAlsa.cc:222] [hw:0,4]
01-01 18:13:26.225 I/hagodaemon(  281): [T|  310|b3e0d460|AHAL|AudioHalAdlerAlsa.cc:335] !!! not opened
01-01 18:13:26.225 I/hagodaemon(  281): [I|  310|b3e0d460|AHAL|AudioHalAdlerAlsa.cc:26] ----- AudioHalParam [master] -----
01-01 18:13:26.225 I/hagodaemon(  281): [I|  310|b3e0d460|AHAL|AudioHalAdlerAlsa.cc:27] FSamp: [176400]
01-01 18:13:26.225 I/hagodaemon(  281): [I|  310|b3e0d460|AHAL|AudioHalAdlerAlsa.cc:28] NumOfCh: [2]
01-01 18:13:26.225 I/hagodaemon(  281): [I|  310|b3e0d460|AHAL|AudioHalAdlerAlsa.cc:29] ChConfig: [2]
01-01 18:13:26.225 I/hagodaemon(  281): [I|  310|b3e0d460|AHAL|AudioHalAdlerAlsa.cc:30] BufferType: [1]
01-01 18:13:26.225 I/hagodaemon(  281): [I|  310|b3e0d460|AHAL|AudioHalAdlerAlsa.cc:31] BytesOfIntBuffer: [4]
01-01 18:13:26.225 I/hagodaemon(  281): [I|  310|b3e0d460|AHAL|AudioHalAdlerAlsa.cc:32] BufferMode: [1]
01-01 18:13:26.225 I/hagodaemon(  281): [I|  310|b3e0d460|AHAL|AudioHalOutAdlerAlsa.cc:1504] fs = 176400 [Hz]
01-01 18:13:26.225 I/hagodaemon(  281): [I|  310|b3e0d460|AHAL|AudioHalOutAdlerAlsa.cc:1505] channels = 2
01-01 18:13:26.225 I/hagodaemon(  281): [I|  310|b3e0d460|AHAL|AudioHalOutAdlerAlsa.cc:1506] buffer time = 500000
01-01 18:13:26.225 I/hagodaemon(  281): [I|  310|b3e0d460|AHAL|AudioHalOutAdlerAlsa.cc:1507] period time = 21768
01-01 18:13:26.225 I/hagodaemon(  281): [I|  310|b3e0d460|AHAL|AudioHalOutAdlerAlsa.cc:1508] buffer frames = 0
01-01 18:13:26.225 I/hagodaemon(  281): [I|  310|b3e0d460|AHAL|AudioHalOutAdlerAlsa.cc:1509] period frames = 0
01-01 18:13:26.237 I/hagodaemon(  281): [I|  310|b3e0d460|AHAL|AudioHalOutAdlerAlsa.cc:1533] period size = 3840 [frames]
01-01 18:13:26.237 I/hagodaemon(  281): [I|  310|b3e0d460|AHAL|AudioHalOutAdlerAlsa.cc:1534] buffer size = 88200 [frames]
01-01 18:13:26.237 I/hagodaemon(  281): [I|  310|b3e0d460|AHAL|AudioHalOutAdlerAlsa.cc:1535] latency = 500000 [us]
01-01 18:13:26.237 I/hagodaemon(  281): [I|  310|b3e0d460|AHAL|AudioHalOutAdlerAlsa.cc:1761] start_threshold = 88200
01-01 18:13:26.237 I/hagodaemon(  281): [I|  310|b3e0d460|AHAL|AudioHalOutAdlerAlsa.cc:1762] stop_threshold = 88200
01-01 18:13:26.237 I/hagodaemon(  281): [I|  310|b3e0d460|AHAL|AudioHalOutAdlerAlsa.cc:1763] avail_min = -1
01-01 18:13:26.237 I/hagodaemon(  281): [I|  310|b3e0d460|AHAL|AudioHalOutAdlerAlsa.cc:1764] start_delay = 0
01-01 18:13:26.237 I/hagodaemon(  281): [I|  310|b3e0d460|AHAL|AudioHalOutAdlerAlsa.cc:1765] stop_delay = 0
01-01 18:13:26.237 I/hagodaemon(  281): [I|  310|b3e0d460|AHAL|AudioHalOutAdlerAlsa.cc:771] frames_to_bytes = 8
01-01 18:13:26.237 I/hagodaemon(  281): [I|  310|b3e0d460|AHAL|AudioHalOutAdlerAlsa.cc:772] bytes_per_period = 30720
01-01 18:13:26.237 I/hagodaemon(  281): [T|  310|b3e0d460|AHAL|AudioHalAdlerAlsa.cc:478] not opened

track plays
SLEEP FOR 500

01-01 18:16:03.417 I/hagodaemon(  279): 20180101 181603.415311 [INFO] [GapPlayChain.c:551] [tid:731] GAP_CMP_EVENT_END_OF_STREAM role = 0
01-01 18:16:03.417 I/hagodaemon(  279): 20180101 181603.415936 [INFO] [GapPlayerCmdHandlerPlay.c:533] [tid:480] Preparing next track.
01-01 18:16:03.417 I/hagodaemon(  279): [I|  292|b5029460|PLYRSRVC|PlayerServiceService.cc:765|operator()] Enter
01-01 18:16:03.420 I/hagodaemon(  279): [I|  292|b5029460|PLYRSRVC|PlayerServiceService.cc:765|operator()] Exit
01-01 18:16:03.447 I/hagodaemon(  279): 20180101 181603.445008 [ERR ] [GapPlayChain.c:3985] [tid:480] Different album.
01-01 18:16:09.951 I/hagodaemon(  279): 20180101 181609.949108 [INFO] [GapPlayChain.c:551] [tid:733] GAP_CMP_EVENT_END_OF_STREAM role = 2
01-01 18:16:09.958 I/hagodaemon(  279): [I|  292|b5029460|PLYRSRVC|PlayerServiceService.cc:767|operator()] Enter
01-01 18:16:09.964 I/hagodaemon(  279): [I|  292|b5029460|PLYRSRVC|PlayerServiceService.cc:767|operator()] Exit
01-01 18:16:09.964 I/hagodaemon(  279): 20180101 181609.961581 [INFO] [DmcOmxDemuxerCmp.c:5568] [tid:731] componentOnStateChange: [OMX_StateExecuting]->[OMX_StateIdle]
01-01 18:16:09.968 I/hagodaemon(  279): 20180101 181609.965637 [ERR ] [DmcDsdAudioRendererCmp.c:759] [tid:733] componentOnStateChange: [OMX_StateExecuting]->[OMX_StateIdle]
01-01 18:16:10.029 I/hagodaemon(  279): 20180101 181610.027471 [INFO] [WmSoundService.cpp:672] [tid:733] IAudioTrack::SendEos()
01-01 18:16:10.179 I/hagodaemon(  281): [I|  310|b3e0d460|SS  |SoundServiceImpl.cc:512] Track[TK_MUSIC_PID_292_PKT_131072_QUE_3_5] received CtrlPacket[track::drain]
01-01 18:16:10.189 I/hagodaemon(  281): [I|  310|b3e0d460|SS  |SoundServiceImpl.cc:629] Track[TK_MUSIC_PID_292_PKT_131072_QUE_3_5] drains by silent audio Pkts[4] = [200]ms
01-01 18:16:10.195 I/hagodaemon(  279): 20180101 181610.193384 [INFO] [WmSoundService.cpp:167] [tid:733] WriteWatcher joined.
01-01 18:16:10.204 I/hagodaemon(  279): 20180101 181610.201561 [INFO] [DmcOmxDemuxerCmp.c:5568] [tid:731] componentOnStateChange: [OMX_StateIdle]->[OMX_StateLoaded]
01-01 18:16:10.215 I/hagodaemon(  279): 20180101 181610.214181 [ERR ] [DmcDsdAudioRendererCmp.c:759] [tid:733] componentOnStateChange: [OMX_StateIdle]->[OMX_StateLoaded]
01-01 18:16:10.397 I/hagodaemon(  281): [D|  310|b3e0d460|AHAL|AudioHalOutAdlerAlsa.cc:354] flushes proof_buffer [12288] bytes
01-01 18:16:10.397 I/hagodaemon(  281): [D|  310|b3e0d460|AHAL|AudioHalOutAdlerAlsa.cc:918] format_set_silence: [30720] > [12288]
01-01 18:16:10.920 I/hagodaemon(  281): [D|  310|b3e0d460|AHAL|AudioHalOutAdlerAlsa.cc:295] [hw:0,4]
01-01 18:16:10.923 I/hagodaemon(  281): [I|  310|b3e0d460|SS  |SoundServiceImpl.cc:512] Track[TK_MUSIC_PID_292_PKT_131072_QUE_3_5] received CtrlPacket[track::stop]
01-01 18:16:10.924 I/hagodaemon(  281): [I|  310|b3e0d460|SS  |SoundServiceImpl.cc:512] Track[TK_MUSIC_PID_292_PKT_131072_QUE_3_5] received CtrlPacket[track::destroy]
01-01 18:16:10.924 I/hagodaemon(  281): [I|  310|b3e0d460|SS  |SoundServiceImpl.cc:545] Track[TK_MUSIC_PID_292_PKT_131072_QUE_3_5] is ready to destroy
01-01 18:16:10.925 I/hagodaemon(  281): [I|  310|b6662460|SS  |SoundServiceImpl.cc:348] Track[TK_MUSIC_PID_292_PKT_131072_QUE_3_5] has been destroyed
01-01 18:16:10.927 I/hagodaemon(  279): [I|  292|b5029460|PLYRSRVC|PlayerServiceService.cc:764|operator()] Enter
01-01 18:16:10.928 I/hagodaemon(  279): [I|  292|b5029460|PLYRSRVC|PlayerServiceService.cc:764|operator()] Exit
01-01 18:16:10.930 I/hagodaemon(  279): 20180101 181610.929092 [INFO] [GapChainFactory.c:452] [tid:480] demuxer cmp name = [OMX.SONY.DEMUX.DSD]
01-01 18:16:10.933 I/hagodaemon(  279): 20180101 181610.931653 [INFO] [DmcOmxDemuxerCmp.c:2487] [tid:746] content URI: /data/mnt/internal/MUSIC/Paddy Fahey's.dsf
01-01 18:16:10.958 I/hagodaemon(  279): 20180101 181610.958613 [INFO] [DmcOmxDemuxerCmp.c:5568] [tid:746] componentOnStateChange: [OMX_StateLoaded]->[OMX_StateIdle]
01-01 18:16:10.969 I/hagodaemon(  279): 20180101 181610.968920 [ERR ] [DmcDsdAudioRendererCmp.c:759] [tid:748] componentOnStateChange: [OMX_StateLoaded]->[OMX_StateIdle]
01-01 18:16:10.970 I/hagodaemon(  279): 20180101 181610.970091 [INFO] [DmcOmxDemuxerCmp.c:5568] [tid:746] componentOnStateChange: [OMX_StateIdle]->[OMX_StatePause]
01-01 18:16:10.971 I/hagodaemon(  279): 20180101 181610.970649 [ERR ] [DmcDsdAudioRendererCmp.c:759] [tid:748] componentOnStateChange: [OMX_StateIdle]->[OMX_StatePause]
