01-01 17:31:35.151 I/hagodaemon(  283): 20180101 173135.150178 [INFO] [DmcOmxDemuxerCmp.c:2487] [tid:659] content URI: /data/mnt/internal/MUSIC/Paddy Fahey's.dsf
01-01 17:31:35.179 I/hagodaemon(  283): 20180101 173135.179012 [INFO] [DmcOmxDemuxerCmp.c:5568] [tid:659] componentOnStateChange: [OMX_StateLoaded]->[OMX_StateIdle]
01-01 17:31:35.191 I/hagodaemon(  283): 20180101 173135.189987 [ERR ] [DmcDsdAudioRendererCmp.c:759] [tid:661] componentOnStateChange: [OMX_StateLoaded]->[OMX_StateIdle]
01-01 17:31:35.192 I/hagodaemon(  283): 20180101 173135.191555 [INFO] [DmcOmxDemuxerCmp.c:5568] [tid:659] componentOnStateChange: [OMX_StateIdle]->[OMX_StatePause]
01-01 17:31:35.193 I/hagodaemon(  283): 20180101 173135.192554 [ERR ] [DmcDsdAudioRendererCmp.c:759] [tid:661] componentOnStateChange: [OMX_StateIdle]->[OMX_StatePause]
01-01 17:31:35.194 I/hagodaemon(  283): 20180101 173135.193768 [INFO] [WmSoundService.cpp:408] [tid:661] [SoundService] nChannels [2], nBitPerSample [1], nSamplingRate [2822400]
01-01 17:31:35.195 I/hagodaemon(  283): 20180101 173135.194900 [INFO] [WmSoundService.cpp:426] [tid:661] [SoundService][Original] eEncoding [WMX_AUDIO_CodingDSD]
01-01 17:31:35.196 I/hagodaemon(  283): 20180101 173135.195796 [INFO] [WmSoundService.cpp:439] [tid:661] [SoundService][Original] nChannels [2], nBitPerSample [1], nSamplingRate [2822400]
01-01 17:31:35.197 I/hagodaemon(  283): 20180101 173135.196904 [INFO] [WmSoundService.cpp:442] [tid:661] [SoundService][Original] bVbr [0], nBitRate [0]
01-01 17:31:35.199 I/hagodaemon(  285): [I|  318|b6cfb000|SS  |SoundServiceAudioInfoLogs.cc:86] ----- AudioTrack[CreateTrack by PID[312]] -----
01-01 17:31:35.199 I/hagodaemon(  285): [I|  318|b6cfb000|SS  |SoundServiceAudioInfoLogs.cc:88] [Tracks]
01-01 17:31:35.199 I/hagodaemon(  285): [I|  318|b6cfb000|SS  |SoundServiceAudioInfoLogs.cc:89]   type: Music
01-01 17:31:35.199 I/hagodaemon(  285): [I|  318|b6cfb000|SS  |SoundServiceAudioInfoLogs.cc:113] [Codecs]
01-01 17:31:35.199 I/hagodaemon(  285): [I|  318|b6cfb000|SS  |SoundServiceAudioInfoLogs.cc:114]   codec: DSD
01-01 17:31:35.199 I/hagodaemon(  285): [I|  318|b6cfb000|SS  |SoundServiceAudioInfoLogs.cc:118]   f_samp: 2822400(DSD64)
01-01 17:31:35.199 I/hagodaemon(  285): [I|  318|b6cfb000|SS  |SoundServiceAudioInfoLogs.cc:123]   bits_per_samp: PDM
01-01 17:31:35.199 I/hagodaemon(  285): [I|  318|b6cfb000|SS  |SoundServiceAudioInfoLogs.cc:128] [Channels]
01-01 17:31:35.199 I/hagodaemon(  285): [I|  318|b6cfb000|SS  |SoundServiceAudioInfoLogs.cc:129]   num_of_ch: 2
01-01 17:31:35.199 I/hagodaemon(  285): [I|  318|b6cfb000|SS  |SoundServiceAudioInfoLogs.cc:130]   ch_config: Stereo
01-01 17:31:35.199 I/hagodaemon(  285): [I|  318|b6cfb000|SS  |SoundServiceAudioInfoLogs.cc:141] [Buffers]
01-01 17:31:35.199 I/hagodaemon(  285): [I|  318|b6cfb000|SS  |SoundServiceAudioInfoLogs.cc:142]   type: DsdMsbFirst
01-01 17:31:35.199 I/hagodaemon(  285): [I|  318|b6cfb000|SS  |SoundServiceAudioInfoLogs.cc:143]   bytes: 1
01-01 17:31:35.199 I/hagodaemon(  285): [I|  318|b6cfb000|SS  |SoundServiceAudioInfoLogs.cc:144]   mode: Interleaved
01-01 17:31:35.199 I/hagodaemon(  285): [I|  318|b6cfb000|SS  |SoundServiceAudioInfoLogs.cc:155]   ch_config: Invalid
01-01 17:31:35.207 I/hagodaemon(  285): [I|  318|b6cfb000|SS  |SoundServiceImpl.cc:298] Track[TK_MUSIC_PID_312_PKT_131072_QUE_3_2] has been created
01-01 17:31:35.209 I/hagodaemon(  283): 20180101 173135.209100 [INFO] [DmcOmxDemuxerCmp.c:5568] [tid:659] componentOnStateChange: [OMX_StatePause]->[OMX_StateExecuting]
01-01 17:31:35.313 I/hagodaemon(  283): 20180101 173135.310674 [ERR ] [DmcDsdAudioRendererCmp.c:759] [tid:661] componentOnStateChange: [OMX_StatePause]->[OMX_StateExecuting]
01-01 17:31:35.316 I/hagodaemon(  285): [I|  318|b3edf460|SS  |SoundServiceImpl.cc:512] Track[TK_MUSIC_PID_312_PKT_131072_QUE_3_2] received CtrlPacket[track::play]
01-01 17:31:35.316 I/hagodaemon(  283): 20180101 173135.313594 [INFO] [DmcOmxDemuxerCmp.c:4693] [tid:659] audio buffer count = [63/64]
01-01 17:31:35.325 I/hagodaemon(  283): 20180101 173135.323203 [INFO] [WmSoundService.cpp:133] [tid:664] WriteWatcher started.
01-01 17:31:35.357 I/hagodaemon(  283): 20180101 173135.354208 [INFO] [DmcOmxDemuxerCmp.c:4693] [tid:659] audio buffer count = [63/64]
01-01 17:31:35.358 I/hagodaemon(  285): [I|  318|b3edf460|SS  |PreFilters.cc:496] PreFilters Configuration: DO_PROCESS
01-01 17:31:35.358 I/hagodaemon(  285): [I|  318|b3edf460|SS  |PreFilters.cc:497] Enabled Filters:
01-01 17:31:35.358 I/hagodaemon(  285): [I|  318|b3edf460|SS  |PreFilters.cc:504] 	Filter: dsd2lpcm (2822400[Hz] -> 176400[Hz])
01-01 17:31:35.358 I/hagodaemon(  285): [D|  318|b3edf460|AHAL|AudioHalOutAdlerAlsa.cc:222] [hw:0,4]
01-01 17:31:35.366 I/hagodaemon(  283): [W|  312|b46ff460|PLAY|Session.cc:806|virtual void pst::playservice::PlayerBase<pst::playservice::MediaEnginePlayer, pst::playservice::PlaySequence>::HandlePlayTimeUpdated(media_time_t, media_time_t) [BasicPlayerClass = pst::playservice::MediaEnginePlayer, SequenceClass = pst::playservice::PlaySequence]] playtime is not for the current track.
01-01 17:31:35.456 I/hagodaemon(  285): [T|  318|b3edf460|AHAL|AudioHalAdlerAlsa.cc:335] !!! not opened
01-01 17:31:35.456 I/hagodaemon(  285): [I|  318|b3edf460|AHAL|AudioHalAdlerAlsa.cc:26] ----- AudioHalParam [master] -----
01-01 17:31:35.456 I/hagodaemon(  285): [I|  318|b3edf460|AHAL|AudioHalAdlerAlsa.cc:27] FSamp: [176400]
01-01 17:31:35.456 I/hagodaemon(  285): [I|  318|b3edf460|AHAL|AudioHalAdlerAlsa.cc:28] NumOfCh: [2]
01-01 17:31:35.456 I/hagodaemon(  285): [I|  318|b3edf460|AHAL|AudioHalAdlerAlsa.cc:29] ChConfig: [2]
01-01 17:31:35.456 I/hagodaemon(  285): [I|  318|b3edf460|AHAL|AudioHalAdlerAlsa.cc:30] BufferType: [1]
01-01 17:31:35.456 I/hagodaemon(  285): [I|  318|b3edf460|AHAL|AudioHalAdlerAlsa.cc:31] BytesOfIntBuffer: [4]
01-01 17:31:35.456 I/hagodaemon(  285): [I|  318|b3edf460|AHAL|AudioHalAdlerAlsa.cc:32] BufferMode: [1]
01-01 17:31:35.456 I/hagodaemon(  285): [I|  318|b3edf460|AHAL|AudioHalOutAdlerAlsa.cc:1504] fs = 176400 [Hz]
01-01 17:31:35.456 I/hagodaemon(  285): [I|  318|b3edf460|AHAL|AudioHalOutAdlerAlsa.cc:1505] channels = 2
01-01 17:31:35.456 I/hagodaemon(  285): [I|  318|b3edf460|AHAL|AudioHalOutAdlerAlsa.cc:1506] buffer time = 500000
01-01 17:31:35.456 I/hagodaemon(  285): [I|  318|b3edf460|AHAL|AudioHalOutAdlerAlsa.cc:1507] period time = 21768
01-01 17:31:35.456 I/hagodaemon(  285): [I|  318|b3edf460|AHAL|AudioHalOutAdlerAlsa.cc:1508] buffer frames = 0
01-01 17:31:35.456 I/hagodaemon(  285): [I|  318|b3edf460|AHAL|AudioHalOutAdlerAlsa.cc:1509] period frames = 0
01-01 17:31:35.468 I/hagodaemon(  285): [I|  318|b3edf460|AHAL|AudioHalOutAdlerAlsa.cc:1533] period size = 3840 [frames]
01-01 17:31:35.468 I/hagodaemon(  285): [I|  318|b3edf460|AHAL|AudioHalOutAdlerAlsa.cc:1534] buffer size = 88200 [frames]
01-01 17:31:35.468 I/hagodaemon(  285): [I|  318|b3edf460|AHAL|AudioHalOutAdlerAlsa.cc:1535] latency = 500000 [us]
01-01 17:31:35.468 I/hagodaemon(  285): [I|  318|b3edf460|AHAL|AudioHalOutAdlerAlsa.cc:1761] start_threshold = 88200
01-01 17:31:35.468 I/hagodaemon(  285): [I|  318|b3edf460|AHAL|AudioHalOutAdlerAlsa.cc:1762] stop_threshold = 88200
01-01 17:31:35.468 I/hagodaemon(  285): [I|  318|b3edf460|AHAL|AudioHalOutAdlerAlsa.cc:1763] avail_min = -1
01-01 17:31:35.468 I/hagodaemon(  285): [I|  318|b3edf460|AHAL|AudioHalOutAdlerAlsa.cc:1764] start_delay = 0
01-01 17:31:35.468 I/hagodaemon(  285): [I|  318|b3edf460|AHAL|AudioHalOutAdlerAlsa.cc:1765] stop_delay = 0
01-01 17:31:35.468 I/hagodaemon(  285): [I|  318|b3edf460|AHAL|AudioHalOutAdlerAlsa.cc:771] frames_to_bytes = 8
01-01 17:31:35.468 I/hagodaemon(  285): [I|  318|b3edf460|AHAL|AudioHalOutAdlerAlsa.cc:772] bytes_per_period = 30720
01-01 17:31:35.468 I/hagodaemon(  285): [T|  318|b3edf460|AHAL|AudioHalAdlerAlsa.cc:478] not opened

track plays
SLEEP FOR 500

01-01 17:37:44.184 I/hagodaemon(  283): 20180101 173744.183202 [INFO] [GapPlayChain.c:551] [tid:659] GAP_CMP_EVENT_END_OF_STREAM role = 0
01-01 17:37:44.184 I/hagodaemon(  283): 20180101 173744.183765 [INFO] [GapPlayerCmdHandlerPlay.c:533] [tid:418] Preparing next track.
01-01 17:37:44.186 I/hagodaemon(  283): [I|  312|b509b460|PLYRSRVC|PlayerServiceService.cc:765|operator()] Enter
01-01 17:37:44.195 I/hagodaemon(  283): [I|  312|b509b460|PLYRSRVC|PlayerServiceService.cc:765|operator()] Exit
01-01 17:37:50.852 I/hagodaemon(  283): 20180101 173750.850539 [INFO] [GapPlayChain.c:551] [tid:661] GAP_CMP_EVENT_END_OF_STREAM role = 2
01-01 17:37:50.854 I/hagodaemon(  283): [I|  312|b509b460|PLYRSRVC|PlayerServiceService.cc:767|operator()] Enter
01-01 17:37:50.857 I/hagodaemon(  283): [I|  312|b509b460|PLYRSRVC|PlayerServiceService.cc:767|operator()] Exit
01-01 17:37:50.858 I/hagodaemon(  283): 20180101 173750.857790 [INFO] [DmcOmxDemuxerCmp.c:5568] [tid:659] componentOnStateChange: [OMX_StateExecuting]->[OMX_StateIdle]
01-01 17:37:50.863 I/hagodaemon(  283): 20180101 173750.861797 [ERR ] [DmcDsdAudioRendererCmp.c:759] [tid:661] componentOnStateChange: [OMX_StateExecuting]->[OMX_StateIdle]
01-01 17:37:50.915 I/hagodaemon(  283): 20180101 173750.914141 [INFO] [WmSoundService.cpp:672] [tid:661] IAudioTrack::SendEos()
01-01 17:37:51.073 I/hagodaemon(  285): [I|  318|b3edf460|SS  |SoundServiceImpl.cc:512] Track[TK_MUSIC_PID_312_PKT_131072_QUE_3_2] received CtrlPacket[track::drain]
01-01 17:37:51.073 I/hagodaemon(  283): 20180101 173751.071422 [INFO] [WmSoundService.cpp:167] [tid:661] WriteWatcher joined.
01-01 17:37:51.082 I/hagodaemon(  283): 20180101 173751.080182 [INFO] [DmcOmxDemuxerCmp.c:5568] [tid:659] componentOnStateChange: [OMX_StateIdle]->[OMX_StateLoaded]
01-01 17:37:51.083 I/hagodaemon(  285): [I|  318|b3edf460|SS  |SoundServiceImpl.cc:629] Track[TK_MUSIC_PID_312_PKT_131072_QUE_3_2] drains by silent audio Pkts[4] = [200]ms
01-01 17:37:51.099 I/hagodaemon(  283): 20180101 173751.098264 [ERR ] [DmcDsdAudioRendererCmp.c:759] [tid:661] componentOnStateChange: [OMX_StateIdle]->[OMX_StateLoaded]
01-01 17:37:51.285 I/hagodaemon(  285): [D|  318|b3edf460|AHAL|AudioHalOutAdlerAlsa.cc:354] flushes proof_buffer [4096] bytes
01-01 17:37:51.285 I/hagodaemon(  285): [D|  318|b3edf460|AHAL|AudioHalOutAdlerAlsa.cc:918] format_set_silence: [30720] > [4096]
01-01 17:37:51.807 I/hagodaemon(  285): [D|  318|b3edf460|AHAL|AudioHalOutAdlerAlsa.cc:295] [hw:0,4]
01-01 17:37:51.810 I/hagodaemon(  285): [I|  318|b3edf460|SS  |SoundServiceImpl.cc:512] Track[TK_MUSIC_PID_312_PKT_131072_QUE_3_2] received CtrlPacket[track::stop]
01-01 17:37:51.810 I/hagodaemon(  285): [I|  318|b3edf460|SS  |SoundServiceImpl.cc:512] Track[TK_MUSIC_PID_312_PKT_131072_QUE_3_2] received CtrlPacket[track::destroy]
01-01 17:37:51.810 I/hagodaemon(  285): [I|  318|b3edf460|SS  |SoundServiceImpl.cc:545] Track[TK_MUSIC_PID_312_PKT_131072_QUE_3_2] is ready to destroy
01-01 17:37:51.811 I/hagodaemon(  285): [I|  318|b6739460|SS  |SoundServiceImpl.cc:348] Track[TK_MUSIC_PID_312_PKT_131072_QUE_3_2] has been destroyed
01-01 17:37:51.812 I/hagodaemon(  283): [I|  312|b509b460|PLYRSRVC|PlayerServiceService.cc:764|operator()] Enter
01-01 17:37:51.814 I/hagodaemon(  283): [I|  312|b509b460|PLYRSRVC|PlayerServiceService.cc:764|operator()] Exit
01-01 17:37:51.817 I/hagodaemon(  283): 20180101 173751.815641 [INFO] [GapChainFactory.c:452] [tid:418] demuxer cmp name = [OMX.SONY.DEMUX.APE]
01-01 17:37:51.822 I/hagodaemon(  283): 20180101 173751.820673 [INFO] [DmcOmxDemuxerCmp.c:2487] [tid:685] content URI: /data/mnt/internal/MUSIC/12 Sadeness (Meditation).ape
01-01 17:37:51.842 I/hagodaemon(  283): 20180101 173751.840940 [INFO] [DmcOmxSoundEffectCmp.c:1033] [tid:686] outSamplingRate:  [44100]->[96000]
01-01 17:37:51.843 I/hagodaemon(  283): 20180101 173751.842243 [INFO] [DmcOmxSoundEffectCmp.c:1037] [tid:686] inSamplingRate:  [44100]->[96000]
01-01 17:37:51.844 I/hagodaemon(  283): 20180101 173751.843427 [INFO] [DmcOmxSoundEffectCmp.c:1038] [tid:686] inChannels:      [2]->[2]
01-01 17:37:51.845 I/hagodaemon(  283): 20180101 173751.844479 [INFO] [DmcOmxSoundEffectCmp.c:1039] [tid:686] inBitsPerSample: [16]->[24]
01-01 17:37:51.861 I/hagodaemon(  283): 20180101 173751.860049 [INFO] [DmcOmxDemuxerCmp.c:5568] [tid:685] componentOnStateChange: [OMX_StateLoaded]->[OMX_StateIdle]
01-01 17:37:51.873 I/hagodaemon(  283): 20180101 173751.873244 [INFO] [DmcAndroidAudioRendererCmp.c:1567] [tid:687] componentOnStateChange: [OMX_StateLoaded]->[OMX_StateIdle]
01-01 17:37:51.875 I/hagodaemon(  283): 20180101 173751.874243 [INFO] [DmcOmxDemuxerCmp.c:5568] [tid:685] componentOnStateChange: [OMX_StateIdle]->[OMX_StatePause]
01-01 17:37:51.876 I/hagodaemon(  283): 20180101 173751.875688 [INFO] [DmcAndroidAudioRendererCmp.c:1567] [tid:687] componentOnStateChange: [OMX_StateIdle]->[OMX_StatePause]
01-01 17:37:51.876 I/hagodaemon(  283): 20180101 173751.875859 [INFO] [WmSoundService.cpp:408] [tid:687] [SoundService] nChannels [2], nBitPerSample [32], nSamplingRate [96000]
01-01 17:37:51.876 I/hagodaemon(  283): 20180101 173751.876012 [INFO] [WmSoundService.cpp:428] [tid:687] [SoundService][Original] eEncoding [WMX_AUDIO_CodingAPE]
01-01 17:37:51.876 I/hagodaemon(  283): 20180101 173751.876131 [INFO] [WmSoundService.cpp:439] [tid:687] [SoundService][Original] nChannels [2], nBitPerSample [24], nSamplingRate [96000]
01-01 17:37:51.876 I/hagodaemon(  283): 20180101 173751.876280 [INFO] [WmSoundService.cpp:442] [tid:687] [SoundService][Original] bVbr [0], nBitRate [0]
01-01 17:37:51.879 I/hagodaemon(  285): [I|  318|b6cfb000|SS  |SoundServiceAudioInfoLogs.cc:86] ----- AudioTrack[CreateTrack by PID[312]] -----
01-01 17:37:51.879 I/hagodaemon(  285): [I|  318|b6cfb000|SS  |SoundServiceAudioInfoLogs.cc:88] [Tracks]
01-01 17:37:51.879 I/hagodaemon(  285): [I|  318|b6cfb000|SS  |SoundServiceAudioInfoLogs.cc:89]   type: Music
01-01 17:37:51.879 I/hagodaemon(  285): [I|  318|b6cfb000|SS  |SoundServiceAudioInfoLogs.cc:113] [Codecs]
01-01 17:37:51.879 I/hagodaemon(  285): [I|  318|b6cfb000|SS  |SoundServiceAudioInfoLogs.cc:114]   codec: LPCM
01-01 17:37:51.879 I/hagodaemon(  285): [I|  318|b6cfb000|SS  |SoundServiceAudioInfoLogs.cc:120]   f_samp: 96000
01-01 17:37:51.879 I/hagodaemon(  285): [I|  318|b6cfb000|SS  |SoundServiceAudioInfoLogs.cc:125]   bits_per_samp: 32
01-01 17:37:51.879 I/hagodaemon(  285): [I|  318|b6cfb000|SS  |SoundServiceAudioInfoLogs.cc:128] [Channels]
01-01 17:37:51.879 I/hagodaemon(  285): [I|  318|b6cfb000|SS  |SoundServiceAudioInfoLogs.cc:129]   num_of_ch: 2
01-01 17:37:51.879 I/hagodaemon(  285): [I|  318|b6cfb000|SS  |SoundServiceAudioInfoLogs.cc:130]   ch_config: Stereo
01-01 17:37:51.879 I/hagodaemon(  285): [I|  318|b6cfb000|SS  |SoundServiceAudioInfoLogs.cc:141] [Buffers]
01-01 17:37:51.879 I/hagodaemon(  285): [I|  318|b6cfb000|SS  |SoundServiceAudioInfoLogs.cc:142]   type: Int
01-01 17:37:51.879 I/hagodaemon(  285): [I|  318|b6cfb000|SS  |SoundServiceAudioInfoLogs.cc:143]   bytes: 4
01-01 17:37:51.879 I/hagodaemon(  285): [I|  318|b6cfb000|SS  |SoundServiceAudioInfoLogs.cc:144]   mode: Interleaved
01-01 17:37:51.879 I/hagodaemon(  285): [I|  318|b6cfb000|SS  |SoundServiceAudioInfoLogs.cc:146] [PreAudioInfo]
01-01 17:37:51.879 I/hagodaemon(  285): [I|  318|b6cfb000|SS  |SoundServiceAudioInfoLogs.cc:148]   codec_type: 20
01-01 17:37:51.879 I/hagodaemon(  285): [I|  318|b6cfb000|SS  |SoundServiceAudioInfoLogs.cc:150]   bitrate_type: 3
01-01 17:37:51.879 I/hagodaemon(  285): [I|  318|b6cfb000|SS  |SoundServiceAudioInfoLogs.cc:151]   bitrate_value: 0
01-01 17:37:51.879 I/hagodaemon(  285): [I|  318|b6cfb000|SS  |SoundServiceAudioInfoLogs.cc:152]   f_samp: 96000
01-01 17:37:51.879 I/hagodaemon(  285): [I|  318|b6cfb000|SS  |SoundServiceAudioInfoLogs.cc:153]   bits_per_samp: 24
01-01 17:37:51.879 I/hagodaemon(  285): [I|  318|b6cfb000|SS  |SoundServiceAudioInfoLogs.cc:155]   ch_config: Invalid
01-01 17:37:51.881 I/hagodaemon(  285): [I|  318|b6cfb000|SS  |SoundServiceImpl.cc:298] Track[TK_MUSIC_PID_312_PKT_131072_QUE_5_3] has been created
01-01 17:37:51.883 I/hagodaemon(  283): 20180101 173751.882885 [INFO] [DmcOmxDemuxerCmp.c:5568] [tid:685] componentOnStateChange: [OMX_StatePause]->[OMX_StateExecuting]
01-01 17:37:51.987 I/hagodaemon(  283): 20180101 173751.985177 [INFO] [DmcAndroidAudioRendererCmp.c:1567] [tid:687] componentOnStateChange: [OMX_StatePause]->[OMX_StateExecuting]
01-01 17:37:51.987 I/hagodaemon(  285): [I|  318|b3edf460|SS  |SoundServiceImpl.cc:512] Track[TK_MUSIC_PID_312_PKT_131072_QUE_5_3] received CtrlPacket[track::play]
01-01 17:37:51.989 I/hagodaemon(  283): 20180101 173751.987819 [INFO] [WmSoundService.cpp:133] [tid:690] WriteWatcher started.
01-01 17:37:52.137 I/hagodaemon(  283): 20180101 173752.136651 [INFO] [DmcOmxDemuxerCmp.c:4693] [tid:685] audio buffer count = [116/117]
01-01 17:37:52.163 I/hagodaemon(  285): [I|  318|b3edf460|SS  |PreFilters.cc:515] PreFilters Configuration: DO_NOT_PROCESS
01-01 17:37:52.206 I/hagodaemon(  285): [I|  318|b3edf460|SS  |SoundServiceImpl.cc:1160] Track[TK_MUSIC_PID_312_PKT_131072_QUE_5_3] fades in packet
01-01 17:37:52.206 I/hagodaemon(  285): [D|  318|b3edf460|AHAL|AudioHalOutAdlerAlsa.cc:222] [hw:0,4]
01-01 17:37:52.207 I/hagodaemon(  285): [T|  318|b3edf460|AHAL|AudioHalAdlerAlsa.cc:335] !!! not opened
01-01 17:37:52.207 I/hagodaemon(  285): [I|  318|b3edf460|AHAL|AudioHalAdlerAlsa.cc:26] ----- AudioHalParam [master] -----
01-01 17:37:52.207 I/hagodaemon(  285): [I|  318|b3edf460|AHAL|AudioHalAdlerAlsa.cc:27] FSamp: [96000]
01-01 17:37:52.207 I/hagodaemon(  285): [I|  318|b3edf460|AHAL|AudioHalAdlerAlsa.cc:28] NumOfCh: [2]
01-01 17:37:52.207 I/hagodaemon(  285): [I|  318|b3edf460|AHAL|AudioHalAdlerAlsa.cc:29] ChConfig: [2]
01-01 17:37:52.207 I/hagodaemon(  285): [I|  318|b3edf460|AHAL|AudioHalAdlerAlsa.cc:30] BufferType: [1]
01-01 17:37:52.207 I/hagodaemon(  285): [I|  318|b3edf460|AHAL|AudioHalAdlerAlsa.cc:31] BytesOfIntBuffer: [4]
01-01 17:37:52.207 I/hagodaemon(  285): [I|  318|b3edf460|AHAL|AudioHalAdlerAlsa.cc:32] BufferMode: [1]
01-01 17:37:52.207 I/hagodaemon(  285): [I|  318|b3edf460|AHAL|AudioHalOutAdlerAlsa.cc:1504] fs = 96000 [Hz]
01-01 17:37:52.207 I/hagodaemon(  285): [I|  318|b3edf460|AHAL|AudioHalOutAdlerAlsa.cc:1505] channels = 2
01-01 17:37:52.207 I/hagodaemon(  285): [I|  318|b3edf460|AHAL|AudioHalOutAdlerAlsa.cc:1506] buffer time = 500000
01-01 17:37:52.207 I/hagodaemon(  285): [I|  318|b3edf460|AHAL|AudioHalOutAdlerAlsa.cc:1507] period time = 40000
01-01 17:37:52.207 I/hagodaemon(  285): [I|  318|b3edf460|AHAL|AudioHalOutAdlerAlsa.cc:1508] buffer frames = 0
01-01 17:37:52.207 I/hagodaemon(  285): [I|  318|b3edf460|AHAL|AudioHalOutAdlerAlsa.cc:1509] period frames = 0
01-01 17:37:52.252 I/hagodaemon(  285): [I|  318|b3edf460|AHAL|AudioHalOutAdlerAlsa.cc:1533] period size = 3840 [frames]
01-01 17:37:52.252 I/hagodaemon(  285): [I|  318|b3edf460|AHAL|AudioHalOutAdlerAlsa.cc:1534] buffer size = 48000 [frames]
01-01 17:37:52.252 I/hagodaemon(  285): [I|  318|b3edf460|AHAL|AudioHalOutAdlerAlsa.cc:1535] latency = 500000 [us]
01-01 17:37:52.252 I/hagodaemon(  285): [I|  318|b3edf460|AHAL|AudioHalOutAdlerAlsa.cc:1761] start_threshold = 48000
01-01 17:37:52.252 I/hagodaemon(  285): [I|  318|b3edf460|AHAL|AudioHalOutAdlerAlsa.cc:1762] stop_threshold = 48000
01-01 17:37:52.252 I/hagodaemon(  285): [I|  318|b3edf460|AHAL|AudioHalOutAdlerAlsa.cc:1763] avail_min = -1
01-01 17:37:52.252 I/hagodaemon(  285): [I|  318|b3edf460|AHAL|AudioHalOutAdlerAlsa.cc:1764] start_delay = 0
01-01 17:37:52.252 I/hagodaemon(  285): [I|  318|b3edf460|AHAL|AudioHalOutAdlerAlsa.cc:1765] stop_delay = 0
01-01 17:37:52.252 I/hagodaemon(  285): [I|  318|b3edf460|AHAL|AudioHalOutAdlerAlsa.cc:771] frames_to_bytes = 8
01-01 17:37:52.252 I/hagodaemon(  285): [I|  318|b3edf460|AHAL|AudioHalOutAdlerAlsa.cc:772] bytes_per_period = 30720
01-01 17:37:52.253 I/hagodaemon(  285): [T|  318|b3edf460|AHAL|AudioHalAdlerAlsa.cc:478] not opened

track plays
SLEEP FOR 500

01-01 17:40:57.383 I/hagodaemon(  283): 20180101 174057.380934 [INFO] [GapPlayChain.c:551] [tid:685] GAP_CMP_EVENT_END_OF_STREAM role = 0
01-01 17:40:57.384 I/hagodaemon(  283): 20180101 174057.383515 [INFO] [GapPlayerCmdHandlerPlay.c:533] [tid:418] Preparing next track.
01-01 17:40:57.384 I/hagodaemon(  283): [I|  312|b509b460|PLYRSRVC|PlayerServiceService.cc:765|operator()] Enter
01-01 17:40:57.386 I/hagodaemon(  283): [I|  312|b509b460|PLYRSRVC|PlayerServiceService.cc:765|operator()] Exit
01-01 17:41:02.622 I/hagodaemon(  283): 20180101 174102.620162 [INFO] [DmcAndroidAudioRendererCmp.c:1305] [tid:687] EOS received. nFilledLen = [0], nTimeStamp = [190847999]
01-01 17:41:02.624 I/hagodaemon(  283): 20180101 174102.622613 [INFO] [GapPlayChain.c:551] [tid:687] GAP_CMP_EVENT_END_OF_STREAM role = 2
01-01 17:41:02.625 I/hagodaemon(  283): [I|  312|b509b460|PLYRSRVC|PlayerServiceService.cc:767|operator()] Enter
01-01 17:41:02.628 I/hagodaemon(  283): [I|  312|b509b460|PLYRSRVC|PlayerServiceService.cc:767|operator()] Exit
01-01 17:41:02.632 I/hagodaemon(  283): 20180101 174102.629954 [INFO] [WmSoundService.cpp:818] [tid:687] IAudioTrack::SendEos()
01-01 17:41:02.781 I/hagodaemon(  283): 20180101 174102.780967 [INFO] [DmcOmxDemuxerCmp.c:5568] [tid:685] componentOnStateChange: [OMX_StateExecuting]->[OMX_StateIdle]
01-01 17:41:02.785 I/hagodaemon(  283): 20180101 174102.782748 [INFO] [DmcAndroidAudioRendererCmp.c:1567] [tid:687] componentOnStateChange: [OMX_StateExecuting]->[OMX_StateIdle]
01-01 17:41:02.844 I/hagodaemon(  283): 20180101 174102.842371 [INFO] [WmSoundService.cpp:167] [tid:687] WriteWatcher joined.
01-01 17:41:02.857 I/hagodaemon(  283): 20180101 174102.855497 [INFO] [DmcOmxDemuxerCmp.c:5568] [tid:685] componentOnStateChange: [OMX_StateIdle]->[OMX_StateLoaded]
01-01 17:41:02.872 I/hagodaemon(  283): 20180101 174102.871076 [INFO] [DmcAndroidAudioRendererCmp.c:1567] [tid:687] componentOnStateChange: [OMX_StateIdle]->[OMX_StateLoaded]
01-01 17:41:02.939 I/hagodaemon(  285): [I|  318|b3edf460|SS  |SoundServiceImpl.cc:512] Track[TK_MUSIC_PID_312_PKT_131072_QUE_5_3] received CtrlPacket[track::drain]
01-01 17:41:02.940 I/hagodaemon(  285): [I|  318|b3edf460|SS  |SoundServiceImpl.cc:629] Track[TK_MUSIC_PID_312_PKT_131072_QUE_5_3] drains by silent audio Pkts[2] = [100]ms
01-01 17:41:02.940 I/hagodaemon(  285): [D|  318|b3edf460|AHAL|AudioHalOutAdlerAlsa.cc:354] flushes proof_buffer [4096] bytes
01-01 17:41:02.940 I/hagodaemon(  285): [D|  318|b3edf460|AHAL|AudioHalOutAdlerAlsa.cc:918] format_set_silence: [30720] > [4096]
01-01 17:41:03.539 I/hagodaemon(  285): [D|  318|b3edf460|AHAL|AudioHalOutAdlerAlsa.cc:295] [hw:0,4]
01-01 17:41:03.542 I/hagodaemon(  285): [I|  318|b3edf460|SS  |SoundServiceImpl.cc:512] Track[TK_MUSIC_PID_312_PKT_131072_QUE_5_3] received CtrlPacket[track::stop]
01-01 17:41:03.542 I/hagodaemon(  285): [I|  318|b3edf460|SS  |SoundServiceImpl.cc:512] Track[TK_MUSIC_PID_312_PKT_131072_QUE_5_3] received CtrlPacket[track::destroy]
01-01 17:41:03.542 I/hagodaemon(  285): [I|  318|b3edf460|SS  |SoundServiceImpl.cc:545] Track[TK_MUSIC_PID_312_PKT_131072_QUE_5_3] is ready to destroy
01-01 17:41:03.543 I/hagodaemon(  285): [I|  318|b5739460|SS  |SoundServiceImpl.cc:348] Track[TK_MUSIC_PID_312_PKT_131072_QUE_5_3] has been destroyed
01-01 17:41:03.545 I/hagodaemon(  283): [I|  312|b509b460|PLYRSRVC|PlayerServiceService.cc:764|operator()] Enter
01-01 17:41:03.546 I/hagodaemon(  283): [I|  312|b509b460|PLYRSRVC|PlayerServiceService.cc:764|operator()] Exit
01-01 17:41:03.548 I/hagodaemon(  283): 20180101 174103.547197 [INFO] [GapChainFactory.c:452] [tid:418] demuxer cmp name = [OMX.SONY.DEMUX.FLAC]
01-01 17:41:03.551 I/hagodaemon(  283): 20180101 174103.549806 [INFO] [DmcOmxDemuxerCmp.c:2487] [tid:705] content URI: /data/mnt/internal/MUSIC/Snowflake.flac
01-01 17:41:03.561 I/hagodaemon(  283): 20180101 174103.559305 [INFO] [DmcOmxSoundEffectCmp.c:1033] [tid:706] outSamplingRate:  [44100]->[88200]
01-01 17:41:03.562 I/hagodaemon(  283): 20180101 174103.560971 [INFO] [DmcOmxSoundEffectCmp.c:1037] [tid:706] inSamplingRate:  [44100]->[88200]
01-01 17:41:03.563 I/hagodaemon(  283): 20180101 174103.562380 [INFO] [DmcOmxSoundEffectCmp.c:1038] [tid:706] inChannels:      [2]->[2]
01-01 17:41:03.564 I/hagodaemon(  283): 20180101 174103.563626 [INFO] [DmcOmxSoundEffectCmp.c:1039] [tid:706] inBitsPerSample: [16]->[24]
01-01 17:41:03.577 I/hagodaemon(  283): 20180101 174103.576850 [INFO] [DmcOmxDemuxerCmp.c:5568] [tid:705] componentOnStateChange: [OMX_StateLoaded]->[OMX_StateIdle]
01-01 17:41:03.588 I/hagodaemon(  283): 20180101 174103.588324 [INFO] [DmcAndroidAudioRendererCmp.c:1567] [tid:707] componentOnStateChange: [OMX_StateLoaded]->[OMX_StateIdle]
01-01 17:41:03.590 I/hagodaemon(  283): 20180101 174103.589456 [INFO] [DmcOmxDemuxerCmp.c:5568] [tid:705] componentOnStateChange: [OMX_StateIdle]->[OMX_StatePause]
01-01 17:41:03.591 I/hagodaemon(  283): 20180101 174103.590889 [INFO] [DmcAndroidAudioRendererCmp.c:1567] [tid:707] componentOnStateChange: [OMX_StateIdle]->[OMX_StatePause]
01-01 17:41:03.591 I/hagodaemon(  283): 20180101 174103.591061 [INFO] [WmSoundService.cpp:408] [tid:707] [SoundService] nChannels [2], nBitPerSample [32], nSamplingRate [88200]
01-01 17:41:03.592 I/hagodaemon(  283): 20180101 174103.591217 [INFO] [WmSoundService.cpp:427] [tid:707] [SoundService][Original] eEncoding [WMX_AUDIO_CodingFLAC]
01-01 17:41:03.592 I/hagodaemon(  283): 20180101 174103.591342 [INFO] [WmSoundService.cpp:439] [tid:707] [SoundService][Original] nChannels [2], nBitPerSample [24], nSamplingRate [88200]
01-01 17:41:03.592 I/hagodaemon(  283): 20180101 174103.591496 [INFO] [WmSoundService.cpp:442] [tid:707] [SoundService][Original] bVbr [0], nBitRate [0]
01-01 17:41:03.595 I/hagodaemon(  285): [I|  318|b6cfb000|SS  |SoundServiceAudioInfoLogs.cc:86] ----- AudioTrack[CreateTrack by PID[312]] -----
01-01 17:41:03.595 I/hagodaemon(  285): [I|  318|b6cfb000|SS  |SoundServiceAudioInfoLogs.cc:88] [Tracks]
01-01 17:41:03.595 I/hagodaemon(  285): [I|  318|b6cfb000|SS  |SoundServiceAudioInfoLogs.cc:89]   type: Music
01-01 17:41:03.595 I/hagodaemon(  285): [I|  318|b6cfb000|SS  |SoundServiceAudioInfoLogs.cc:113] [Codecs]
01-01 17:41:03.595 I/hagodaemon(  285): [I|  318|b6cfb000|SS  |SoundServiceAudioInfoLogs.cc:114]   codec: LPCM
01-01 17:41:03.595 I/hagodaemon(  285): [I|  318|b6cfb000|SS  |SoundServiceAudioInfoLogs.cc:120]   f_samp: 88200
01-01 17:41:03.595 I/hagodaemon(  285): [I|  318|b6cfb000|SS  |SoundServiceAudioInfoLogs.cc:125]   bits_per_samp: 32
01-01 17:41:03.595 I/hagodaemon(  285): [I|  318|b6cfb000|SS  |SoundServiceAudioInfoLogs.cc:128] [Channels]
01-01 17:41:03.595 I/hagodaemon(  285): [I|  318|b6cfb000|SS  |SoundServiceAudioInfoLogs.cc:129]   num_of_ch: 2
01-01 17:41:03.595 I/hagodaemon(  285): [I|  318|b6cfb000|SS  |SoundServiceAudioInfoLogs.cc:130]   ch_config: Stereo
01-01 17:41:03.595 I/hagodaemon(  285): [I|  318|b6cfb000|SS  |SoundServiceAudioInfoLogs.cc:141] [Buffers]
01-01 17:41:03.595 I/hagodaemon(  285): [I|  318|b6cfb000|SS  |SoundServiceAudioInfoLogs.cc:142]   type: Int
01-01 17:41:03.595 I/hagodaemon(  285): [I|  318|b6cfb000|SS  |SoundServiceAudioInfoLogs.cc:143]   bytes: 4
01-01 17:41:03.595 I/hagodaemon(  285): [I|  318|b6cfb000|SS  |SoundServiceAudioInfoLogs.cc:144]   mode: Interleaved
01-01 17:41:03.595 I/hagodaemon(  285): [I|  318|b6cfb000|SS  |SoundServiceAudioInfoLogs.cc:146] [PreAudioInfo]
01-01 17:41:03.595 I/hagodaemon(  285): [I|  318|b6cfb000|SS  |SoundServiceAudioInfoLogs.cc:148]   codec_type: 3
01-01 17:41:03.595 I/hagodaemon(  285): [I|  318|b6cfb000|SS  |SoundServiceAudioInfoLogs.cc:150]   bitrate_type: 3
01-01 17:41:03.595 I/hagodaemon(  285): [I|  318|b6cfb000|SS  |SoundServiceAudioInfoLogs.cc:151]   bitrate_value: 0
01-01 17:41:03.595 I/hagodaemon(  285): [I|  318|b6cfb000|SS  |SoundServiceAudioInfoLogs.cc:152]   f_samp: 88200
01-01 17:41:03.595 I/hagodaemon(  285): [I|  318|b6cfb000|SS  |SoundServiceAudioInfoLogs.cc:153]   bits_per_samp: 24
01-01 17:41:03.595 I/hagodaemon(  285): [I|  318|b6cfb000|SS  |SoundServiceAudioInfoLogs.cc:155]   ch_config: Invalid
01-01 17:41:03.596 I/hagodaemon(  285): [I|  318|b6cfb000|SS  |SoundServiceImpl.cc:298] Track[TK_MUSIC_PID_312_PKT_131072_QUE_5_4] has been created
01-01 17:41:03.598 I/hagodaemon(  283): 20180101 174103.597407 [INFO] [DmcOmxDemuxerCmp.c:5568] [tid:705] componentOnStateChange: [OMX_StatePause]->[OMX_StateExecuting]
01-01 17:41:03.703 I/hagodaemon(  283): 20180101 174103.700113 [INFO] [DmcAndroidAudioRendererCmp.c:1567] [tid:707] componentOnStateChange: [OMX_StatePause]->[OMX_StateExecuting]
01-01 17:41:03.703 I/hagodaemon(  285): [I|  318|b3edf460|SS  |SoundServiceImpl.cc:512] Track[TK_MUSIC_PID_312_PKT_131072_QUE_5_4] received CtrlPacket[track::play]
01-01 17:41:03.706 I/hagodaemon(  283): 20180101 174103.703541 [INFO] [WmSoundService.cpp:133] [tid:710] WriteWatcher started.
01-01 17:41:03.708 I/hagodaemon(  283): 20180101 174103.706291 [INFO] [DmcOmxDemuxerCmp.c:4693] [tid:705] audio buffer count = [106/107]
01-01 17:41:03.731 I/hagodaemon(  285): [I|  318|b3edf460|SS  |PreFilters.cc:515] PreFilters Configuration: DO_NOT_PROCESS
01-01 17:41:03.740 I/hagodaemon(  285): [I|  318|b3edf460|SS  |SoundServiceImpl.cc:1160] Track[TK_MUSIC_PID_312_PKT_131072_QUE_5_4] fades in packet
01-01 17:41:03.740 I/hagodaemon(  285): [D|  318|b3edf460|AHAL|AudioHalOutAdlerAlsa.cc:222] [hw:0,4]
01-01 17:41:03.741 I/hagodaemon(  285): [T|  318|b3edf460|AHAL|AudioHalAdlerAlsa.cc:335] !!! not opened
01-01 17:41:03.741 I/hagodaemon(  285): [I|  318|b3edf460|AHAL|AudioHalAdlerAlsa.cc:26] ----- AudioHalParam [master] -----
01-01 17:41:03.741 I/hagodaemon(  285): [I|  318|b3edf460|AHAL|AudioHalAdlerAlsa.cc:27] FSamp: [88200]
01-01 17:41:03.742 I/hagodaemon(  285): [I|  318|b3edf460|AHAL|AudioHalAdlerAlsa.cc:28] NumOfCh: [2]
01-01 17:41:03.742 I/hagodaemon(  285): [I|  318|b3edf460|AHAL|AudioHalAdlerAlsa.cc:29] ChConfig: [2]
01-01 17:41:03.742 I/hagodaemon(  285): [I|  318|b3edf460|AHAL|AudioHalAdlerAlsa.cc:30] BufferType: [1]
01-01 17:41:03.742 I/hagodaemon(  285): [I|  318|b3edf460|AHAL|AudioHalAdlerAlsa.cc:31] BytesOfIntBuffer: [4]
01-01 17:41:03.742 I/hagodaemon(  285): [I|  318|b3edf460|AHAL|AudioHalAdlerAlsa.cc:32] BufferMode: [1]
01-01 17:41:03.742 I/hagodaemon(  285): [I|  318|b3edf460|AHAL|AudioHalOutAdlerAlsa.cc:1504] fs = 88200 [Hz]
01-01 17:41:03.742 I/hagodaemon(  285): [I|  318|b3edf460|AHAL|AudioHalOutAdlerAlsa.cc:1505] channels = 2
01-01 17:41:03.742 I/hagodaemon(  285): [I|  318|b3edf460|AHAL|AudioHalOutAdlerAlsa.cc:1506] buffer time = 500000
01-01 17:41:03.742 I/hagodaemon(  285): [I|  318|b3edf460|AHAL|AudioHalOutAdlerAlsa.cc:1507] period time = 43537
01-01 17:41:03.742 I/hagodaemon(  285): [I|  318|b3edf460|AHAL|AudioHalOutAdlerAlsa.cc:1508] buffer frames = 0
01-01 17:41:03.742 I/hagodaemon(  285): [I|  318|b3edf460|AHAL|AudioHalOutAdlerAlsa.cc:1509] period frames = 0
01-01 17:41:03.756 I/hagodaemon(  283): [W|  312|b46ff460|PLAY|Session.cc:806|virtual void pst::playservice::PlayerBase<pst::playservice::MediaEnginePlayer, pst::playservice::PlaySequence>::HandlePlayTimeUpdated(media_time_t, media_time_t) [BasicPlayerClass = pst::playservice::MediaEnginePlayer, SequenceClass = pst::playservice::PlaySequence]] playtime is not for the current track.
01-01 17:41:03.794 I/hagodaemon(  285): [I|  318|b3edf460|AHAL|AudioHalOutAdlerAlsa.cc:1533] period size = 3840 [frames]
01-01 17:41:03.794 I/hagodaemon(  285): [I|  318|b3edf460|AHAL|AudioHalOutAdlerAlsa.cc:1534] buffer size = 44100 [frames]
01-01 17:41:03.794 I/hagodaemon(  285): [I|  318|b3edf460|AHAL|AudioHalOutAdlerAlsa.cc:1535] latency = 500000 [us]
01-01 17:41:03.794 I/hagodaemon(  285): [I|  318|b3edf460|AHAL|AudioHalOutAdlerAlsa.cc:1761] start_threshold = 44100
01-01 17:41:03.794 I/hagodaemon(  285): [I|  318|b3edf460|AHAL|AudioHalOutAdlerAlsa.cc:1762] stop_threshold = 44100
01-01 17:41:03.794 I/hagodaemon(  285): [I|  318|b3edf460|AHAL|AudioHalOutAdlerAlsa.cc:1763] avail_min = -1
01-01 17:41:03.794 I/hagodaemon(  285): [I|  318|b3edf460|AHAL|AudioHalOutAdlerAlsa.cc:1764] start_delay = 0
01-01 17:41:03.794 I/hagodaemon(  285): [I|  318|b3edf460|AHAL|AudioHalOutAdlerAlsa.cc:1765] stop_delay = 0
01-01 17:41:03.794 I/hagodaemon(  285): [I|  318|b3edf460|AHAL|AudioHalOutAdlerAlsa.cc:771] frames_to_bytes = 8
01-01 17:41:03.794 I/hagodaemon(  285): [I|  318|b3edf460|AHAL|AudioHalOutAdlerAlsa.cc:772] bytes_per_period = 30720
01-01 17:41:03.794 I/hagodaemon(  285): [T|  318|b3edf460|AHAL|AudioHalAdlerAlsa.cc:478] not opened

track plays
SLEEP FOR 500

01-01 17:45:22.551 I/hagodaemon(  283): 20180101 174522.549569 [INFO] [GapPlayChain.c:551] [tid:705] GAP_CMP_EVENT_END_OF_STREAM role = 0
01-01 17:45:22.552 I/hagodaemon(  283): 20180101 174522.551198 [INFO] [GapPlayerCmdHandlerPlay.c:533] [tid:418] Preparing next track.
01-01 17:45:22.552 I/hagodaemon(  283): [I|  312|b509b460|PLYRSRVC|PlayerServiceService.cc:765|operator()] Enter
01-01 17:45:22.554 I/hagodaemon(  283): [I|  312|b509b460|PLYRSRVC|PlayerServiceService.cc:765|operator()] Exit
01-01 17:45:22.558 I/hagodaemon(  283): 20180101 174522.556909 [INFO] [DmcOmxDemuxerCmp.c:2487] [tid:705] content URI: /data/mnt/internal/MUSIC/07 The Voice & The Snake.flac
01-01 17:45:27.903 I/hagodaemon(  283): 20180101 174527.902009 [INFO] [DmcAndroidAudioRendererCmp.c:1305] [tid:707] EOS received. nFilledLen = [0], nTimeStamp = [264661042]
01-01 17:45:27.904 I/hagodaemon(  283): 20180101 174527.903693 [INFO] [GapPlayChain.c:551] [tid:707] GAP_CMP_EVENT_END_OF_STREAM role = 2
01-01 17:45:27.907 I/hagodaemon(  283): [I|  312|b509b460|PLYRSRVC|PlayerServiceService.cc:767|operator()] Enter
01-01 17:45:27.907 I/hagodaemon(  283): [I|  312|b509b460|PLYRSRVC|PlayerServiceService.cc:767|operator()] Exit
01-01 17:45:27.909 I/hagodaemon(  283): 20180101 174527.908340 [INFO] [WmSoundService.cpp:818] [tid:707] IAudioTrack::SendEos()
01-01 17:45:27.911 I/hagodaemon(  283): 20180101 174527.910837 [INFO] [DmcOmxDemuxerCmp.c:5568] [tid:705] componentOnStateChange: [OMX_StateExecuting]->[OMX_StateIdle]
01-01 17:45:27.912 I/hagodaemon(  283): 20180101 174527.911508 [INFO] [DmcAndroidAudioRendererCmp.c:1567] [tid:707] componentOnStateChange: [OMX_StateExecuting]->[OMX_StateIdle]
01-01 17:45:28.116 I/hagodaemon(  283): 20180101 174528.115564 [INFO] [WmSoundService.cpp:167] [tid:707] WriteWatcher joined.
01-01 17:45:28.128 I/hagodaemon(  283): 20180101 174528.127127 [INFO] [DmcOmxDemuxerCmp.c:5568] [tid:705] componentOnStateChange: [OMX_StateIdle]->[OMX_StateLoaded]
01-01 17:45:28.141 I/hagodaemon(  283): 20180101 174528.139531 [INFO] [DmcAndroidAudioRendererCmp.c:1567] [tid:707] componentOnStateChange: [OMX_StateIdle]->[OMX_StateLoaded]
01-01 17:45:28.163 I/hagodaemon(  285): [I|  318|b3edf460|SS  |SoundServiceImpl.cc:512] Track[TK_MUSIC_PID_312_PKT_131072_QUE_5_4] received CtrlPacket[track::drain]
01-01 17:45:28.163 I/hagodaemon(  285): [I|  318|b3edf460|SS  |SoundServiceImpl.cc:629] Track[TK_MUSIC_PID_312_PKT_131072_QUE_5_4] drains by silent audio Pkts[2] = [100]ms
01-01 17:45:28.336 I/hagodaemon(  285): [D|  318|b3edf460|AHAL|AudioHalOutAdlerAlsa.cc:354] flushes proof_buffer [28424] bytes
01-01 17:45:28.336 I/hagodaemon(  285): [D|  318|b3edf460|AHAL|AudioHalOutAdlerAlsa.cc:918] format_set_silence: [30720] > [28424]
01-01 17:45:28.772 I/hagodaemon(  285): [D|  318|b3edf460|AHAL|AudioHalOutAdlerAlsa.cc:295] [hw:0,4]
01-01 17:45:28.775 I/hagodaemon(  285): [I|  318|b3edf460|SS  |SoundServiceImpl.cc:512] Track[TK_MUSIC_PID_312_PKT_131072_QUE_5_4] received CtrlPacket[track::stop]
01-01 17:45:28.775 I/hagodaemon(  285): [I|  318|b3edf460|SS  |SoundServiceImpl.cc:512] Track[TK_MUSIC_PID_312_PKT_131072_QUE_5_4] received CtrlPacket[track::destroy]
01-01 17:45:28.775 I/hagodaemon(  285): [I|  318|b3edf460|SS  |SoundServiceImpl.cc:545] Track[TK_MUSIC_PID_312_PKT_131072_QUE_5_4] is ready to destroy
01-01 17:45:28.776 I/hagodaemon(  285): [I|  318|b5f39460|SS  |SoundServiceImpl.cc:348] Track[TK_MUSIC_PID_312_PKT_131072_QUE_5_4] has been destroyed
01-01 17:45:28.777 I/hagodaemon(  283): [I|  312|b509b460|PLYRSRVC|PlayerServiceService.cc:764|operator()] Enter
01-01 17:45:28.779 I/hagodaemon(  283): [I|  312|b509b460|PLYRSRVC|PlayerServiceService.cc:764|operator()] Exit
01-01 17:45:28.781 I/hagodaemon(  283): 20180101 174528.780354 [INFO] [GapChainFactory.c:452] [tid:418] demuxer cmp name = [OMX.SONY.DEMUX.FLAC]
01-01 17:45:28.786 I/hagodaemon(  283): 20180101 174528.784630 [INFO] [DmcOmxDemuxerCmp.c:2487] [tid:725] content URI: /data/mnt/internal/MUSIC/07 The Voice & The Snake.flac
01-01 17:45:28.795 I/hagodaemon(  283): 20180101 174528.794562 [INFO] [DmcOmxSoundEffectCmp.c:1033] [tid:726] outSamplingRate:  [44100]->[192000]
01-01 17:45:28.796 I/hagodaemon(  283): 20180101 174528.795502 [INFO] [DmcOmxSoundEffectCmp.c:1037] [tid:726] inSamplingRate:  [44100]->[192000]
01-01 17:45:28.797 I/hagodaemon(  283): 20180101 174528.796281 [INFO] [DmcOmxSoundEffectCmp.c:1038] [tid:726] inChannels:      [2]->[2]
01-01 17:45:28.797 I/hagodaemon(  283): 20180101 174528.796991 [INFO] [DmcOmxSoundEffectCmp.c:1039] [tid:726] inBitsPerSample: [16]->[24]
01-01 17:45:28.819 I/hagodaemon(  283): 20180101 174528.819072 [INFO] [DmcOmxDemuxerCmp.c:5568] [tid:725] componentOnStateChange: [OMX_StateLoaded]->[OMX_StateIdle]
01-01 17:45:28.830 I/hagodaemon(  283): 20180101 174528.830577 [INFO] [DmcAndroidAudioRendererCmp.c:1567] [tid:727] componentOnStateChange: [OMX_StateLoaded]->[OMX_StateIdle]
01-01 17:45:28.832 I/hagodaemon(  283): 20180101 174528.831607 [INFO] [DmcOmxDemuxerCmp.c:5568] [tid:725] componentOnStateChange: [OMX_StateIdle]->[OMX_StatePause]
01-01 17:45:28.836 I/hagodaemon(  283): 20180101 174528.832550 [INFO] [DmcAndroidAudioRendererCmp.c:1567] [tid:727] componentOnStateChange: [OMX_StateIdle]->[OMX_StatePause]
01-01 17:45:28.836 I/hagodaemon(  283): 20180101 174528.832713 [INFO] [WmSoundService.cpp:408] [tid:727] [SoundService] nChannels [2], nBitPerSample [32], nSamplingRate [192000]
01-01 17:45:28.836 I/hagodaemon(  283): 20180101 174528.832867 [INFO] [WmSoundService.cpp:427] [tid:727] [SoundService][Original] eEncoding [WMX_AUDIO_CodingFLAC]
01-01 17:45:28.836 I/hagodaemon(  283): 20180101 174528.833029 [INFO] [WmSoundService.cpp:439] [tid:727] [SoundService][Original] nChannels [2], nBitPerSample [24], nSamplingRate [192000]
01-01 17:45:28.836 I/hagodaemon(  283): 20180101 174528.833182 [INFO] [WmSoundService.cpp:442] [tid:727] [SoundService][Original] bVbr [0], nBitRate [0]
01-01 17:45:28.838 I/hagodaemon(  285): [I|  318|b6cfb000|SS  |SoundServiceAudioInfoLogs.cc:86] ----- AudioTrack[CreateTrack by PID[312]] -----
01-01 17:45:28.838 I/hagodaemon(  285): [I|  318|b6cfb000|SS  |SoundServiceAudioInfoLogs.cc:88] [Tracks]
01-01 17:45:28.838 I/hagodaemon(  285): [I|  318|b6cfb000|SS  |SoundServiceAudioInfoLogs.cc:89]   type: Music
01-01 17:45:28.838 I/hagodaemon(  285): [I|  318|b6cfb000|SS  |SoundServiceAudioInfoLogs.cc:113] [Codecs]
01-01 17:45:28.838 I/hagodaemon(  285): [I|  318|b6cfb000|SS  |SoundServiceAudioInfoLogs.cc:114]   codec: LPCM
01-01 17:45:28.838 I/hagodaemon(  285): [I|  318|b6cfb000|SS  |SoundServiceAudioInfoLogs.cc:120]   f_samp: 192000
01-01 17:45:28.838 I/hagodaemon(  285): [I|  318|b6cfb000|SS  |SoundServiceAudioInfoLogs.cc:125]   bits_per_samp: 32
01-01 17:45:28.838 I/hagodaemon(  285): [I|  318|b6cfb000|SS  |SoundServiceAudioInfoLogs.cc:128] [Channels]
01-01 17:45:28.838 I/hagodaemon(  285): [I|  318|b6cfb000|SS  |SoundServiceAudioInfoLogs.cc:129]   num_of_ch: 2
01-01 17:45:28.838 I/hagodaemon(  285): [I|  318|b6cfb000|SS  |SoundServiceAudioInfoLogs.cc:130]   ch_config: Stereo
01-01 17:45:28.838 I/hagodaemon(  285): [I|  318|b6cfb000|SS  |SoundServiceAudioInfoLogs.cc:141] [Buffers]
01-01 17:45:28.838 I/hagodaemon(  285): [I|  318|b6cfb000|SS  |SoundServiceAudioInfoLogs.cc:142]   type: Int
01-01 17:45:28.838 I/hagodaemon(  285): [I|  318|b6cfb000|SS  |SoundServiceAudioInfoLogs.cc:143]   bytes: 4
01-01 17:45:28.838 I/hagodaemon(  285): [I|  318|b6cfb000|SS  |SoundServiceAudioInfoLogs.cc:144]   mode: Interleaved
01-01 17:45:28.838 I/hagodaemon(  285): [I|  318|b6cfb000|SS  |SoundServiceAudioInfoLogs.cc:146] [PreAudioInfo]
01-01 17:45:28.838 I/hagodaemon(  285): [I|  318|b6cfb000|SS  |SoundServiceAudioInfoLogs.cc:148]   codec_type: 3
01-01 17:45:28.838 I/hagodaemon(  285): [I|  318|b6cfb000|SS  |SoundServiceAudioInfoLogs.cc:150]   bitrate_type: 3
01-01 17:45:28.838 I/hagodaemon(  285): [I|  318|b6cfb000|SS  |SoundServiceAudioInfoLogs.cc:151]   bitrate_value: 0
01-01 17:45:28.838 I/hagodaemon(  285): [I|  318|b6cfb000|SS  |SoundServiceAudioInfoLogs.cc:152]   f_samp: 192000
01-01 17:45:28.838 I/hagodaemon(  285): [I|  318|b6cfb000|SS  |SoundServiceAudioInfoLogs.cc:153]   bits_per_samp: 24
01-01 17:45:28.838 I/hagodaemon(  285): [I|  318|b6cfb000|SS  |SoundServiceAudioInfoLogs.cc:155]   ch_config: Invalid
01-01 17:45:28.838 I/hagodaemon(  285): [I|  318|b6cfb000|SS  |SoundServiceImpl.cc:298] Track[TK_MUSIC_PID_312_PKT_131072_QUE_5_5] has been created
01-01 17:45:28.840 I/hagodaemon(  283): 20180101 174528.839557 [INFO] [DmcOmxDemuxerCmp.c:5568] [tid:725] componentOnStateChange: [OMX_StatePause]->[OMX_StateExecuting]
01-01 17:45:28.943 I/hagodaemon(  283): 20180101 174528.942543 [INFO] [DmcAndroidAudioRendererCmp.c:1567] [tid:727] componentOnStateChange: [OMX_StatePause]->[OMX_StateExecuting]
01-01 17:45:28.945 I/hagodaemon(  285): [I|  318|b3edf460|SS  |SoundServiceImpl.cc:512] Track[TK_MUSIC_PID_312_PKT_131072_QUE_5_5] received CtrlPacket[track::play]
01-01 17:45:28.947 I/hagodaemon(  283): 20180101 174528.945132 [INFO] [WmSoundService.cpp:133] [tid:730] WriteWatcher started.
01-01 17:45:28.949 I/hagodaemon(  283): 20180101 174528.947683 [INFO] [DmcOmxDemuxerCmp.c:4693] [tid:725] audio buffer count = [233/234]
01-01 17:45:28.967 I/hagodaemon(  285): [I|  318|b3edf460|SS  |PreFilters.cc:515] PreFilters Configuration: DO_NOT_PROCESS
01-01 17:45:28.991 I/hagodaemon(  285): [I|  318|b3edf460|SS  |SoundServiceImpl.cc:1160] Track[TK_MUSIC_PID_312_PKT_131072_QUE_5_5] fades in packet
01-01 17:45:28.991 I/hagodaemon(  285): [D|  318|b3edf460|AHAL|AudioHalOutAdlerAlsa.cc:222] [hw:0,4]
01-01 17:45:28.992 I/hagodaemon(  285): [T|  318|b3edf460|AHAL|AudioHalAdlerAlsa.cc:335] !!! not opened
01-01 17:45:28.992 I/hagodaemon(  285): [I|  318|b3edf460|AHAL|AudioHalAdlerAlsa.cc:26] ----- AudioHalParam [master] -----
01-01 17:45:28.992 I/hagodaemon(  285): [I|  318|b3edf460|AHAL|AudioHalAdlerAlsa.cc:27] FSamp: [192000]
01-01 17:45:28.992 I/hagodaemon(  285): [I|  318|b3edf460|AHAL|AudioHalAdlerAlsa.cc:28] NumOfCh: [2]
01-01 17:45:28.992 I/hagodaemon(  285): [I|  318|b3edf460|AHAL|AudioHalAdlerAlsa.cc:29] ChConfig: [2]
01-01 17:45:28.992 I/hagodaemon(  285): [I|  318|b3edf460|AHAL|AudioHalAdlerAlsa.cc:30] BufferType: [1]
01-01 17:45:28.992 I/hagodaemon(  285): [I|  318|b3edf460|AHAL|AudioHalAdlerAlsa.cc:31] BytesOfIntBuffer: [4]
01-01 17:45:28.992 I/hagodaemon(  285): [I|  318|b3edf460|AHAL|AudioHalAdlerAlsa.cc:32] BufferMode: [1]
01-01 17:45:28.992 I/hagodaemon(  285): [I|  318|b3edf460|AHAL|AudioHalOutAdlerAlsa.cc:1504] fs = 192000 [Hz]
01-01 17:45:28.992 I/hagodaemon(  285): [I|  318|b3edf460|AHAL|AudioHalOutAdlerAlsa.cc:1505] channels = 2
01-01 17:45:28.992 I/hagodaemon(  285): [I|  318|b3edf460|AHAL|AudioHalOutAdlerAlsa.cc:1506] buffer time = 500000
01-01 17:45:28.992 I/hagodaemon(  285): [I|  318|b3edf460|AHAL|AudioHalOutAdlerAlsa.cc:1507] period time = 20000
01-01 17:45:28.992 I/hagodaemon(  285): [I|  318|b3edf460|AHAL|AudioHalOutAdlerAlsa.cc:1508] buffer frames = 0
01-01 17:45:28.992 I/hagodaemon(  285): [I|  318|b3edf460|AHAL|AudioHalOutAdlerAlsa.cc:1509] period frames = 0
01-01 17:45:29.043 I/hagodaemon(  285): [I|  318|b3edf460|AHAL|AudioHalOutAdlerAlsa.cc:1533] period size = 3840 [frames]
01-01 17:45:29.043 I/hagodaemon(  285): [I|  318|b3edf460|AHAL|AudioHalOutAdlerAlsa.cc:1534] buffer size = 96000 [frames]
01-01 17:45:29.043 I/hagodaemon(  285): [I|  318|b3edf460|AHAL|AudioHalOutAdlerAlsa.cc:1535] latency = 500000 [us]
01-01 17:45:29.043 I/hagodaemon(  285): [I|  318|b3edf460|AHAL|AudioHalOutAdlerAlsa.cc:1761] start_threshold = 96000
01-01 17:45:29.043 I/hagodaemon(  285): [I|  318|b3edf460|AHAL|AudioHalOutAdlerAlsa.cc:1762] stop_threshold = 96000
01-01 17:45:29.043 I/hagodaemon(  285): [I|  318|b3edf460|AHAL|AudioHalOutAdlerAlsa.cc:1763] avail_min = -1
01-01 17:45:29.043 I/hagodaemon(  285): [I|  318|b3edf460|AHAL|AudioHalOutAdlerAlsa.cc:1764] start_delay = 0
01-01 17:45:29.043 I/hagodaemon(  285): [I|  318|b3edf460|AHAL|AudioHalOutAdlerAlsa.cc:1765] stop_delay = 0
01-01 17:45:29.043 I/hagodaemon(  285): [I|  318|b3edf460|AHAL|AudioHalOutAdlerAlsa.cc:771] frames_to_bytes = 8
01-01 17:45:29.043 I/hagodaemon(  285): [I|  318|b3edf460|AHAL|AudioHalOutAdlerAlsa.cc:772] bytes_per_period = 30720
01-01 17:45:29.043 I/hagodaemon(  285): [T|  318|b3edf460|AHAL|AudioHalAdlerAlsa.cc:478] not opened
01-01 17:45:29.118 I/hagodaemon(  283): 20180101 174529.106366 [INFO] [DmcOmxDemuxerCmp.c:4693] [tid:725] audio buffer count = [233/234]

track plays
SLEEP FOR 500

01-01 17:47:04.199 I/hagodaemon(  283): 20180101 174704.197822 [INFO] [GapPlayChain.c:551] [tid:725] GAP_CMP_EVENT_END_OF_STREAM role = 0
01-01 17:47:04.202 I/hagodaemon(  283): 20180101 174704.199439 [INFO] [GapPlayerCmdHandlerPlay.c:533] [tid:418] Preparing next track.
01-01 17:47:04.202 I/hagodaemon(  283): [I|  312|b509b460|PLYRSRVC|PlayerServiceService.cc:765|operator()] Enter
01-01 17:47:04.202 I/hagodaemon(  283): [I|  312|b509b460|PLYRSRVC|PlayerServiceService.cc:765|operator()] Exit
01-01 17:47:09.394 I/hagodaemon(  283): 20180101 174709.393766 [INFO] [DmcAndroidAudioRendererCmp.c:1305] [tid:727] EOS received. nFilledLen = [0], nTimeStamp = [100885333]
01-01 17:47:09.394 I/hagodaemon(  283): 20180101 174709.394283 [INFO] [GapPlayChain.c:551] [tid:727] GAP_CMP_EVENT_END_OF_STREAM role = 2
01-01 17:47:09.396 I/hagodaemon(  283): [I|  312|b509b460|PLYRSRVC|PlayerServiceService.cc:767|operator()] Enter
01-01 17:47:09.398 I/hagodaemon(  283): [I|  312|b509b460|PLYRSRVC|PlayerServiceService.cc:767|operator()] Exit
01-01 17:47:09.400 I/hagodaemon(  283): 20180101 174709.398961 [INFO] [WmSoundService.cpp:818] [tid:727] IAudioTrack::SendEos()
01-01 17:47:09.456 I/hagodaemon(  283): 20180101 174709.455844 [INFO] [DmcOmxDemuxerCmp.c:5568] [tid:725] componentOnStateChange: [OMX_StateExecuting]->[OMX_StateIdle]
01-01 17:47:09.465 I/hagodaemon(  283): 20180101 174709.465376 [INFO] [DmcAndroidAudioRendererCmp.c:1567] [tid:727] componentOnStateChange: [OMX_StateExecuting]->[OMX_StateIdle]
01-01 17:47:09.594 I/hagodaemon(  285): [I|  318|b3edf460|SS  |SoundServiceImpl.cc:512] Track[TK_MUSIC_PID_312_PKT_131072_QUE_5_5] received CtrlPacket[track::drain]
01-01 17:47:09.612 I/hagodaemon(  283): 20180101 174709.611525 [INFO] [WmSoundService.cpp:167] [tid:727] WriteWatcher joined.
01-01 17:47:09.634 I/hagodaemon(  283): 20180101 174709.632080 [INFO] [DmcOmxDemuxerCmp.c:5568] [tid:725] componentOnStateChange: [OMX_StateIdle]->[OMX_StateLoaded]
01-01 17:47:09.654 I/hagodaemon(  285): [I|  318|b3edf460|SS  |SoundServiceImpl.cc:629] Track[TK_MUSIC_PID_312_PKT_131072_QUE_5_5] drains by silent audio Pkts[2] = [100]ms
01-01 17:47:09.659 I/hagodaemon(  283): 20180101 174709.658769 [INFO] [DmcAndroidAudioRendererCmp.c:1567] [tid:727] componentOnStateChange: [OMX_StateIdle]->[OMX_StateLoaded]
01-01 17:47:09.734 I/hagodaemon(  285): [D|  318|b3edf460|AHAL|AudioHalOutAdlerAlsa.cc:354] flushes proof_buffer [8192] bytes
01-01 17:47:09.734 I/hagodaemon(  285): [D|  318|b3edf460|AHAL|AudioHalOutAdlerAlsa.cc:918] format_set_silence: [30720] > [8192]
01-01 17:47:10.214 I/hagodaemon(  285): [D|  318|b3edf460|AHAL|AudioHalOutAdlerAlsa.cc:295] [hw:0,4]
01-01 17:47:10.218 I/hagodaemon(  285): [I|  318|b3edf460|SS  |SoundServiceImpl.cc:512] Track[TK_MUSIC_PID_312_PKT_131072_QUE_5_5] received CtrlPacket[track::stop]
01-01 17:47:10.218 I/hagodaemon(  285): [I|  318|b3edf460|SS  |SoundServiceImpl.cc:512] Track[TK_MUSIC_PID_312_PKT_131072_QUE_5_5] received CtrlPacket[track::destroy]
01-01 17:47:10.218 I/hagodaemon(  285): [I|  318|b3edf460|SS  |SoundServiceImpl.cc:545] Track[TK_MUSIC_PID_312_PKT_131072_QUE_5_5] is ready to destroy
01-01 17:47:10.218 I/hagodaemon(  285): [I|  318|b6739460|SS  |SoundServiceImpl.cc:348] Track[TK_MUSIC_PID_312_PKT_131072_QUE_5_5] has been destroyed
01-01 17:47:10.219 I/hagodaemon(  283): [I|  312|b509b460|PLYRSRVC|PlayerServiceService.cc:764|operator()] Enter
01-01 17:47:10.220 I/hagodaemon(  283): [I|  312|b509b460|PLYRSRVC|PlayerServiceService.cc:764|operator()] Exit
01-01 17:47:10.224 I/hagodaemon(  283): 20180101 174710.221789 [INFO] [GapChainFactory.c:452] [tid:418] demuxer cmp name = [OMX.SONY.DEMUX.MP3]
01-01 17:47:10.231 I/hagodaemon(  283): 20180101 174710.229955 [INFO] [DmcOmxDemuxerCmp.c:2487] [tid:737] content URI: /data/mnt/internal/MUSIC/01. Thunderstruck.mp3
01-01 17:47:10.253 I/hagodaemon(  283): 20180101 174710.251773 [INFO] [DmcOmxSoundEffectCmp.c:1037] [tid:738] inSamplingRate:  [44100]->[44100]
01-01 17:47:10.253 I/hagodaemon(  283): 20180101 174710.252208 [INFO] [DmcOmxSoundEffectCmp.c:1038] [tid:738] inChannels:      [2]->[2]
01-01 17:47:10.253 I/hagodaemon(  283): 20180101 174710.252514 [INFO] [DmcOmxSoundEffectCmp.c:1039] [tid:738] inBitsPerSample: [16]->[16]
01-01 17:47:10.262 I/hagodaemon(  283): 20180101 174710.261964 [INFO] [DmcOmxDemuxerCmp.c:5568] [tid:737] componentOnStateChange: [OMX_StateLoaded]->[OMX_StateIdle]
01-01 17:47:10.269 I/hagodaemon(  283): 20180101 174710.268962 [INFO] [DmcAndroidAudioRendererCmp.c:1567] [tid:740] componentOnStateChange: [OMX_StateLoaded]->[OMX_StateIdle]
01-01 17:47:10.270 I/hagodaemon(  283): 20180101 174710.270094 [INFO] [DmcOmxDemuxerCmp.c:5568] [tid:737] componentOnStateChange: [OMX_StateIdle]->[OMX_StatePause]
